<!doctype html public "-//w3c//dtd html 4.0 transitional//en">
<html><head>
<title>Static Call Graph - [.\Objects\prj.axf]</title></head>
<body><HR>
<H1>Static Call Graph for image .\Objects\prj.axf</H1><HR>
<BR><P>#&#060CALLGRAPH&#062# ARM Linker, 6160001: Last Updated: Mon Dec 26 09:29:54 2022
<BR><P>
<H3>Maximum Stack Usage =        272 bytes + Unknown(Functions without stacksize, Cycles, Untraceable Function Pointers)</H3><H3>
Call chain for Maximum Stack Depth:</H3>
USBD_Core_Thread &rArr; USBD_Core &rArr; USBD_Endpoint0 &rArr; USBD_Endpoint0_Setup_CDC_ReqToIF &rArr; USBD_DataInStage &rArr; USBD_DriverEndpointTransfer &rArr; USBD_DriverEndpointTransferAbort &rArr; USBD_SemaphoreRelease &rArr; osSemaphoreRelease &rArr; SemaphoreTokenIncrement
<P>
<H3>
Functions with no stack information
</H3><UL>
 <LI><a href="#[c3]">__user_initial_stackheap</a>
 <LI><a href="#[6]">SVC_Handler</a>
 <LI><a href="#[8]">PendSV_Handler</a>
 <LI><a href="#[9]">SysTick_Handler</a>
</UL>
</UL>
<P>
<H3>
Mutually Recursive functions
</H3> <LI><a href="#[1]">NMI_Handler</a>&nbsp;&nbsp;&nbsp;&rArr;&nbsp;&nbsp;&nbsp;<a href="#[1]">NMI_Handler</a><BR>
 <LI><a href="#[2]">HardFault_Handler</a>&nbsp;&nbsp;&nbsp;&rArr;&nbsp;&nbsp;&nbsp;<a href="#[2]">HardFault_Handler</a><BR>
 <LI><a href="#[3]">MemManage_Handler</a>&nbsp;&nbsp;&nbsp;&rArr;&nbsp;&nbsp;&nbsp;<a href="#[3]">MemManage_Handler</a><BR>
 <LI><a href="#[4]">BusFault_Handler</a>&nbsp;&nbsp;&nbsp;&rArr;&nbsp;&nbsp;&nbsp;<a href="#[4]">BusFault_Handler</a><BR>
 <LI><a href="#[5]">UsageFault_Handler</a>&nbsp;&nbsp;&nbsp;&rArr;&nbsp;&nbsp;&nbsp;<a href="#[5]">UsageFault_Handler</a><BR>
 <LI><a href="#[7]">DebugMon_Handler</a>&nbsp;&nbsp;&nbsp;&rArr;&nbsp;&nbsp;&nbsp;<a href="#[7]">DebugMon_Handler</a><BR>
 <LI><a href="#[1c]">ADC1_2_IRQHandler</a>&nbsp;&nbsp;&nbsp;&rArr;&nbsp;&nbsp;&nbsp;<a href="#[1c]">ADC1_2_IRQHandler</a><BR>
 <LI><a href="#[132]">osRtxErrorNotify</a>&nbsp;&nbsp;&nbsp;&rArr;&nbsp;&nbsp;&nbsp;<a href="#[132]">osRtxErrorNotify</a><BR>
 <LI><a href="#[47]">osRtxIdleThread</a>&nbsp;&nbsp;&nbsp;&rArr;&nbsp;&nbsp;&nbsp;<a href="#[47]">osRtxIdleThread</a><BR>
</UL>
<P>
<H3>
Function Pointers
</H3><UL>
 <LI><a href="#[1c]">ADC1_2_IRQHandler</a> from startup_stm32f10x_md.o(.text) referenced from startup_stm32f10x_md.o(RESET)
 <LI><a href="#[4]">BusFault_Handler</a> from startup_stm32f10x_md.o(.text) referenced from startup_stm32f10x_md.o(RESET)
 <LI><a href="#[1f]">CAN1_RX1_IRQHandler</a> from startup_stm32f10x_md.o(.text) referenced from startup_stm32f10x_md.o(RESET)
 <LI><a href="#[20]">CAN1_SCE_IRQHandler</a> from startup_stm32f10x_md.o(.text) referenced from startup_stm32f10x_md.o(RESET)
 <LI><a href="#[15]">DMA1_Channel1_IRQHandler</a> from dma_stm32f10x.o(.text.DMA1_Channel1_IRQHandler) referenced from startup_stm32f10x_md.o(RESET)
 <LI><a href="#[16]">DMA1_Channel2_IRQHandler</a> from dma_stm32f10x.o(.text.DMA1_Channel2_IRQHandler) referenced from startup_stm32f10x_md.o(RESET)
 <LI><a href="#[17]">DMA1_Channel3_IRQHandler</a> from dma_stm32f10x.o(.text.DMA1_Channel3_IRQHandler) referenced from startup_stm32f10x_md.o(RESET)
 <LI><a href="#[18]">DMA1_Channel4_IRQHandler</a> from dma_stm32f10x.o(.text.DMA1_Channel4_IRQHandler) referenced from startup_stm32f10x_md.o(RESET)
 <LI><a href="#[19]">DMA1_Channel5_IRQHandler</a> from dma_stm32f10x.o(.text.DMA1_Channel5_IRQHandler) referenced from startup_stm32f10x_md.o(RESET)
 <LI><a href="#[1a]">DMA1_Channel6_IRQHandler</a> from dma_stm32f10x.o(.text.DMA1_Channel6_IRQHandler) referenced from startup_stm32f10x_md.o(RESET)
 <LI><a href="#[1b]">DMA1_Channel7_IRQHandler</a> from dma_stm32f10x.o(.text.DMA1_Channel7_IRQHandler) referenced from startup_stm32f10x_md.o(RESET)
 <LI><a href="#[7]">DebugMon_Handler</a> from startup_stm32f10x_md.o(.text) referenced from startup_stm32f10x_md.o(RESET)
 <LI><a href="#[10]">EXTI0_IRQHandler</a> from startup_stm32f10x_md.o(.text) referenced from startup_stm32f10x_md.o(RESET)
 <LI><a href="#[32]">EXTI15_10_IRQHandler</a> from startup_stm32f10x_md.o(.text) referenced from startup_stm32f10x_md.o(RESET)
 <LI><a href="#[11]">EXTI1_IRQHandler</a> from startup_stm32f10x_md.o(.text) referenced from startup_stm32f10x_md.o(RESET)
 <LI><a href="#[12]">EXTI2_IRQHandler</a> from startup_stm32f10x_md.o(.text) referenced from startup_stm32f10x_md.o(RESET)
 <LI><a href="#[13]">EXTI3_IRQHandler</a> from startup_stm32f10x_md.o(.text) referenced from startup_stm32f10x_md.o(RESET)
 <LI><a href="#[14]">EXTI4_IRQHandler</a> from startup_stm32f10x_md.o(.text) referenced from startup_stm32f10x_md.o(RESET)
 <LI><a href="#[21]">EXTI9_5_IRQHandler</a> from startup_stm32f10x_md.o(.text) referenced from startup_stm32f10x_md.o(RESET)
 <LI><a href="#[e]">FLASH_IRQHandler</a> from startup_stm32f10x_md.o(.text) referenced from startup_stm32f10x_md.o(RESET)
 <LI><a href="#[2]">HardFault_Handler</a> from startup_stm32f10x_md.o(.text) referenced from startup_stm32f10x_md.o(RESET)
 <LI><a href="#[63]">I2C1_Control</a> from i2c_stm32f10x.o(.text.I2C1_Control) referenced from i2c_stm32f10x.o(.rodata.Driver_I2C1)
 <LI><a href="#[2a]">I2C1_ER_IRQHandler</a> from i2c_stm32f10x.o(.text.I2C1_ER_IRQHandler) referenced from startup_stm32f10x_md.o(RESET)
 <LI><a href="#[29]">I2C1_EV_IRQHandler</a> from i2c_stm32f10x.o(.text.I2C1_EV_IRQHandler) referenced from startup_stm32f10x_md.o(RESET)
 <LI><a href="#[62]">I2C1_GetDataCount</a> from i2c_stm32f10x.o(.text.I2C1_GetDataCount) referenced from i2c_stm32f10x.o(.rodata.Driver_I2C1)
 <LI><a href="#[64]">I2C1_GetStatus</a> from i2c_stm32f10x.o(.text.I2C1_GetStatus) referenced from i2c_stm32f10x.o(.rodata.Driver_I2C1)
 <LI><a href="#[5b]">I2C1_Initialize</a> from i2c_stm32f10x.o(.text.I2C1_Initialize) referenced from i2c_stm32f10x.o(.rodata.Driver_I2C1)
 <LI><a href="#[5f]">I2C1_MasterReceive</a> from i2c_stm32f10x.o(.text.I2C1_MasterReceive) referenced from i2c_stm32f10x.o(.rodata.Driver_I2C1)
 <LI><a href="#[5e]">I2C1_MasterTransmit</a> from i2c_stm32f10x.o(.text.I2C1_MasterTransmit) referenced from i2c_stm32f10x.o(.rodata.Driver_I2C1)
 <LI><a href="#[5d]">I2C1_PowerControl</a> from i2c_stm32f10x.o(.text.I2C1_PowerControl) referenced from i2c_stm32f10x.o(.rodata.Driver_I2C1)
 <LI><a href="#[61]">I2C1_SlaveReceive</a> from i2c_stm32f10x.o(.text.I2C1_SlaveReceive) referenced from i2c_stm32f10x.o(.rodata.Driver_I2C1)
 <LI><a href="#[60]">I2C1_SlaveTransmit</a> from i2c_stm32f10x.o(.text.I2C1_SlaveTransmit) referenced from i2c_stm32f10x.o(.rodata.Driver_I2C1)
 <LI><a href="#[5c]">I2C1_Uninitialize</a> from i2c_stm32f10x.o(.text.I2C1_Uninitialize) referenced from i2c_stm32f10x.o(.rodata.Driver_I2C1)
 <LI><a href="#[2c]">I2C2_ER_IRQHandler</a> from startup_stm32f10x_md.o(.text) referenced from startup_stm32f10x_md.o(RESET)
 <LI><a href="#[2b]">I2C2_EV_IRQHandler</a> from startup_stm32f10x_md.o(.text) referenced from startup_stm32f10x_md.o(RESET)
 <LI><a href="#[5a]">I2CX_GetCapabilities</a> from i2c_stm32f10x.o(.text.I2CX_GetCapabilities) referenced from i2c_stm32f10x.o(.rodata.Driver_I2C1)
 <LI><a href="#[59]">I2CX_GetVersion</a> from i2c_stm32f10x.o(.text.I2CX_GetVersion) referenced from i2c_stm32f10x.o(.rodata.Driver_I2C1)
 <LI><a href="#[3]">MemManage_Handler</a> from startup_stm32f10x_md.o(.text) referenced from startup_stm32f10x_md.o(RESET)
 <LI><a href="#[1]">NMI_Handler</a> from startup_stm32f10x_md.o(.text) referenced from startup_stm32f10x_md.o(RESET)
 <LI><a href="#[b]">PVD_IRQHandler</a> from startup_stm32f10x_md.o(.text) referenced from startup_stm32f10x_md.o(RESET)
 <LI><a href="#[8]">PendSV_Handler</a> from irq_armv7m.o(.text) referenced from startup_stm32f10x_md.o(RESET)
 <LI><a href="#[f]">RCC_IRQHandler</a> from startup_stm32f10x_md.o(.text) referenced from startup_stm32f10x_md.o(RESET)
 <LI><a href="#[33]">RTCAlarm_IRQHandler</a> from startup_stm32f10x_md.o(.text) referenced from startup_stm32f10x_md.o(RESET)
 <LI><a href="#[d]">RTC_IRQHandler</a> from startup_stm32f10x_md.o(.text) referenced from startup_stm32f10x_md.o(RESET)
 <LI><a href="#[0]">Reset_Handler</a> from startup_stm32f10x_md.o(.text) referenced from startup_stm32f10x_md.o(RESET)
 <LI><a href="#[2d]">SPI1_IRQHandler</a> from startup_stm32f10x_md.o(.text) referenced from startup_stm32f10x_md.o(RESET)
 <LI><a href="#[2e]">SPI2_IRQHandler</a> from startup_stm32f10x_md.o(.text) referenced from startup_stm32f10x_md.o(RESET)
 <LI><a href="#[6]">SVC_Handler</a> from irq_armv7m.o(.text) referenced from startup_stm32f10x_md.o(RESET)
 <LI><a href="#[9]">SysTick_Handler</a> from irq_armv7m.o(.text) referenced from rtx_kernel.o(.text.svcRtxKernelStart)
 <LI><a href="#[9]">SysTick_Handler</a> from irq_armv7m.o(.text) referenced from startup_stm32f10x_md.o(RESET)
 <LI><a href="#[35]">SystemInit</a> from system_stm32f10x.o(.text.SystemInit) referenced from startup_stm32f10x_md.o(.text)
 <LI><a href="#[c]">TAMPER_IRQHandler</a> from startup_stm32f10x_md.o(.text) referenced from startup_stm32f10x_md.o(RESET)
 <LI><a href="#[22]">TIM1_BRK_IRQHandler</a> from startup_stm32f10x_md.o(.text) referenced from startup_stm32f10x_md.o(RESET)
 <LI><a href="#[25]">TIM1_CC_IRQHandler</a> from startup_stm32f10x_md.o(.text) referenced from startup_stm32f10x_md.o(RESET)
 <LI><a href="#[24]">TIM1_TRG_COM_IRQHandler</a> from startup_stm32f10x_md.o(.text) referenced from startup_stm32f10x_md.o(RESET)
 <LI><a href="#[23]">TIM1_UP_IRQHandler</a> from startup_stm32f10x_md.o(.text) referenced from startup_stm32f10x_md.o(RESET)
 <LI><a href="#[26]">TIM2_IRQHandler</a> from startup_stm32f10x_md.o(.text) referenced from startup_stm32f10x_md.o(RESET)
 <LI><a href="#[27]">TIM3_IRQHandler</a> from startup_stm32f10x_md.o(.text) referenced from startup_stm32f10x_md.o(RESET)
 <LI><a href="#[28]">TIM4_IRQHandler</a> from startup_stm32f10x_md.o(.text) referenced from startup_stm32f10x_md.o(RESET)
 <LI><a href="#[2f]">USART1_IRQHandler</a> from startup_stm32f10x_md.o(.text) referenced from startup_stm32f10x_md.o(RESET)
 <LI><a href="#[30]">USART2_IRQHandler</a> from startup_stm32f10x_md.o(.text) referenced from startup_stm32f10x_md.o(RESET)
 <LI><a href="#[31]">USART3_IRQHandler</a> from startup_stm32f10x_md.o(.text) referenced from startup_stm32f10x_md.o(RESET)
 <LI><a href="#[a6]">USBD0_SignalDeviceEvent</a> from usbd_config_0.o(.text.USBD0_SignalDeviceEvent) referenced from usbd_config_0.o(.rodata.usbd_cb_device_event_ptr)
 <LI><a href="#[a7]">USBD0_SignalEndpointEvent</a> from usbd_config_0.o(.text.USBD0_SignalEndpointEvent) referenced from usbd_config_0.o(.rodata.usbd_cb_endpoint_event_ptr)
 <LI><a href="#[77]">USBD_CDC0_ACM_DataReceived</a> from usbd_user_cdc_acm_0.o(.text.USBD_CDC0_ACM_DataReceived) referenced from usbd_config_0.o(.rodata.fpUSBD_CDC_ACM_DataReceived)
 <LI><a href="#[78]">USBD_CDC0_ACM_DataSent</a> from usbd_user_cdc_acm_0.o(.text.USBD_CDC0_ACM_DataSent) referenced from usbd_config_0.o(.rodata.fpUSBD_CDC_ACM_DataSent)
 <LI><a href="#[79]">USBD_CDC0_ACM_GetEncapsulatedResponse</a> from usbd_user_cdc_acm_0.o(.text.USBD_CDC0_ACM_GetEncapsulatedResponse) referenced from usbd_config_0.o(.rodata.fpUSBD_CDC_ACM_GetEncapsulatedResponse)
 <LI><a href="#[7a]">USBD_CDC0_ACM_GetLineCoding</a> from usbd_user_cdc_acm_0.o(.text.USBD_CDC0_ACM_GetLineCoding) referenced from usbd_config_0.o(.rodata.fpUSBD_CDC_ACM_GetLineCoding)
 <LI><a href="#[7b]">USBD_CDC0_ACM_Initialize</a> from usbd_user_cdc_acm_0.o(.text.USBD_CDC0_ACM_Initialize) referenced from usbd_config_0.o(.rodata.fpUSBD_CDC_ACM_Initialize)
 <LI><a href="#[7c]">USBD_CDC0_ACM_Reset</a> from usbd_user_cdc_acm_0.o(.text.USBD_CDC0_ACM_Reset) referenced from usbd_config_0.o(.rodata.fpUSBD_CDC_ACM_Reset)
 <LI><a href="#[7d]">USBD_CDC0_ACM_SendEncapsulatedCommand</a> from usbd_user_cdc_acm_0.o(.text.USBD_CDC0_ACM_SendEncapsulatedCommand) referenced from usbd_config_0.o(.rodata.fpUSBD_CDC_ACM_SendEncapsulatedCommand)
 <LI><a href="#[7e]">USBD_CDC0_ACM_SetControlLineState</a> from usbd_user_cdc_acm_0.o(.text.USBD_CDC0_ACM_SetControlLineState) referenced from usbd_config_0.o(.rodata.fpUSBD_CDC_ACM_SetControlLineState)
 <LI><a href="#[7f]">USBD_CDC0_ACM_SetLineCoding</a> from usbd_user_cdc_acm_0.o(.text.USBD_CDC0_ACM_SetLineCoding) referenced from usbd_config_0.o(.rodata.fpUSBD_CDC_ACM_SetLineCoding)
 <LI><a href="#[80]">USBD_CDC0_ACM_Uninitialize</a> from usbd_user_cdc_acm_0.o(.text.USBD_CDC0_ACM_Uninitialize) referenced from usbd_config_0.o(.rodata.fpUSBD_CDC_ACM_Uninitialize)
 <LI><a href="#[81]">USBD_CDC0_NCM_GetCrcMode</a> from usbd_config_0.o(.text.USBD_CDC0_NCM_GetCrcMode) referenced from usbd_config_0.o(.rodata.fpUSBD_CDC_NCM_GetCrcMode)
 <LI><a href="#[82]">USBD_CDC0_NCM_GetEthernetPowerManagementPatternFilter</a> from usbd_config_0.o(.text.USBD_CDC0_NCM_GetEthernetPowerManagementPatternFilter) referenced from usbd_config_0.o(.rodata.fpUSBD_CDC_NCM_GetEthernetPowerManagementPatternFilter)
 <LI><a href="#[83]">USBD_CDC0_NCM_GetEthernetStatistic</a> from usbd_config_0.o(.text.USBD_CDC0_NCM_GetEthernetStatistic) referenced from usbd_config_0.o(.rodata.fpUSBD_CDC_NCM_GetEthernetStatistic)
 <LI><a href="#[84]">USBD_CDC0_NCM_GetMaxDatagramSize</a> from usbd_config_0.o(.text.USBD_CDC0_NCM_GetMaxDatagramSize) referenced from usbd_config_0.o(.rodata.fpUSBD_CDC_NCM_GetMaxDatagramSize)
 <LI><a href="#[85]">USBD_CDC0_NCM_GetNetAddress</a> from usbd_config_0.o(.text.USBD_CDC0_NCM_GetNetAddress) referenced from usbd_config_0.o(.rodata.fpUSBD_CDC_NCM_GetNetAddress)
 <LI><a href="#[86]">USBD_CDC0_NCM_GetNtbFormat</a> from usbd_config_0.o(.text.USBD_CDC0_NCM_GetNtbFormat) referenced from usbd_config_0.o(.rodata.fpUSBD_CDC_NCM_GetNtbFormat)
 <LI><a href="#[87]">USBD_CDC0_NCM_GetNtbInputSize</a> from usbd_config_0.o(.text.USBD_CDC0_NCM_GetNtbInputSize) referenced from usbd_config_0.o(.rodata.fpUSBD_CDC_NCM_GetNtbInputSize)
 <LI><a href="#[88]">USBD_CDC0_NCM_GetNtbParameters</a> from usbd_config_0.o(.text.USBD_CDC0_NCM_GetNtbParameters) referenced from usbd_config_0.o(.rodata.fpUSBD_CDC_NCM_GetNtbParameters)
 <LI><a href="#[89]">USBD_CDC0_NCM_Initialize</a> from usbd_config_0.o(.text.USBD_CDC0_NCM_Initialize) referenced from usbd_config_0.o(.rodata.fpUSBD_CDC_NCM_Initialize)
 <LI><a href="#[8a]">USBD_CDC0_NCM_NTB_IN_Sent</a> from usbd_config_0.o(.text.USBD_CDC0_NCM_NTB_IN_Sent) referenced from usbd_config_0.o(.rodata.fpUSBD_CDC_NCM_NTB_IN_Sent)
 <LI><a href="#[8b]">USBD_CDC0_NCM_NTB_OUT_Received</a> from usbd_config_0.o(.text.USBD_CDC0_NCM_NTB_OUT_Received) referenced from usbd_config_0.o(.rodata.fpUSBD_CDC_NCM_NTB_OUT_Received)
 <LI><a href="#[8c]">USBD_CDC0_NCM_Reset</a> from usbd_config_0.o(.text.USBD_CDC0_NCM_Reset) referenced from usbd_config_0.o(.rodata.fpUSBD_CDC_NCM_Reset)
 <LI><a href="#[8d]">USBD_CDC0_NCM_SetCrcMode</a> from usbd_config_0.o(.text.USBD_CDC0_NCM_SetCrcMode) referenced from usbd_config_0.o(.rodata.fpUSBD_CDC_NCM_SetCrcMode)
 <LI><a href="#[8e]">USBD_CDC0_NCM_SetEthernetMulticastFilters</a> from usbd_config_0.o(.text.USBD_CDC0_NCM_SetEthernetMulticastFilters) referenced from usbd_config_0.o(.rodata.fpUSBD_CDC_NCM_SetEthernetMulticastFilters)
 <LI><a href="#[8f]">USBD_CDC0_NCM_SetEthernetPacketFilter</a> from usbd_config_0.o(.text.USBD_CDC0_NCM_SetEthernetPacketFilter) referenced from usbd_config_0.o(.rodata.fpUSBD_CDC_NCM_SetEthernetPacketFilter)
 <LI><a href="#[90]">USBD_CDC0_NCM_SetEthernetPowerManagementPatternFilter</a> from usbd_config_0.o(.text.USBD_CDC0_NCM_SetEthernetPowerManagementPatternFilter) referenced from usbd_config_0.o(.rodata.fpUSBD_CDC_NCM_SetEthernetPowerManagementPatternFilter)
 <LI><a href="#[91]">USBD_CDC0_NCM_SetMaxDatagramSize</a> from usbd_config_0.o(.text.USBD_CDC0_NCM_SetMaxDatagramSize) referenced from usbd_config_0.o(.rodata.fpUSBD_CDC_NCM_SetMaxDatagramSize)
 <LI><a href="#[92]">USBD_CDC0_NCM_SetNetAddress</a> from usbd_config_0.o(.text.USBD_CDC0_NCM_SetNetAddress) referenced from usbd_config_0.o(.rodata.fpUSBD_CDC_NCM_SetNetAddress)
 <LI><a href="#[93]">USBD_CDC0_NCM_SetNtbFormat</a> from usbd_config_0.o(.text.USBD_CDC0_NCM_SetNtbFormat) referenced from usbd_config_0.o(.rodata.fpUSBD_CDC_NCM_SetNtbFormat)
 <LI><a href="#[94]">USBD_CDC0_NCM_SetNtbInputSize</a> from usbd_config_0.o(.text.USBD_CDC0_NCM_SetNtbInputSize) referenced from usbd_config_0.o(.rodata.fpUSBD_CDC_NCM_SetNtbInputSize)
 <LI><a href="#[95]">USBD_CDC0_NCM_Start</a> from usbd_config_0.o(.text.USBD_CDC0_NCM_Start) referenced from usbd_config_0.o(.rodata.fpUSBD_CDC_NCM_Start)
 <LI><a href="#[96]">USBD_CDC0_NCM_Stop</a> from usbd_config_0.o(.text.USBD_CDC0_NCM_Stop) referenced from usbd_config_0.o(.rodata.fpUSBD_CDC_NCM_Stop)
 <LI><a href="#[97]">USBD_CDC0_NCM_Uninitialize</a> from usbd_config_0.o(.text.USBD_CDC0_NCM_Uninitialize) referenced from usbd_config_0.o(.rodata.fpUSBD_CDC_NCM_Uninitialize)
 <LI><a href="#[38]">USBD_CDC_Bulk_Thread</a> from usbd_lib_cdc.o(i.USBD_CDC_Bulk_Thread) referenced 2 times from usbd_config_0.o(.text.USBD_ThreadCreate)
 <LI><a href="#[39]">USBD_CDC_Int_Thread</a> from usbd_lib_cdc.o(i.USBD_CDC_Int_Thread) referenced 2 times from usbd_config_0.o(.text.USBD_ThreadCreate)
 <LI><a href="#[37]">USBD_Core_Thread</a> from usbd_lib_core.o(i.USBD_Core_Thread) referenced 2 times from usbd_config_0.o(.text.USBD_ThreadCreate)
 <LI><a href="#[98]">USBD_Device0_ConfigurationChanged</a> from usbd_config_0.o(.text.USBD_Device0_ConfigurationChanged) referenced from usbd_config_0.o(.rodata.fpUSBD_Device_ConfigurationChanged)
 <LI><a href="#[99]">USBD_Device0_DisableRemoteWakeup</a> from usbd_config_0.o(.text.USBD_Device0_DisableRemoteWakeup) referenced from usbd_config_0.o(.rodata.fpUSBD_Device_DisableRemoteWakeup)
 <LI><a href="#[9a]">USBD_Device0_EnableRemoteWakeup</a> from usbd_config_0.o(.text.USBD_Device0_EnableRemoteWakeup) referenced from usbd_config_0.o(.rodata.fpUSBD_Device_EnableRemoteWakeup)
 <LI><a href="#[9b]">USBD_Device0_Endpoint0_InDataSent</a> from usbd_config_0.o(.text.USBD_Device0_Endpoint0_InDataSent) referenced from usbd_config_0.o(.rodata.fpUSBD_Device_Endpoint0_InDataSent)
 <LI><a href="#[9c]">USBD_Device0_Endpoint0_OutDataReceived</a> from usbd_config_0.o(.text.USBD_Device0_Endpoint0_OutDataReceived) referenced from usbd_config_0.o(.rodata.fpUSBD_Device_Endpoint0_OutDataReceived)
 <LI><a href="#[9d]">USBD_Device0_Endpoint0_SetupPacketProcessed</a> from usbd_config_0.o(.text.USBD_Device0_Endpoint0_SetupPacketProcessed) referenced from usbd_config_0.o(.rodata.fpUSBD_Device_Endpoint0_SetupPacketProcessed)
 <LI><a href="#[9e]">USBD_Device0_Endpoint0_SetupPacketReceived</a> from usbd_config_0.o(.text.USBD_Device0_Endpoint0_SetupPacketReceived) referenced from usbd_config_0.o(.rodata.fpUSBD_Device_Endpoint0_SetupPacketReceived)
 <LI><a href="#[9f]">USBD_Device0_HighSpeedActivated</a> from usbd_config_0.o(.text.USBD_Device0_HighSpeedActivated) referenced from usbd_config_0.o(.rodata.fpUSBD_Device_HighSpeedActivated)
 <LI><a href="#[a0]">USBD_Device0_Initialize</a> from usbd_config_0.o(.text.USBD_Device0_Initialize) referenced from usbd_config_0.o(.rodata.fpUSBD_Device_Initialize)
 <LI><a href="#[a1]">USBD_Device0_Reset</a> from usbd_config_0.o(.text.USBD_Device0_Reset) referenced from usbd_config_0.o(.rodata.fpUSBD_Device_Reset)
 <LI><a href="#[a2]">USBD_Device0_Resumed</a> from usbd_config_0.o(.text.USBD_Device0_Resumed) referenced from usbd_config_0.o(.rodata.fpUSBD_Device_Resumed)
 <LI><a href="#[a3]">USBD_Device0_Suspended</a> from usbd_config_0.o(.text.USBD_Device0_Suspended) referenced from usbd_config_0.o(.rodata.fpUSBD_Device_Suspended)
 <LI><a href="#[a4]">USBD_Device0_Uninitialize</a> from usbd_config_0.o(.text.USBD_Device0_Uninitialize) referenced from usbd_config_0.o(.rodata.fpUSBD_Device_Uninitialize)
 <LI><a href="#[a5]">USBD_Device0_VbusChanged</a> from usbd_config_0.o(.text.USBD_Device0_VbusChanged) referenced from usbd_config_0.o(.rodata.fpUSBD_Device_VbusChanged)
 <LI><a href="#[6a]">USBD_DeviceConnect</a> from usbd_stm32f10x.o(.text.USBD_DeviceConnect) referenced from usbd_stm32f10x.o(.rodata.Driver_USBD0)
 <LI><a href="#[6b]">USBD_DeviceDisconnect</a> from usbd_stm32f10x.o(.text.USBD_DeviceDisconnect) referenced from usbd_stm32f10x.o(.rodata.Driver_USBD0)
 <LI><a href="#[6c]">USBD_DeviceGetState</a> from usbd_stm32f10x.o(.text.USBD_DeviceGetState) referenced from usbd_stm32f10x.o(.rodata.Driver_USBD0)
 <LI><a href="#[6d]">USBD_DeviceRemoteWakeup</a> from usbd_stm32f10x.o(.text.USBD_DeviceRemoteWakeup) referenced from usbd_stm32f10x.o(.rodata.Driver_USBD0)
 <LI><a href="#[6e]">USBD_DeviceSetAddress</a> from usbd_stm32f10x.o(.text.USBD_DeviceSetAddress) referenced from usbd_stm32f10x.o(.rodata.Driver_USBD0)
 <LI><a href="#[70]">USBD_EndpointConfigure</a> from usbd_stm32f10x.o(.text.USBD_EndpointConfigure) referenced from usbd_stm32f10x.o(.rodata.Driver_USBD0)
 <LI><a href="#[72]">USBD_EndpointStall</a> from usbd_stm32f10x.o(.text.USBD_EndpointStall) referenced from usbd_stm32f10x.o(.rodata.Driver_USBD0)
 <LI><a href="#[73]">USBD_EndpointTransfer</a> from usbd_stm32f10x.o(.text.USBD_EndpointTransfer) referenced from usbd_stm32f10x.o(.rodata.Driver_USBD0)
 <LI><a href="#[75]">USBD_EndpointTransferAbort</a> from usbd_stm32f10x.o(.text.USBD_EndpointTransferAbort) referenced from usbd_stm32f10x.o(.rodata.Driver_USBD0)
 <LI><a href="#[74]">USBD_EndpointTransferGetResult</a> from usbd_stm32f10x.o(.text.USBD_EndpointTransferGetResult) referenced from usbd_stm32f10x.o(.rodata.Driver_USBD0)
 <LI><a href="#[71]">USBD_EndpointUnconfigure</a> from usbd_stm32f10x.o(.text.USBD_EndpointUnconfigure) referenced from usbd_stm32f10x.o(.rodata.Driver_USBD0)
 <LI><a href="#[66]">USBD_GetCapabilities</a> from usbd_stm32f10x.o(.text.USBD_GetCapabilities) referenced from usbd_stm32f10x.o(.rodata.Driver_USBD0)
 <LI><a href="#[76]">USBD_GetFrameNumber</a> from usbd_stm32f10x.o(.text.USBD_GetFrameNumber) referenced from usbd_stm32f10x.o(.rodata.Driver_USBD0)
 <LI><a href="#[65]">USBD_GetVersion</a> from usbd_stm32f10x.o(.text.USBD_GetVersion) referenced from usbd_stm32f10x.o(.rodata.Driver_USBD0)
 <LI><a href="#[67]">USBD_Initialize</a> from usbd_stm32f10x.o(.text.USBD_Initialize) referenced from usbd_stm32f10x.o(.rodata.Driver_USBD0)
 <LI><a href="#[69]">USBD_PowerControl</a> from usbd_stm32f10x.o(.text.USBD_PowerControl) referenced from usbd_stm32f10x.o(.rodata.Driver_USBD0)
 <LI><a href="#[6f]">USBD_ReadSetupPacket</a> from usbd_stm32f10x.o(.text.USBD_ReadSetupPacket) referenced from usbd_stm32f10x.o(.rodata.Driver_USBD0)
 <LI><a href="#[68]">USBD_Uninitialize</a> from usbd_stm32f10x.o(.text.USBD_Uninitialize) referenced from usbd_stm32f10x.o(.rodata.Driver_USBD0)
 <LI><a href="#[34]">USBWakeUp_IRQHandler</a> from startup_stm32f10x_md.o(.text) referenced from startup_stm32f10x_md.o(RESET)
 <LI><a href="#[1d]">USB_HP_CAN1_TX_IRQHandler</a> from startup_stm32f10x_md.o(.text) referenced from startup_stm32f10x_md.o(RESET)
 <LI><a href="#[1e]">USB_LP_CAN1_RX0_IRQHandler</a> from usbd_stm32f10x.o(.text.USB_LP_CAN1_RX0_IRQHandler) referenced from startup_stm32f10x_md.o(RESET)
 <LI><a href="#[5]">UsageFault_Handler</a> from startup_stm32f10x_md.o(.text) referenced from startup_stm32f10x_md.o(RESET)
 <LI><a href="#[a]">WWDG_IRQHandler</a> from startup_stm32f10x_md.o(.text) referenced from startup_stm32f10x_md.o(RESET)
 <LI><a href="#[36]">__main</a> from __main.o(!!!main) referenced from startup_stm32f10x_md.o(.text)
 <LI><a href="#[3b]">app</a> from main.o(.text.app) referenced 2 times from main.o(.text.main)
 <LI><a href="#[3a]">led</a> from main.o(.text.led) referenced 2 times from main.o(.text.main)
 <LI><a href="#[47]">osRtxIdleThread</a> from rtx_config.o(.text.osRtxIdleThread) referenced from rtx_thread.o(.text.osRtxThreadStartup)
 <LI><a href="#[52]">osRtxMemoryInit</a> from rtx_memory.o(.text.osRtxMemoryInit) referenced from rtx_kernel.o(.text.svcRtxKernelInitialize)
 <LI><a href="#[53]">osRtxMessageQueuePostProcess</a> from rtx_msgqueue.o(.text.osRtxMessageQueuePostProcess) referenced from rtx_msgqueue.o(.text.svcRtxMessageQueueNew)
 <LI><a href="#[54]">osRtxSemaphorePostProcess</a> from rtx_semaphore.o(.text.osRtxSemaphorePostProcess) referenced from rtx_semaphore.o(.text.svcRtxSemaphoreNew)
 <LI><a href="#[56]">osRtxThreadPostProcess</a> from rtx_thread.o(.text.osRtxThreadPostProcess) referenced from rtx_thread.o(.text.svcRtxThreadNew)
 <LI><a href="#[58]">osRtxTimerSetup</a> from rtx_timer.o(.text.osRtxTimerSetup) referenced from rtx_lib.o(.rodata)
 <LI><a href="#[57]">osRtxTimerThread</a> from rtx_timer.o(.text.osRtxTimerThread) referenced from rtx_lib.o(.rodata)
 <LI><a href="#[48]">osRtxTimerTick</a> from rtx_timer.o(.text.osRtxTimerTick) referenced from rtx_timer.o(.text.osRtxTimerSetup)
 <LI><a href="#[55]">osThreadExit</a> from rtx_thread.o(.text.osThreadExit) referenced from rtx_thread.o(.text.svcRtxThreadNew)
 <LI><a href="#[3c]">svcRtxDelay</a> from rtx_delay.o(.text.svcRtxDelay) referenced from rtx_delay.o(.text.osDelay)
 <LI><a href="#[3d]">svcRtxKernelGetState</a> from rtx_kernel.o(.text.svcRtxKernelGetState) referenced from rtx_kernel.o(.text.osKernelGetState)
 <LI><a href="#[3e]">svcRtxKernelGetTickFreq</a> from rtx_kernel.o(.text.svcRtxKernelGetTickFreq) referenced from rtx_kernel.o(.text.osKernelGetTickFreq)
 <LI><a href="#[3f]">svcRtxKernelInitialize</a> from rtx_kernel.o(.text.svcRtxKernelInitialize) referenced from rtx_kernel.o(.text.osKernelInitialize)
 <LI><a href="#[40]">svcRtxKernelStart</a> from rtx_kernel.o(.text.svcRtxKernelStart) referenced from rtx_kernel.o(.text.osKernelStart)
 <LI><a href="#[41]">svcRtxMessageQueueGet</a> from rtx_msgqueue.o(.text.svcRtxMessageQueueGet) referenced from rtx_msgqueue.o(.text.osMessageQueueGet)
 <LI><a href="#[42]">svcRtxMessageQueuePut</a> from rtx_msgqueue.o(.text.svcRtxMessageQueuePut) referenced from rtx_msgqueue.o(.text.osMessageQueuePut)
 <LI><a href="#[43]">svcRtxMutexAcquire</a> from rtx_mutex.o(.text.svcRtxMutexAcquire) referenced from rtx_mutex.o(.text.osMutexAcquire)
 <LI><a href="#[44]">svcRtxMutexDelete</a> from rtx_mutex.o(.text.svcRtxMutexDelete) referenced from rtx_mutex.o(.text.osMutexDelete)
 <LI><a href="#[45]">svcRtxMutexNew</a> from rtx_mutex.o(.text.svcRtxMutexNew) referenced from rtx_mutex.o(.text.osMutexNew)
 <LI><a href="#[46]">svcRtxMutexRelease</a> from rtx_mutex.o(.text.svcRtxMutexRelease) referenced from rtx_mutex.o(.text.osMutexRelease)
 <LI><a href="#[49]">svcRtxSemaphoreAcquire</a> from rtx_semaphore.o(.text.svcRtxSemaphoreAcquire) referenced from rtx_semaphore.o(.text.osSemaphoreAcquire)
 <LI><a href="#[4a]">svcRtxSemaphoreDelete</a> from rtx_semaphore.o(.text.svcRtxSemaphoreDelete) referenced from rtx_semaphore.o(.text.osSemaphoreDelete)
 <LI><a href="#[4b]">svcRtxSemaphoreNew</a> from rtx_semaphore.o(.text.svcRtxSemaphoreNew) referenced from rtx_semaphore.o(.text.osSemaphoreNew)
 <LI><a href="#[4c]">svcRtxSemaphoreRelease</a> from rtx_semaphore.o(.text.svcRtxSemaphoreRelease) referenced from rtx_semaphore.o(.text.osSemaphoreRelease)
 <LI><a href="#[4d]">svcRtxThreadExit</a> from rtx_thread.o(.text.svcRtxThreadExit) referenced from rtx_thread.o(.text.osThreadExit)
 <LI><a href="#[4e]">svcRtxThreadFlagsSet</a> from rtx_thread.o(.text.svcRtxThreadFlagsSet) referenced from rtx_thread.o(.text.osThreadFlagsSet)
 <LI><a href="#[4f]">svcRtxThreadFlagsWait</a> from rtx_thread.o(.text.svcRtxThreadFlagsWait) referenced from rtx_thread.o(.text.osThreadFlagsWait)
 <LI><a href="#[50]">svcRtxThreadNew</a> from rtx_thread.o(.text.svcRtxThreadNew) referenced from rtx_thread.o(.text.osThreadNew)
 <LI><a href="#[51]">svcRtxThreadTerminate</a> from rtx_thread.o(.text.svcRtxThreadTerminate) referenced from rtx_thread.o(.text.osThreadTerminate)
</UL>
<P>
<H3>
Global Symbols
</H3>
<P><STRONG><a name="[36]"></a>__main</STRONG> (Thumb, 8 bytes, Stack size 0 bytes, __main.o(!!!main))
<BR><BR>[Calls]<UL><LI><a href="#[ac]">&gt;&gt;</a>&nbsp;&nbsp;&nbsp;__scatterload
<LI><a href="#[ad]">&gt;&gt;</a>&nbsp;&nbsp;&nbsp;__rt_entry
</UL>
<BR>[Address Reference Count : 1]<UL><LI> startup_stm32f10x_md.o(.text)
</UL>
<P><STRONG><a name="[ac]"></a>__scatterload</STRONG> (Thumb, 0 bytes, Stack size unknown bytes, __scatter.o(!!!scatter))
<BR><BR>[Called By]<UL><LI><a href="#[36]">&gt;&gt;</a>&nbsp;&nbsp;&nbsp;__main
</UL>

<P><STRONG><a name="[ae]"></a>__scatterload_rt2</STRONG> (Thumb, 44 bytes, Stack size unknown bytes, __scatter.o(!!!scatter), UNUSED)
<BR><BR>[Calls]<UL><LI><a href="#[ad]">&gt;&gt;</a>&nbsp;&nbsp;&nbsp;__rt_entry
</UL>

<P><STRONG><a name="[1a5]"></a>__scatterload_rt2_thumb_only</STRONG> (Thumb, 0 bytes, Stack size unknown bytes, __scatter.o(!!!scatter), UNUSED)

<P><STRONG><a name="[1a6]"></a>__scatterload_null</STRONG> (Thumb, 0 bytes, Stack size unknown bytes, __scatter.o(!!!scatter), UNUSED)

<P><STRONG><a name="[1a7]"></a>__decompress</STRONG> (Thumb, 58 bytes, Stack size unknown bytes, __dczerorl.o(!!dczerorl), UNUSED)

<P><STRONG><a name="[1a8]"></a>__decompress0</STRONG> (Thumb, 0 bytes, Stack size unknown bytes, __dczerorl.o(!!dczerorl), UNUSED)

<P><STRONG><a name="[1a9]"></a>__scatterload_zeroinit</STRONG> (Thumb, 28 bytes, Stack size unknown bytes, __scatter_zi.o(!!handler_zi), UNUSED)

<P><STRONG><a name="[b4]"></a>__rt_lib_init</STRONG> (Thumb, 0 bytes, Stack size unknown bytes, libinit.o(.ARM.Collect$$libinit$$00000000))
<BR><BR>[Called By]<UL><LI><a href="#[b3]">&gt;&gt;</a>&nbsp;&nbsp;&nbsp;__rt_entry_li
</UL>

<P><STRONG><a name="[1aa]"></a>__rt_lib_init_alloca_1</STRONG> (Thumb, 0 bytes, Stack size unknown bytes, libinit2.o(.ARM.Collect$$libinit$$0000002E))

<P><STRONG><a name="[1ab]"></a>__rt_lib_init_argv_1</STRONG> (Thumb, 0 bytes, Stack size unknown bytes, libinit2.o(.ARM.Collect$$libinit$$0000002C))

<P><STRONG><a name="[1ac]"></a>__rt_lib_init_atexit_1</STRONG> (Thumb, 0 bytes, Stack size unknown bytes, libinit2.o(.ARM.Collect$$libinit$$0000001B))

<P><STRONG><a name="[1ad]"></a>__rt_lib_init_clock_1</STRONG> (Thumb, 0 bytes, Stack size unknown bytes, libinit2.o(.ARM.Collect$$libinit$$00000021))

<P><STRONG><a name="[1ae]"></a>__rt_lib_init_cpp_1</STRONG> (Thumb, 0 bytes, Stack size unknown bytes, libinit2.o(.ARM.Collect$$libinit$$00000032))

<P><STRONG><a name="[1af]"></a>__rt_lib_init_exceptions_1</STRONG> (Thumb, 0 bytes, Stack size unknown bytes, libinit2.o(.ARM.Collect$$libinit$$00000030))

<P><STRONG><a name="[1b0]"></a>__rt_lib_init_fp_1</STRONG> (Thumb, 0 bytes, Stack size unknown bytes, libinit2.o(.ARM.Collect$$libinit$$00000002))

<P><STRONG><a name="[1b1]"></a>__rt_lib_init_fp_trap_1</STRONG> (Thumb, 0 bytes, Stack size unknown bytes, libinit2.o(.ARM.Collect$$libinit$$0000001F))

<P><STRONG><a name="[1b2]"></a>__rt_lib_init_getenv_1</STRONG> (Thumb, 0 bytes, Stack size unknown bytes, libinit2.o(.ARM.Collect$$libinit$$00000023))

<P><STRONG><a name="[1b3]"></a>__rt_lib_init_heap_1</STRONG> (Thumb, 0 bytes, Stack size unknown bytes, libinit2.o(.ARM.Collect$$libinit$$0000000A))

<P><STRONG><a name="[1b4]"></a>__rt_lib_init_lc_collate_1</STRONG> (Thumb, 0 bytes, Stack size unknown bytes, libinit2.o(.ARM.Collect$$libinit$$00000011))

<P><STRONG><a name="[1b5]"></a>__rt_lib_init_lc_ctype_1</STRONG> (Thumb, 0 bytes, Stack size unknown bytes, libinit2.o(.ARM.Collect$$libinit$$00000013))

<P><STRONG><a name="[1b6]"></a>__rt_lib_init_lc_monetary_1</STRONG> (Thumb, 0 bytes, Stack size unknown bytes, libinit2.o(.ARM.Collect$$libinit$$00000015))

<P><STRONG><a name="[1b7]"></a>__rt_lib_init_lc_numeric_1</STRONG> (Thumb, 0 bytes, Stack size unknown bytes, libinit2.o(.ARM.Collect$$libinit$$00000017))

<P><STRONG><a name="[1b8]"></a>__rt_lib_init_lc_time_1</STRONG> (Thumb, 0 bytes, Stack size unknown bytes, libinit2.o(.ARM.Collect$$libinit$$00000019))

<P><STRONG><a name="[1b9]"></a>__rt_lib_init_preinit_1</STRONG> (Thumb, 0 bytes, Stack size unknown bytes, libinit2.o(.ARM.Collect$$libinit$$00000004))

<P><STRONG><a name="[1ba]"></a>__rt_lib_init_rand_1</STRONG> (Thumb, 0 bytes, Stack size unknown bytes, libinit2.o(.ARM.Collect$$libinit$$0000000E))

<P><STRONG><a name="[1bb]"></a>__rt_lib_init_return</STRONG> (Thumb, 0 bytes, Stack size unknown bytes, libinit2.o(.ARM.Collect$$libinit$$00000033))

<P><STRONG><a name="[1bc]"></a>__rt_lib_init_signal_1</STRONG> (Thumb, 0 bytes, Stack size unknown bytes, libinit2.o(.ARM.Collect$$libinit$$0000001D))

<P><STRONG><a name="[1bd]"></a>__rt_lib_init_stdio_1</STRONG> (Thumb, 0 bytes, Stack size unknown bytes, libinit2.o(.ARM.Collect$$libinit$$00000025))

<P><STRONG><a name="[1be]"></a>__rt_lib_init_user_alloc_1</STRONG> (Thumb, 0 bytes, Stack size unknown bytes, libinit2.o(.ARM.Collect$$libinit$$0000000C))

<P><STRONG><a name="[b9]"></a>__rt_lib_shutdown</STRONG> (Thumb, 0 bytes, Stack size unknown bytes, libshutdown.o(.ARM.Collect$$libshutdown$$00000000))
<BR><BR>[Called By]<UL><LI><a href="#[b8]">&gt;&gt;</a>&nbsp;&nbsp;&nbsp;__rt_exit_ls
</UL>

<P><STRONG><a name="[1bf]"></a>__rt_lib_shutdown_cpp_1</STRONG> (Thumb, 0 bytes, Stack size unknown bytes, libshutdown2.o(.ARM.Collect$$libshutdown$$00000002))

<P><STRONG><a name="[1c0]"></a>__rt_lib_shutdown_fp_trap_1</STRONG> (Thumb, 0 bytes, Stack size unknown bytes, libshutdown2.o(.ARM.Collect$$libshutdown$$00000007))

<P><STRONG><a name="[1c1]"></a>__rt_lib_shutdown_heap_1</STRONG> (Thumb, 0 bytes, Stack size unknown bytes, libshutdown2.o(.ARM.Collect$$libshutdown$$0000000F))

<P><STRONG><a name="[1c2]"></a>__rt_lib_shutdown_return</STRONG> (Thumb, 0 bytes, Stack size unknown bytes, libshutdown2.o(.ARM.Collect$$libshutdown$$00000010))

<P><STRONG><a name="[1c3]"></a>__rt_lib_shutdown_signal_1</STRONG> (Thumb, 0 bytes, Stack size unknown bytes, libshutdown2.o(.ARM.Collect$$libshutdown$$0000000A))

<P><STRONG><a name="[1c4]"></a>__rt_lib_shutdown_stdio_1</STRONG> (Thumb, 0 bytes, Stack size unknown bytes, libshutdown2.o(.ARM.Collect$$libshutdown$$00000004))

<P><STRONG><a name="[1c5]"></a>__rt_lib_shutdown_user_alloc_1</STRONG> (Thumb, 0 bytes, Stack size unknown bytes, libshutdown2.o(.ARM.Collect$$libshutdown$$0000000C))

<P><STRONG><a name="[ad]"></a>__rt_entry</STRONG> (Thumb, 0 bytes, Stack size unknown bytes, __rtentry.o(.ARM.Collect$$rtentry$$00000000))
<BR><BR>[Called By]<UL><LI><a href="#[ae]">&gt;&gt;</a>&nbsp;&nbsp;&nbsp;__scatterload_rt2
<LI><a href="#[36]">&gt;&gt;</a>&nbsp;&nbsp;&nbsp;__main
</UL>

<P><STRONG><a name="[1c6]"></a>__rt_entry_presh_1</STRONG> (Thumb, 0 bytes, Stack size unknown bytes, __rtentry2.o(.ARM.Collect$$rtentry$$00000002))

<P><STRONG><a name="[af]"></a>__rt_entry_sh</STRONG> (Thumb, 0 bytes, Stack size unknown bytes, __rtentry4.o(.ARM.Collect$$rtentry$$00000004))
<BR><BR>[Stack]<UL><LI>Max Depth = 8 + Unknown Stack Size
<LI>Call Chain = __rt_entry_sh &rArr; __user_setup_stackheap
</UL>
<BR>[Calls]<UL><LI><a href="#[b0]">&gt;&gt;</a>&nbsp;&nbsp;&nbsp;__user_setup_stackheap
</UL>

<P><STRONG><a name="[b1]"></a>__rt_entry_postsh_1</STRONG> (Thumb, 0 bytes, Stack size unknown bytes, __rtentry2.o(.ARM.Collect$$rtentry$$00000008))
<BR><BR>[Stack]<UL><LI>Max Depth = 16 + Unknown Stack Size
<LI>Call Chain = __rt_entry_postsh_1 &rArr; _platform_post_stackheap_init &rArr; osKernelInitialize
</UL>
<BR>[Calls]<UL><LI><a href="#[b2]">&gt;&gt;</a>&nbsp;&nbsp;&nbsp;_platform_post_stackheap_init
</UL>

<P><STRONG><a name="[b3]"></a>__rt_entry_li</STRONG> (Thumb, 0 bytes, Stack size unknown bytes, __rtentry2.o(.ARM.Collect$$rtentry$$0000000A))
<BR><BR>[Calls]<UL><LI><a href="#[b4]">&gt;&gt;</a>&nbsp;&nbsp;&nbsp;__rt_lib_init
</UL>

<P><STRONG><a name="[b5]"></a>__rt_entry_main</STRONG> (Thumb, 0 bytes, Stack size unknown bytes, __rtentry2.o(.ARM.Collect$$rtentry$$0000000D))
<BR><BR>[Stack]<UL><LI>Max Depth = 16 + Unknown Stack Size
<LI>Call Chain = __rt_entry_main &rArr; main &rArr; osKernelInitialize
</UL>
<BR>[Calls]<UL><LI><a href="#[b6]">&gt;&gt;</a>&nbsp;&nbsp;&nbsp;main
<LI><a href="#[b7]">&gt;&gt;</a>&nbsp;&nbsp;&nbsp;exit
</UL>

<P><STRONG><a name="[1c7]"></a>__rt_entry_postli_1</STRONG> (Thumb, 0 bytes, Stack size unknown bytes, __rtentry2.o(.ARM.Collect$$rtentry$$0000000C))

<P><STRONG><a name="[c4]"></a>__rt_exit</STRONG> (Thumb, 0 bytes, Stack size unknown bytes, rtexit.o(.ARM.Collect$$rtexit$$00000000))
<BR><BR>[Called By]<UL><LI><a href="#[b7]">&gt;&gt;</a>&nbsp;&nbsp;&nbsp;exit
</UL>

<P><STRONG><a name="[b8]"></a>__rt_exit_ls</STRONG> (Thumb, 0 bytes, Stack size unknown bytes, rtexit2.o(.ARM.Collect$$rtexit$$00000003))
<BR><BR>[Calls]<UL><LI><a href="#[b9]">&gt;&gt;</a>&nbsp;&nbsp;&nbsp;__rt_lib_shutdown
</UL>

<P><STRONG><a name="[1c8]"></a>__rt_exit_prels_1</STRONG> (Thumb, 0 bytes, Stack size unknown bytes, rtexit2.o(.ARM.Collect$$rtexit$$00000002))

<P><STRONG><a name="[ba]"></a>__rt_exit_exit</STRONG> (Thumb, 0 bytes, Stack size unknown bytes, rtexit2.o(.ARM.Collect$$rtexit$$00000004))
<BR><BR>[Calls]<UL><LI><a href="#[bb]">&gt;&gt;</a>&nbsp;&nbsp;&nbsp;_sys_exit
</UL>

<P><STRONG><a name="[0]"></a>Reset_Handler</STRONG> (Thumb, 8 bytes, Stack size 0 bytes, startup_stm32f10x_md.o(.text))
<BR>[Address Reference Count : 1]<UL><LI> startup_stm32f10x_md.o(RESET)
</UL>
<P><STRONG><a name="[1]"></a>NMI_Handler</STRONG> (Thumb, 2 bytes, Stack size 0 bytes, startup_stm32f10x_md.o(.text))
<BR><BR>[Calls]<UL><LI><a href="#[1]">&gt;&gt;</a>&nbsp;&nbsp;&nbsp;NMI_Handler
</UL>
<BR>[Called By]<UL><LI><a href="#[1]">&gt;&gt;</a>&nbsp;&nbsp;&nbsp;NMI_Handler
</UL>
<BR>[Address Reference Count : 1]<UL><LI> startup_stm32f10x_md.o(RESET)
</UL>
<P><STRONG><a name="[2]"></a>HardFault_Handler</STRONG> (Thumb, 2 bytes, Stack size 0 bytes, startup_stm32f10x_md.o(.text))
<BR><BR>[Calls]<UL><LI><a href="#[2]">&gt;&gt;</a>&nbsp;&nbsp;&nbsp;HardFault_Handler
</UL>
<BR>[Called By]<UL><LI><a href="#[2]">&gt;&gt;</a>&nbsp;&nbsp;&nbsp;HardFault_Handler
</UL>
<BR>[Address Reference Count : 1]<UL><LI> startup_stm32f10x_md.o(RESET)
</UL>
<P><STRONG><a name="[3]"></a>MemManage_Handler</STRONG> (Thumb, 2 bytes, Stack size 0 bytes, startup_stm32f10x_md.o(.text))
<BR><BR>[Calls]<UL><LI><a href="#[3]">&gt;&gt;</a>&nbsp;&nbsp;&nbsp;MemManage_Handler
</UL>
<BR>[Called By]<UL><LI><a href="#[3]">&gt;&gt;</a>&nbsp;&nbsp;&nbsp;MemManage_Handler
</UL>
<BR>[Address Reference Count : 1]<UL><LI> startup_stm32f10x_md.o(RESET)
</UL>
<P><STRONG><a name="[4]"></a>BusFault_Handler</STRONG> (Thumb, 2 bytes, Stack size 0 bytes, startup_stm32f10x_md.o(.text))
<BR><BR>[Calls]<UL><LI><a href="#[4]">&gt;&gt;</a>&nbsp;&nbsp;&nbsp;BusFault_Handler
</UL>
<BR>[Called By]<UL><LI><a href="#[4]">&gt;&gt;</a>&nbsp;&nbsp;&nbsp;BusFault_Handler
</UL>
<BR>[Address Reference Count : 1]<UL><LI> startup_stm32f10x_md.o(RESET)
</UL>
<P><STRONG><a name="[5]"></a>UsageFault_Handler</STRONG> (Thumb, 2 bytes, Stack size 0 bytes, startup_stm32f10x_md.o(.text))
<BR><BR>[Calls]<UL><LI><a href="#[5]">&gt;&gt;</a>&nbsp;&nbsp;&nbsp;UsageFault_Handler
</UL>
<BR>[Called By]<UL><LI><a href="#[5]">&gt;&gt;</a>&nbsp;&nbsp;&nbsp;UsageFault_Handler
</UL>
<BR>[Address Reference Count : 1]<UL><LI> startup_stm32f10x_md.o(RESET)
</UL>
<P><STRONG><a name="[7]"></a>DebugMon_Handler</STRONG> (Thumb, 2 bytes, Stack size 0 bytes, startup_stm32f10x_md.o(.text))
<BR><BR>[Calls]<UL><LI><a href="#[7]">&gt;&gt;</a>&nbsp;&nbsp;&nbsp;DebugMon_Handler
</UL>
<BR>[Called By]<UL><LI><a href="#[7]">&gt;&gt;</a>&nbsp;&nbsp;&nbsp;DebugMon_Handler
</UL>
<BR>[Address Reference Count : 1]<UL><LI> startup_stm32f10x_md.o(RESET)
</UL>
<P><STRONG><a name="[1c]"></a>ADC1_2_IRQHandler</STRONG> (Thumb, 0 bytes, Stack size 0 bytes, startup_stm32f10x_md.o(.text))
<BR><BR>[Calls]<UL><LI><a href="#[1c]">&gt;&gt;</a>&nbsp;&nbsp;&nbsp;ADC1_2_IRQHandler
</UL>
<BR>[Called By]<UL><LI><a href="#[1c]">&gt;&gt;</a>&nbsp;&nbsp;&nbsp;ADC1_2_IRQHandler
</UL>
<BR>[Address Reference Count : 1]<UL><LI> startup_stm32f10x_md.o(RESET)
</UL>
<P><STRONG><a name="[1f]"></a>CAN1_RX1_IRQHandler</STRONG> (Thumb, 0 bytes, Stack size 0 bytes, startup_stm32f10x_md.o(.text))
<BR>[Address Reference Count : 1]<UL><LI> startup_stm32f10x_md.o(RESET)
</UL>
<P><STRONG><a name="[20]"></a>CAN1_SCE_IRQHandler</STRONG> (Thumb, 0 bytes, Stack size 0 bytes, startup_stm32f10x_md.o(.text))
<BR>[Address Reference Count : 1]<UL><LI> startup_stm32f10x_md.o(RESET)
</UL>
<P><STRONG><a name="[10]"></a>EXTI0_IRQHandler</STRONG> (Thumb, 0 bytes, Stack size 0 bytes, startup_stm32f10x_md.o(.text))
<BR>[Address Reference Count : 1]<UL><LI> startup_stm32f10x_md.o(RESET)
</UL>
<P><STRONG><a name="[32]"></a>EXTI15_10_IRQHandler</STRONG> (Thumb, 0 bytes, Stack size 0 bytes, startup_stm32f10x_md.o(.text))
<BR>[Address Reference Count : 1]<UL><LI> startup_stm32f10x_md.o(RESET)
</UL>
<P><STRONG><a name="[11]"></a>EXTI1_IRQHandler</STRONG> (Thumb, 0 bytes, Stack size 0 bytes, startup_stm32f10x_md.o(.text))
<BR>[Address Reference Count : 1]<UL><LI> startup_stm32f10x_md.o(RESET)
</UL>
<P><STRONG><a name="[12]"></a>EXTI2_IRQHandler</STRONG> (Thumb, 0 bytes, Stack size 0 bytes, startup_stm32f10x_md.o(.text))
<BR>[Address Reference Count : 1]<UL><LI> startup_stm32f10x_md.o(RESET)
</UL>
<P><STRONG><a name="[13]"></a>EXTI3_IRQHandler</STRONG> (Thumb, 0 bytes, Stack size 0 bytes, startup_stm32f10x_md.o(.text))
<BR>[Address Reference Count : 1]<UL><LI> startup_stm32f10x_md.o(RESET)
</UL>
<P><STRONG><a name="[14]"></a>EXTI4_IRQHandler</STRONG> (Thumb, 0 bytes, Stack size 0 bytes, startup_stm32f10x_md.o(.text))
<BR>[Address Reference Count : 1]<UL><LI> startup_stm32f10x_md.o(RESET)
</UL>
<P><STRONG><a name="[21]"></a>EXTI9_5_IRQHandler</STRONG> (Thumb, 0 bytes, Stack size 0 bytes, startup_stm32f10x_md.o(.text))
<BR>[Address Reference Count : 1]<UL><LI> startup_stm32f10x_md.o(RESET)
</UL>
<P><STRONG><a name="[e]"></a>FLASH_IRQHandler</STRONG> (Thumb, 0 bytes, Stack size 0 bytes, startup_stm32f10x_md.o(.text))
<BR>[Address Reference Count : 1]<UL><LI> startup_stm32f10x_md.o(RESET)
</UL>
<P><STRONG><a name="[2c]"></a>I2C2_ER_IRQHandler</STRONG> (Thumb, 0 bytes, Stack size 0 bytes, startup_stm32f10x_md.o(.text))
<BR>[Address Reference Count : 1]<UL><LI> startup_stm32f10x_md.o(RESET)
</UL>
<P><STRONG><a name="[2b]"></a>I2C2_EV_IRQHandler</STRONG> (Thumb, 0 bytes, Stack size 0 bytes, startup_stm32f10x_md.o(.text))
<BR>[Address Reference Count : 1]<UL><LI> startup_stm32f10x_md.o(RESET)
</UL>
<P><STRONG><a name="[b]"></a>PVD_IRQHandler</STRONG> (Thumb, 0 bytes, Stack size 0 bytes, startup_stm32f10x_md.o(.text))
<BR>[Address Reference Count : 1]<UL><LI> startup_stm32f10x_md.o(RESET)
</UL>
<P><STRONG><a name="[f]"></a>RCC_IRQHandler</STRONG> (Thumb, 0 bytes, Stack size 0 bytes, startup_stm32f10x_md.o(.text))
<BR>[Address Reference Count : 1]<UL><LI> startup_stm32f10x_md.o(RESET)
</UL>
<P><STRONG><a name="[33]"></a>RTCAlarm_IRQHandler</STRONG> (Thumb, 0 bytes, Stack size 0 bytes, startup_stm32f10x_md.o(.text))
<BR>[Address Reference Count : 1]<UL><LI> startup_stm32f10x_md.o(RESET)
</UL>
<P><STRONG><a name="[d]"></a>RTC_IRQHandler</STRONG> (Thumb, 0 bytes, Stack size 0 bytes, startup_stm32f10x_md.o(.text))
<BR>[Address Reference Count : 1]<UL><LI> startup_stm32f10x_md.o(RESET)
</UL>
<P><STRONG><a name="[2d]"></a>SPI1_IRQHandler</STRONG> (Thumb, 0 bytes, Stack size 0 bytes, startup_stm32f10x_md.o(.text))
<BR>[Address Reference Count : 1]<UL><LI> startup_stm32f10x_md.o(RESET)
</UL>
<P><STRONG><a name="[2e]"></a>SPI2_IRQHandler</STRONG> (Thumb, 0 bytes, Stack size 0 bytes, startup_stm32f10x_md.o(.text))
<BR>[Address Reference Count : 1]<UL><LI> startup_stm32f10x_md.o(RESET)
</UL>
<P><STRONG><a name="[c]"></a>TAMPER_IRQHandler</STRONG> (Thumb, 0 bytes, Stack size 0 bytes, startup_stm32f10x_md.o(.text))
<BR>[Address Reference Count : 1]<UL><LI> startup_stm32f10x_md.o(RESET)
</UL>
<P><STRONG><a name="[22]"></a>TIM1_BRK_IRQHandler</STRONG> (Thumb, 0 bytes, Stack size 0 bytes, startup_stm32f10x_md.o(.text))
<BR>[Address Reference Count : 1]<UL><LI> startup_stm32f10x_md.o(RESET)
</UL>
<P><STRONG><a name="[25]"></a>TIM1_CC_IRQHandler</STRONG> (Thumb, 0 bytes, Stack size 0 bytes, startup_stm32f10x_md.o(.text))
<BR>[Address Reference Count : 1]<UL><LI> startup_stm32f10x_md.o(RESET)
</UL>
<P><STRONG><a name="[24]"></a>TIM1_TRG_COM_IRQHandler</STRONG> (Thumb, 0 bytes, Stack size 0 bytes, startup_stm32f10x_md.o(.text))
<BR>[Address Reference Count : 1]<UL><LI> startup_stm32f10x_md.o(RESET)
</UL>
<P><STRONG><a name="[23]"></a>TIM1_UP_IRQHandler</STRONG> (Thumb, 0 bytes, Stack size 0 bytes, startup_stm32f10x_md.o(.text))
<BR>[Address Reference Count : 1]<UL><LI> startup_stm32f10x_md.o(RESET)
</UL>
<P><STRONG><a name="[26]"></a>TIM2_IRQHandler</STRONG> (Thumb, 0 bytes, Stack size 0 bytes, startup_stm32f10x_md.o(.text))
<BR>[Address Reference Count : 1]<UL><LI> startup_stm32f10x_md.o(RESET)
</UL>
<P><STRONG><a name="[27]"></a>TIM3_IRQHandler</STRONG> (Thumb, 0 bytes, Stack size 0 bytes, startup_stm32f10x_md.o(.text))
<BR>[Address Reference Count : 1]<UL><LI> startup_stm32f10x_md.o(RESET)
</UL>
<P><STRONG><a name="[28]"></a>TIM4_IRQHandler</STRONG> (Thumb, 0 bytes, Stack size 0 bytes, startup_stm32f10x_md.o(.text))
<BR>[Address Reference Count : 1]<UL><LI> startup_stm32f10x_md.o(RESET)
</UL>
<P><STRONG><a name="[2f]"></a>USART1_IRQHandler</STRONG> (Thumb, 0 bytes, Stack size 0 bytes, startup_stm32f10x_md.o(.text))
<BR>[Address Reference Count : 1]<UL><LI> startup_stm32f10x_md.o(RESET)
</UL>
<P><STRONG><a name="[30]"></a>USART2_IRQHandler</STRONG> (Thumb, 0 bytes, Stack size 0 bytes, startup_stm32f10x_md.o(.text))
<BR>[Address Reference Count : 1]<UL><LI> startup_stm32f10x_md.o(RESET)
</UL>
<P><STRONG><a name="[31]"></a>USART3_IRQHandler</STRONG> (Thumb, 0 bytes, Stack size 0 bytes, startup_stm32f10x_md.o(.text))
<BR>[Address Reference Count : 1]<UL><LI> startup_stm32f10x_md.o(RESET)
</UL>
<P><STRONG><a name="[34]"></a>USBWakeUp_IRQHandler</STRONG> (Thumb, 0 bytes, Stack size 0 bytes, startup_stm32f10x_md.o(.text))
<BR>[Address Reference Count : 1]<UL><LI> startup_stm32f10x_md.o(RESET)
</UL>
<P><STRONG><a name="[1d]"></a>USB_HP_CAN1_TX_IRQHandler</STRONG> (Thumb, 0 bytes, Stack size 0 bytes, startup_stm32f10x_md.o(.text))
<BR>[Address Reference Count : 1]<UL><LI> startup_stm32f10x_md.o(RESET)
</UL>
<P><STRONG><a name="[a]"></a>WWDG_IRQHandler</STRONG> (Thumb, 0 bytes, Stack size 0 bytes, startup_stm32f10x_md.o(.text))
<BR>[Address Reference Count : 1]<UL><LI> startup_stm32f10x_md.o(RESET)
</UL>
<P><STRONG><a name="[c3]"></a>__user_initial_stackheap</STRONG> (Thumb, 0 bytes, Stack size unknown bytes, startup_stm32f10x_md.o(.text))
<BR><BR>[Called By]<UL><LI><a href="#[b0]">&gt;&gt;</a>&nbsp;&nbsp;&nbsp;__user_setup_stackheap
</UL>

<P><STRONG><a name="[6]"></a>SVC_Handler</STRONG> (Thumb, 108 bytes, Stack size unknown bytes, irq_armv7m.o(.text))
<BR>[Address Reference Count : 1]<UL><LI> startup_stm32f10x_md.o(RESET)
</UL>
<P><STRONG><a name="[8]"></a>PendSV_Handler</STRONG> (Thumb, 16 bytes, Stack size unknown bytes, irq_armv7m.o(.text))
<BR><BR>[Stack]<UL><LI>Max Depth = 40 + Unknown Stack Size
<LI>Call Chain = PendSV_Handler &rArr; osRtxPendSV_Handler &rArr; osRtxThreadDispatch &rArr; osRtxThreadBlock
</UL>
<BR>[Calls]<UL><LI><a href="#[bc]">&gt;&gt;</a>&nbsp;&nbsp;&nbsp;osRtxPendSV_Handler
</UL>
<BR>[Address Reference Count : 1]<UL><LI> startup_stm32f10x_md.o(RESET)
</UL>
<P><STRONG><a name="[9]"></a>SysTick_Handler</STRONG> (Thumb, 16 bytes, Stack size unknown bytes, irq_armv7m.o(.text))
<BR><BR>[Stack]<UL><LI>Max Depth = 72 + Unknown Stack Size
<LI>Call Chain = SysTick_Handler &rArr; osRtxTick_Handler &rArr; osRtxThreadDelayTick &rArr; osRtxMutexOwnerRestore &rArr; osRtxThreadListSort &rArr; osRtxThreadListPut
</UL>
<BR>[Calls]<UL><LI><a href="#[bd]">&gt;&gt;</a>&nbsp;&nbsp;&nbsp;osRtxTick_Handler
</UL>
<BR>[Address Reference Count : 2]<UL><LI> rtx_kernel.o(.text.svcRtxKernelStart)
<LI> startup_stm32f10x_md.o(RESET)
</UL>
<P><STRONG><a name="[12e]"></a>__aeabi_memcpy</STRONG> (Thumb, 0 bytes, Stack size 0 bytes, rt_memcpy_v6.o(.text))
<BR><BR>[Called By]<UL><LI><a href="#[127]">&gt;&gt;</a>&nbsp;&nbsp;&nbsp;USBD_CDC_ACM_ReadData
<LI><a href="#[42]">&gt;&gt;</a>&nbsp;&nbsp;&nbsp;svcRtxMessageQueuePut
<LI><a href="#[41]">&gt;&gt;</a>&nbsp;&nbsp;&nbsp;svcRtxMessageQueueGet
<LI><a href="#[53]">&gt;&gt;</a>&nbsp;&nbsp;&nbsp;osRtxMessageQueuePostProcess
<LI><a href="#[15c]">&gt;&gt;</a>&nbsp;&nbsp;&nbsp;USBD_CDC_ACM_WriteData
<LI><a href="#[15d]">&gt;&gt;</a>&nbsp;&nbsp;&nbsp;USBD_CDC_EpBulkOut
<LI><a href="#[15e]">&gt;&gt;</a>&nbsp;&nbsp;&nbsp;USBD_CDC_EpBulkIn
<LI><a href="#[130]">&gt;&gt;</a>&nbsp;&nbsp;&nbsp;osMessageQueuePut
<LI><a href="#[12c]">&gt;&gt;</a>&nbsp;&nbsp;&nbsp;osMessageQueueGet
</UL>

<P><STRONG><a name="[be]"></a>__rt_memcpy</STRONG> (Thumb, 138 bytes, Stack size 0 bytes, rt_memcpy_v6.o(.text), UNUSED)
<BR><BR>[Calls]<UL><LI><a href="#[bf]">&gt;&gt;</a>&nbsp;&nbsp;&nbsp;__aeabi_memcpy4
</UL>

<P><STRONG><a name="[1c9]"></a>_memcpy_lastbytes</STRONG> (Thumb, 0 bytes, Stack size unknown bytes, rt_memcpy_v6.o(.text), UNUSED)

<P><STRONG><a name="[153]"></a>__aeabi_memclr</STRONG> (Thumb, 0 bytes, Stack size unknown bytes, rt_memclr.o(.text))
<BR><BR>[Called By]<UL><LI><a href="#[123]">&gt;&gt;</a>&nbsp;&nbsp;&nbsp;USBD_Initialize
<LI><a href="#[138]">&gt;&gt;</a>&nbsp;&nbsp;&nbsp;svcRtxMessageQueueNew
<LI><a href="#[174]">&gt;&gt;</a>&nbsp;&nbsp;&nbsp;USBD_ResetCore
</UL>

<P><STRONG><a name="[1ca]"></a>__rt_memclr</STRONG> (Thumb, 0 bytes, Stack size unknown bytes, rt_memclr.o(.text), UNUSED)

<P><STRONG><a name="[c0]"></a>_memset</STRONG> (Thumb, 64 bytes, Stack size 0 bytes, rt_memclr.o(.text), UNUSED)
<BR><BR>[Calls]<UL><LI><a href="#[c1]">&gt;&gt;</a>&nbsp;&nbsp;&nbsp;_memset_w
</UL>

<P><STRONG><a name="[105]"></a>__aeabi_memclr4</STRONG> (Thumb, 0 bytes, Stack size unknown bytes, rt_memclr_w.o(.text))
<BR><BR>[Called By]<UL><LI><a href="#[50]">&gt;&gt;</a>&nbsp;&nbsp;&nbsp;svcRtxThreadNew
<LI><a href="#[113]">&gt;&gt;</a>&nbsp;&nbsp;&nbsp;USBD_ThreadCreate
<LI><a href="#[10a]">&gt;&gt;</a>&nbsp;&nbsp;&nbsp;USBD_CDC_Reset
<LI><a href="#[106]">&gt;&gt;</a>&nbsp;&nbsp;&nbsp;USBD_Reset
<LI><a href="#[69]">&gt;&gt;</a>&nbsp;&nbsp;&nbsp;USBD_PowerControl
<LI><a href="#[123]">&gt;&gt;</a>&nbsp;&nbsp;&nbsp;USBD_Initialize
<LI><a href="#[45]">&gt;&gt;</a>&nbsp;&nbsp;&nbsp;svcRtxMutexNew
</UL>

<P><STRONG><a name="[108]"></a>__aeabi_memclr8</STRONG> (Thumb, 0 bytes, Stack size unknown bytes, rt_memclr_w.o(.text))
<BR><BR>[Called By]<UL><LI><a href="#[106]">&gt;&gt;</a>&nbsp;&nbsp;&nbsp;USBD_Reset
</UL>

<P><STRONG><a name="[1cb]"></a>__rt_memclr_w</STRONG> (Thumb, 0 bytes, Stack size unknown bytes, rt_memclr_w.o(.text), UNUSED)

<P><STRONG><a name="[c1]"></a>_memset_w</STRONG> (Thumb, 74 bytes, Stack size 4 bytes, rt_memclr_w.o(.text), UNUSED)
<BR><BR>[Called By]<UL><LI><a href="#[c0]">&gt;&gt;</a>&nbsp;&nbsp;&nbsp;_memset
</UL>

<P><STRONG><a name="[1cc]"></a>__use_two_region_memory</STRONG> (Thumb, 2 bytes, Stack size 0 bytes, heapauxi.o(.text), UNUSED)

<P><STRONG><a name="[1cd]"></a>__rt_heap_escrow$2region</STRONG> (Thumb, 2 bytes, Stack size 0 bytes, heapauxi.o(.text), UNUSED)

<P><STRONG><a name="[1ce]"></a>__rt_heap_expand$2region</STRONG> (Thumb, 2 bytes, Stack size 0 bytes, heapauxi.o(.text), UNUSED)

<P><STRONG><a name="[bf]"></a>__aeabi_memcpy4</STRONG> (Thumb, 0 bytes, Stack size 8 bytes, rt_memcpy_w.o(.text), UNUSED)
<BR><BR>[Called By]<UL><LI><a href="#[be]">&gt;&gt;</a>&nbsp;&nbsp;&nbsp;__rt_memcpy
</UL>

<P><STRONG><a name="[1cf]"></a>__aeabi_memcpy8</STRONG> (Thumb, 0 bytes, Stack size 8 bytes, rt_memcpy_w.o(.text), UNUSED)

<P><STRONG><a name="[1d0]"></a>__rt_memcpy_w</STRONG> (Thumb, 100 bytes, Stack size 8 bytes, rt_memcpy_w.o(.text), UNUSED)

<P><STRONG><a name="[1d1]"></a>_memcpy_lastbytes_aligned</STRONG> (Thumb, 0 bytes, Stack size unknown bytes, rt_memcpy_w.o(.text), UNUSED)

<P><STRONG><a name="[b0]"></a>__user_setup_stackheap</STRONG> (Thumb, 74 bytes, Stack size 8 bytes, sys_stackheap_outer.o(.text))
<BR><BR>[Stack]<UL><LI>Max Depth = 8 + Unknown Stack Size
<LI>Call Chain = __user_setup_stackheap
</UL>
<BR>[Calls]<UL><LI><a href="#[c3]">&gt;&gt;</a>&nbsp;&nbsp;&nbsp;__user_initial_stackheap
<LI><a href="#[c2]">&gt;&gt;</a>&nbsp;&nbsp;&nbsp;__user_perproc_libspace
</UL>
<BR>[Called By]<UL><LI><a href="#[af]">&gt;&gt;</a>&nbsp;&nbsp;&nbsp;__rt_entry_sh
</UL>

<P><STRONG><a name="[b7]"></a>exit</STRONG> (Thumb, 18 bytes, Stack size 8 bytes, exit.o(.text))
<BR><BR>[Stack]<UL><LI>Max Depth = 8 + Unknown Stack Size
<LI>Call Chain = exit
</UL>
<BR>[Calls]<UL><LI><a href="#[c4]">&gt;&gt;</a>&nbsp;&nbsp;&nbsp;__rt_exit
</UL>
<BR>[Called By]<UL><LI><a href="#[b5]">&gt;&gt;</a>&nbsp;&nbsp;&nbsp;__rt_entry_main
</UL>

<P><STRONG><a name="[1d2]"></a>__user_libspace</STRONG> (Thumb, 8 bytes, Stack size 0 bytes, libspace.o(.text), UNUSED)

<P><STRONG><a name="[c2]"></a>__user_perproc_libspace</STRONG> (Thumb, 0 bytes, Stack size 0 bytes, libspace.o(.text))
<BR><BR>[Called By]<UL><LI><a href="#[b0]">&gt;&gt;</a>&nbsp;&nbsp;&nbsp;__user_setup_stackheap
</UL>

<P><STRONG><a name="[bb]"></a>_sys_exit</STRONG> (Thumb, 8 bytes, Stack size 0 bytes, sys_exit.o(.text))
<BR><BR>[Called By]<UL><LI><a href="#[ba]">&gt;&gt;</a>&nbsp;&nbsp;&nbsp;__rt_exit_exit
</UL>

<P><STRONG><a name="[1d3]"></a>__I$use$semihosting</STRONG> (Thumb, 0 bytes, Stack size 0 bytes, use_no_semi.o(.text), UNUSED)

<P><STRONG><a name="[1d4]"></a>__use_no_semihosting_swi</STRONG> (Thumb, 2 bytes, Stack size 0 bytes, use_no_semi.o(.text), UNUSED)

<P><STRONG><a name="[1d5]"></a>__semihosting_library_function</STRONG> (Thumb, 0 bytes, Stack size unknown bytes, indicate_semi.o(.text), UNUSED)

<P><STRONG><a name="[c5]"></a>DMA1_Channel1_Event</STRONG> (Thumb, 2 bytes, Stack size 0 bytes, dma_stm32f10x.o(.text.DMA1_Channel1_Event))
<BR><BR>[Called By]<UL><LI><a href="#[15]">&gt;&gt;</a>&nbsp;&nbsp;&nbsp;DMA1_Channel1_IRQHandler
</UL>

<P><STRONG><a name="[15]"></a>DMA1_Channel1_IRQHandler</STRONG> (Thumb, 22 bytes, Stack size 8 bytes, dma_stm32f10x.o(.text.DMA1_Channel1_IRQHandler))
<BR><BR>[Stack]<UL><LI>Max Depth = 8<LI>Call Chain = DMA1_Channel1_IRQHandler
</UL>
<BR>[Calls]<UL><LI><a href="#[c5]">&gt;&gt;</a>&nbsp;&nbsp;&nbsp;DMA1_Channel1_Event
</UL>
<BR>[Address Reference Count : 1]<UL><LI> startup_stm32f10x_md.o(RESET)
</UL>
<P><STRONG><a name="[c6]"></a>DMA1_Channel2_Event</STRONG> (Thumb, 2 bytes, Stack size 0 bytes, dma_stm32f10x.o(.text.DMA1_Channel2_Event))
<BR><BR>[Called By]<UL><LI><a href="#[16]">&gt;&gt;</a>&nbsp;&nbsp;&nbsp;DMA1_Channel2_IRQHandler
</UL>

<P><STRONG><a name="[16]"></a>DMA1_Channel2_IRQHandler</STRONG> (Thumb, 24 bytes, Stack size 8 bytes, dma_stm32f10x.o(.text.DMA1_Channel2_IRQHandler))
<BR><BR>[Stack]<UL><LI>Max Depth = 8<LI>Call Chain = DMA1_Channel2_IRQHandler
</UL>
<BR>[Calls]<UL><LI><a href="#[c6]">&gt;&gt;</a>&nbsp;&nbsp;&nbsp;DMA1_Channel2_Event
</UL>
<BR>[Address Reference Count : 1]<UL><LI> startup_stm32f10x_md.o(RESET)
</UL>
<P><STRONG><a name="[c7]"></a>DMA1_Channel3_Event</STRONG> (Thumb, 2 bytes, Stack size 0 bytes, dma_stm32f10x.o(.text.DMA1_Channel3_Event))
<BR><BR>[Called By]<UL><LI><a href="#[17]">&gt;&gt;</a>&nbsp;&nbsp;&nbsp;DMA1_Channel3_IRQHandler
</UL>

<P><STRONG><a name="[17]"></a>DMA1_Channel3_IRQHandler</STRONG> (Thumb, 24 bytes, Stack size 8 bytes, dma_stm32f10x.o(.text.DMA1_Channel3_IRQHandler))
<BR><BR>[Stack]<UL><LI>Max Depth = 8<LI>Call Chain = DMA1_Channel3_IRQHandler
</UL>
<BR>[Calls]<UL><LI><a href="#[c7]">&gt;&gt;</a>&nbsp;&nbsp;&nbsp;DMA1_Channel3_Event
</UL>
<BR>[Address Reference Count : 1]<UL><LI> startup_stm32f10x_md.o(RESET)
</UL>
<P><STRONG><a name="[c8]"></a>DMA1_Channel4_Event</STRONG> (Thumb, 2 bytes, Stack size 0 bytes, dma_stm32f10x.o(.text.DMA1_Channel4_Event))
<BR><BR>[Called By]<UL><LI><a href="#[18]">&gt;&gt;</a>&nbsp;&nbsp;&nbsp;DMA1_Channel4_IRQHandler
</UL>

<P><STRONG><a name="[18]"></a>DMA1_Channel4_IRQHandler</STRONG> (Thumb, 24 bytes, Stack size 8 bytes, dma_stm32f10x.o(.text.DMA1_Channel4_IRQHandler))
<BR><BR>[Stack]<UL><LI>Max Depth = 8<LI>Call Chain = DMA1_Channel4_IRQHandler
</UL>
<BR>[Calls]<UL><LI><a href="#[c8]">&gt;&gt;</a>&nbsp;&nbsp;&nbsp;DMA1_Channel4_Event
</UL>
<BR>[Address Reference Count : 1]<UL><LI> startup_stm32f10x_md.o(RESET)
</UL>
<P><STRONG><a name="[c9]"></a>DMA1_Channel5_Event</STRONG> (Thumb, 2 bytes, Stack size 0 bytes, dma_stm32f10x.o(.text.DMA1_Channel5_Event))
<BR><BR>[Called By]<UL><LI><a href="#[19]">&gt;&gt;</a>&nbsp;&nbsp;&nbsp;DMA1_Channel5_IRQHandler
</UL>

<P><STRONG><a name="[19]"></a>DMA1_Channel5_IRQHandler</STRONG> (Thumb, 24 bytes, Stack size 8 bytes, dma_stm32f10x.o(.text.DMA1_Channel5_IRQHandler))
<BR><BR>[Stack]<UL><LI>Max Depth = 8<LI>Call Chain = DMA1_Channel5_IRQHandler
</UL>
<BR>[Calls]<UL><LI><a href="#[c9]">&gt;&gt;</a>&nbsp;&nbsp;&nbsp;DMA1_Channel5_Event
</UL>
<BR>[Address Reference Count : 1]<UL><LI> startup_stm32f10x_md.o(RESET)
</UL>
<P><STRONG><a name="[ca]"></a>DMA1_Channel6_Event</STRONG> (Thumb, 2 bytes, Stack size 0 bytes, dma_stm32f10x.o(.text.DMA1_Channel6_Event))
<BR><BR>[Called By]<UL><LI><a href="#[1a]">&gt;&gt;</a>&nbsp;&nbsp;&nbsp;DMA1_Channel6_IRQHandler
</UL>

<P><STRONG><a name="[1a]"></a>DMA1_Channel6_IRQHandler</STRONG> (Thumb, 24 bytes, Stack size 8 bytes, dma_stm32f10x.o(.text.DMA1_Channel6_IRQHandler))
<BR><BR>[Stack]<UL><LI>Max Depth = 8<LI>Call Chain = DMA1_Channel6_IRQHandler
</UL>
<BR>[Calls]<UL><LI><a href="#[ca]">&gt;&gt;</a>&nbsp;&nbsp;&nbsp;DMA1_Channel6_Event
</UL>
<BR>[Address Reference Count : 1]<UL><LI> startup_stm32f10x_md.o(RESET)
</UL>
<P><STRONG><a name="[cb]"></a>DMA1_Channel7_Event</STRONG> (Thumb, 2 bytes, Stack size 0 bytes, dma_stm32f10x.o(.text.DMA1_Channel7_Event))
<BR><BR>[Called By]<UL><LI><a href="#[1b]">&gt;&gt;</a>&nbsp;&nbsp;&nbsp;DMA1_Channel7_IRQHandler
</UL>

<P><STRONG><a name="[1b]"></a>DMA1_Channel7_IRQHandler</STRONG> (Thumb, 24 bytes, Stack size 8 bytes, dma_stm32f10x.o(.text.DMA1_Channel7_IRQHandler))
<BR><BR>[Stack]<UL><LI>Max Depth = 8<LI>Call Chain = DMA1_Channel7_IRQHandler
</UL>
<BR>[Calls]<UL><LI><a href="#[cb]">&gt;&gt;</a>&nbsp;&nbsp;&nbsp;DMA1_Channel7_Event
</UL>
<BR>[Address Reference Count : 1]<UL><LI> startup_stm32f10x_md.o(RESET)
</UL>
<P><STRONG><a name="[de]"></a>GPIO_AFConfigure</STRONG> (Thumb, 134 bytes, Stack size 4 bytes, gpio_stm32f10x.o(.text.GPIO_AFConfigure))
<BR><BR>[Stack]<UL><LI>Max Depth = 4<LI>Call Chain = GPIO_AFConfigure
</UL>
<BR>[Called By]<UL><LI><a href="#[da]">&gt;&gt;</a>&nbsp;&nbsp;&nbsp;I2C_Uninitialize
<LI><a href="#[d4]">&gt;&gt;</a>&nbsp;&nbsp;&nbsp;I2C_Initialize
</UL>

<P><STRONG><a name="[cd]"></a>GPIO_GetPortClockState</STRONG> (Thumb, 44 bytes, Stack size 0 bytes, gpio_stm32f10x.o(.text.GPIO_GetPortClockState))
<BR><BR>[Called By]<UL><LI><a href="#[cc]">&gt;&gt;</a>&nbsp;&nbsp;&nbsp;GPIO_PinConfigure
</UL>

<P><STRONG><a name="[cc]"></a>GPIO_PinConfigure</STRONG> (Thumb, 126 bytes, Stack size 24 bytes, gpio_stm32f10x.o(.text.GPIO_PinConfigure))
<BR><BR>[Stack]<UL><LI>Max Depth = 24<LI>Call Chain = GPIO_PinConfigure
</UL>
<BR>[Calls]<UL><LI><a href="#[cd]">&gt;&gt;</a>&nbsp;&nbsp;&nbsp;GPIO_GetPortClockState
<LI><a href="#[ce]">&gt;&gt;</a>&nbsp;&nbsp;&nbsp;GPIO_PortClock
</UL>
<BR>[Called By]<UL><LI><a href="#[68]">&gt;&gt;</a>&nbsp;&nbsp;&nbsp;USBD_Uninitialize
<LI><a href="#[69]">&gt;&gt;</a>&nbsp;&nbsp;&nbsp;USBD_PowerControl
<LI><a href="#[67]">&gt;&gt;</a>&nbsp;&nbsp;&nbsp;USBD_Initialize
<LI><a href="#[da]">&gt;&gt;</a>&nbsp;&nbsp;&nbsp;I2C_Uninitialize
<LI><a href="#[d4]">&gt;&gt;</a>&nbsp;&nbsp;&nbsp;I2C_Initialize
<LI><a href="#[cf]">&gt;&gt;</a>&nbsp;&nbsp;&nbsp;I2C_Control
</UL>

<P><STRONG><a name="[ce]"></a>GPIO_PortClock</STRONG> (Thumb, 300 bytes, Stack size 0 bytes, gpio_stm32f10x.o(.text.GPIO_PortClock))
<BR><BR>[Called By]<UL><LI><a href="#[68]">&gt;&gt;</a>&nbsp;&nbsp;&nbsp;USBD_Uninitialize
<LI><a href="#[67]">&gt;&gt;</a>&nbsp;&nbsp;&nbsp;USBD_Initialize
<LI><a href="#[cc]">&gt;&gt;</a>&nbsp;&nbsp;&nbsp;GPIO_PinConfigure
<LI><a href="#[d4]">&gt;&gt;</a>&nbsp;&nbsp;&nbsp;I2C_Initialize
</UL>

<P><STRONG><a name="[2a]"></a>I2C1_ER_IRQHandler</STRONG> (Thumb, 8 bytes, Stack size 8 bytes, i2c_stm32f10x.o(.text.I2C1_ER_IRQHandler))
<BR><BR>[Stack]<UL><LI>Max Depth = 16<LI>Call Chain = I2C1_ER_IRQHandler &rArr; I2C_ER_IRQHandler
</UL>
<BR>[Calls]<UL><LI><a href="#[d0]">&gt;&gt;</a>&nbsp;&nbsp;&nbsp;I2C_ER_IRQHandler
</UL>
<BR>[Address Reference Count : 1]<UL><LI> startup_stm32f10x_md.o(RESET)
</UL>
<P><STRONG><a name="[29]"></a>I2C1_EV_IRQHandler</STRONG> (Thumb, 8 bytes, Stack size 8 bytes, i2c_stm32f10x.o(.text.I2C1_EV_IRQHandler))
<BR><BR>[Stack]<UL><LI>Max Depth = 24<LI>Call Chain = I2C1_EV_IRQHandler &rArr; I2C_EV_IRQHandler
</UL>
<BR>[Calls]<UL><LI><a href="#[d1]">&gt;&gt;</a>&nbsp;&nbsp;&nbsp;I2C_EV_IRQHandler
</UL>
<BR>[Address Reference Count : 1]<UL><LI> startup_stm32f10x_md.o(RESET)
</UL>
<P><STRONG><a name="[fc]"></a>IN_EP_Status</STRONG> (Thumb, 36 bytes, Stack size 0 bytes, usbd_stm32f10x.o(.text.IN_EP_Status))
<BR><BR>[Called By]<UL><LI><a href="#[71]">&gt;&gt;</a>&nbsp;&nbsp;&nbsp;USBD_EndpointUnconfigure
<LI><a href="#[75]">&gt;&gt;</a>&nbsp;&nbsp;&nbsp;USBD_EndpointTransferAbort
<LI><a href="#[72]">&gt;&gt;</a>&nbsp;&nbsp;&nbsp;USBD_EndpointStall
<LI><a href="#[70]">&gt;&gt;</a>&nbsp;&nbsp;&nbsp;USBD_EndpointConfigure
<LI><a href="#[fb]">&gt;&gt;</a>&nbsp;&nbsp;&nbsp;USBD_EP_HW_Write
</UL>

<P><STRONG><a name="[e4]"></a>LCD_UPDATE</STRONG> (Thumb, 36 bytes, Stack size 8 bytes, oled.o(.text.LCD_UPDATE))
<BR><BR>[Stack]<UL><LI>Max Depth = 32<LI>Call Chain = LCD_UPDATE &rArr; LCD_Init &rArr; drv_write
</UL>
<BR>[Calls]<UL><LI><a href="#[e3]">&gt;&gt;</a>&nbsp;&nbsp;&nbsp;drv_write
<LI><a href="#[e2]">&gt;&gt;</a>&nbsp;&nbsp;&nbsp;LCD_Init
</UL>
<BR>[Called By]<UL><LI><a href="#[3b]">&gt;&gt;</a>&nbsp;&nbsp;&nbsp;app
</UL>

<P><STRONG><a name="[149]"></a>OS_Tick_AcknowledgeIRQ</STRONG> (Thumb, 8 bytes, Stack size 0 bytes, os_systick.o(.text.OS_Tick_AcknowledgeIRQ))
<BR><BR>[Called By]<UL><LI><a href="#[bd]">&gt;&gt;</a>&nbsp;&nbsp;&nbsp;osRtxTick_Handler
</UL>

<P><STRONG><a name="[151]"></a>OS_Tick_Enable</STRONG> (Thumb, 32 bytes, Stack size 0 bytes, os_systick.o(.text.OS_Tick_Enable))
<BR><BR>[Called By]<UL><LI><a href="#[40]">&gt;&gt;</a>&nbsp;&nbsp;&nbsp;svcRtxKernelStart
</UL>

<P><STRONG><a name="[150]"></a>OS_Tick_GetIRQn</STRONG> (Thumb, 6 bytes, Stack size 0 bytes, os_systick.o(.text.OS_Tick_GetIRQn))
<BR><BR>[Called By]<UL><LI><a href="#[40]">&gt;&gt;</a>&nbsp;&nbsp;&nbsp;svcRtxKernelStart
</UL>

<P><STRONG><a name="[14f]"></a>OS_Tick_Setup</STRONG> (Thumb, 48 bytes, Stack size 0 bytes, os_systick.o(.text.OS_Tick_Setup))
<BR><BR>[Called By]<UL><LI><a href="#[40]">&gt;&gt;</a>&nbsp;&nbsp;&nbsp;svcRtxKernelStart
</UL>

<P><STRONG><a name="[fd]"></a>OUT_EP_Status</STRONG> (Thumb, 36 bytes, Stack size 0 bytes, usbd_stm32f10x.o(.text.OUT_EP_Status))
<BR><BR>[Called By]<UL><LI><a href="#[1e]">&gt;&gt;</a>&nbsp;&nbsp;&nbsp;USB_LP_CAN1_RX0_IRQHandler
<LI><a href="#[71]">&gt;&gt;</a>&nbsp;&nbsp;&nbsp;USBD_EndpointUnconfigure
<LI><a href="#[75]">&gt;&gt;</a>&nbsp;&nbsp;&nbsp;USBD_EndpointTransferAbort
<LI><a href="#[73]">&gt;&gt;</a>&nbsp;&nbsp;&nbsp;USBD_EndpointTransfer
<LI><a href="#[72]">&gt;&gt;</a>&nbsp;&nbsp;&nbsp;USBD_EndpointStall
<LI><a href="#[70]">&gt;&gt;</a>&nbsp;&nbsp;&nbsp;USBD_EndpointConfigure
</UL>

<P><STRONG><a name="[db]"></a>SystemCoreClockUpdate</STRONG> (Thumb, 110 bytes, Stack size 0 bytes, system_stm32f10x.o(.text.SystemCoreClockUpdate))
<BR><BR>[Called By]<UL><LI><a href="#[cf]">&gt;&gt;</a>&nbsp;&nbsp;&nbsp;I2C_Control
</UL>

<P><STRONG><a name="[35]"></a>SystemInit</STRONG> (Thumb, 86 bytes, Stack size 8 bytes, system_stm32f10x.o(.text.SystemInit))
<BR><BR>[Stack]<UL><LI>Max Depth = 24<LI>Call Chain = SystemInit &rArr; SetSysClock &rArr; SetSysClockTo72
</UL>
<BR>[Calls]<UL><LI><a href="#[ee]">&gt;&gt;</a>&nbsp;&nbsp;&nbsp;SetSysClock
</UL>
<BR>[Address Reference Count : 1]<UL><LI> startup_stm32f10x_md.o(.text)
</UL>
<P><STRONG><a name="[a6]"></a>USBD0_SignalDeviceEvent</STRONG> (Thumb, 12 bytes, Stack size 8 bytes, usbd_config_0.o(.text.USBD0_SignalDeviceEvent))
<BR><BR>[Stack]<UL><LI>Max Depth = 48<LI>Call Chain = USBD0_SignalDeviceEvent &rArr; USBD_SignalDeviceEvent &rArr; USBD_ThreadFlagsSet &rArr; osThreadFlagsSet &rArr; osRtxPostProcess
</UL>
<BR>[Calls]<UL><LI><a href="#[f0]">&gt;&gt;</a>&nbsp;&nbsp;&nbsp;USBD_SignalDeviceEvent
</UL>
<BR>[Address Reference Count : 1]<UL><LI> usbd_config_0.o(.rodata.usbd_cb_device_event_ptr)
</UL>
<P><STRONG><a name="[a7]"></a>USBD0_SignalEndpointEvent</STRONG> (Thumb, 14 bytes, Stack size 8 bytes, usbd_config_0.o(.text.USBD0_SignalEndpointEvent))
<BR><BR>[Stack]<UL><LI>Max Depth = 64<LI>Call Chain = USBD0_SignalEndpointEvent &rArr; USBD_SignalEndpointEvent &rArr; USBD_ThreadFlagsSet &rArr; osThreadFlagsSet &rArr; osRtxPostProcess
</UL>
<BR>[Calls]<UL><LI><a href="#[f1]">&gt;&gt;</a>&nbsp;&nbsp;&nbsp;USBD_SignalEndpointEvent
</UL>
<BR>[Address Reference Count : 1]<UL><LI> usbd_config_0.o(.rodata.usbd_cb_endpoint_event_ptr)
</UL>
<P><STRONG><a name="[77]"></a>USBD_CDC0_ACM_DataReceived</STRONG> (Thumb, 2 bytes, Stack size 0 bytes, usbd_user_cdc_acm_0.o(.text.USBD_CDC0_ACM_DataReceived))
<BR>[Address Reference Count : 1]<UL><LI> usbd_config_0.o(.rodata.fpUSBD_CDC_ACM_DataReceived)
</UL>
<P><STRONG><a name="[78]"></a>USBD_CDC0_ACM_DataSent</STRONG> (Thumb, 2 bytes, Stack size 0 bytes, usbd_user_cdc_acm_0.o(.text.USBD_CDC0_ACM_DataSent))
<BR>[Address Reference Count : 1]<UL><LI> usbd_config_0.o(.rodata.fpUSBD_CDC_ACM_DataSent)
</UL>
<P><STRONG><a name="[79]"></a>USBD_CDC0_ACM_GetEncapsulatedResponse</STRONG> (Thumb, 4 bytes, Stack size 0 bytes, usbd_user_cdc_acm_0.o(.text.USBD_CDC0_ACM_GetEncapsulatedResponse))
<BR>[Address Reference Count : 1]<UL><LI> usbd_config_0.o(.rodata.fpUSBD_CDC_ACM_GetEncapsulatedResponse)
</UL>
<P><STRONG><a name="[7a]"></a>USBD_CDC0_ACM_GetLineCoding</STRONG> (Thumb, 26 bytes, Stack size 0 bytes, usbd_user_cdc_acm_0.o(.text.USBD_CDC0_ACM_GetLineCoding))
<BR>[Address Reference Count : 1]<UL><LI> usbd_config_0.o(.rodata.fpUSBD_CDC_ACM_GetLineCoding)
</UL>
<P><STRONG><a name="[7b]"></a>USBD_CDC0_ACM_Initialize</STRONG> (Thumb, 2 bytes, Stack size 0 bytes, usbd_user_cdc_acm_0.o(.text.USBD_CDC0_ACM_Initialize))
<BR>[Address Reference Count : 1]<UL><LI> usbd_config_0.o(.rodata.fpUSBD_CDC_ACM_Initialize)
</UL>
<P><STRONG><a name="[7c]"></a>USBD_CDC0_ACM_Reset</STRONG> (Thumb, 2 bytes, Stack size 0 bytes, usbd_user_cdc_acm_0.o(.text.USBD_CDC0_ACM_Reset))
<BR>[Address Reference Count : 1]<UL><LI> usbd_config_0.o(.rodata.fpUSBD_CDC_ACM_Reset)
</UL>
<P><STRONG><a name="[7d]"></a>USBD_CDC0_ACM_SendEncapsulatedCommand</STRONG> (Thumb, 4 bytes, Stack size 0 bytes, usbd_user_cdc_acm_0.o(.text.USBD_CDC0_ACM_SendEncapsulatedCommand))
<BR>[Address Reference Count : 1]<UL><LI> usbd_config_0.o(.rodata.fpUSBD_CDC_ACM_SendEncapsulatedCommand)
</UL>
<P><STRONG><a name="[7e]"></a>USBD_CDC0_ACM_SetControlLineState</STRONG> (Thumb, 4 bytes, Stack size 0 bytes, usbd_user_cdc_acm_0.o(.text.USBD_CDC0_ACM_SetControlLineState))
<BR>[Address Reference Count : 1]<UL><LI> usbd_config_0.o(.rodata.fpUSBD_CDC_ACM_SetControlLineState)
</UL>
<P><STRONG><a name="[7f]"></a>USBD_CDC0_ACM_SetLineCoding</STRONG> (Thumb, 24 bytes, Stack size 0 bytes, usbd_user_cdc_acm_0.o(.text.USBD_CDC0_ACM_SetLineCoding))
<BR>[Address Reference Count : 1]<UL><LI> usbd_config_0.o(.rodata.fpUSBD_CDC_ACM_SetLineCoding)
</UL>
<P><STRONG><a name="[80]"></a>USBD_CDC0_ACM_Uninitialize</STRONG> (Thumb, 2 bytes, Stack size 0 bytes, usbd_user_cdc_acm_0.o(.text.USBD_CDC0_ACM_Uninitialize))
<BR>[Address Reference Count : 1]<UL><LI> usbd_config_0.o(.rodata.fpUSBD_CDC_ACM_Uninitialize)
</UL>
<P><STRONG><a name="[81]"></a>USBD_CDC0_NCM_GetCrcMode</STRONG> (Thumb, 4 bytes, Stack size 0 bytes, usbd_config_0.o(.text.USBD_CDC0_NCM_GetCrcMode))
<BR>[Address Reference Count : 1]<UL><LI> usbd_config_0.o(.rodata.fpUSBD_CDC_NCM_GetCrcMode)
</UL>
<P><STRONG><a name="[82]"></a>USBD_CDC0_NCM_GetEthernetPowerManagementPatternFilter</STRONG> (Thumb, 4 bytes, Stack size 0 bytes, usbd_config_0.o(.text.USBD_CDC0_NCM_GetEthernetPowerManagementPatternFilter))
<BR>[Address Reference Count : 1]<UL><LI> usbd_config_0.o(.rodata.fpUSBD_CDC_NCM_GetEthernetPowerManagementPatternFilter)
</UL>
<P><STRONG><a name="[83]"></a>USBD_CDC0_NCM_GetEthernetStatistic</STRONG> (Thumb, 4 bytes, Stack size 0 bytes, usbd_config_0.o(.text.USBD_CDC0_NCM_GetEthernetStatistic))
<BR>[Address Reference Count : 1]<UL><LI> usbd_config_0.o(.rodata.fpUSBD_CDC_NCM_GetEthernetStatistic)
</UL>
<P><STRONG><a name="[84]"></a>USBD_CDC0_NCM_GetMaxDatagramSize</STRONG> (Thumb, 4 bytes, Stack size 0 bytes, usbd_config_0.o(.text.USBD_CDC0_NCM_GetMaxDatagramSize))
<BR>[Address Reference Count : 1]<UL><LI> usbd_config_0.o(.rodata.fpUSBD_CDC_NCM_GetMaxDatagramSize)
</UL>
<P><STRONG><a name="[85]"></a>USBD_CDC0_NCM_GetNetAddress</STRONG> (Thumb, 4 bytes, Stack size 0 bytes, usbd_config_0.o(.text.USBD_CDC0_NCM_GetNetAddress))
<BR>[Address Reference Count : 1]<UL><LI> usbd_config_0.o(.rodata.fpUSBD_CDC_NCM_GetNetAddress)
</UL>
<P><STRONG><a name="[86]"></a>USBD_CDC0_NCM_GetNtbFormat</STRONG> (Thumb, 4 bytes, Stack size 0 bytes, usbd_config_0.o(.text.USBD_CDC0_NCM_GetNtbFormat))
<BR>[Address Reference Count : 1]<UL><LI> usbd_config_0.o(.rodata.fpUSBD_CDC_NCM_GetNtbFormat)
</UL>
<P><STRONG><a name="[87]"></a>USBD_CDC0_NCM_GetNtbInputSize</STRONG> (Thumb, 4 bytes, Stack size 0 bytes, usbd_config_0.o(.text.USBD_CDC0_NCM_GetNtbInputSize))
<BR>[Address Reference Count : 1]<UL><LI> usbd_config_0.o(.rodata.fpUSBD_CDC_NCM_GetNtbInputSize)
</UL>
<P><STRONG><a name="[88]"></a>USBD_CDC0_NCM_GetNtbParameters</STRONG> (Thumb, 4 bytes, Stack size 0 bytes, usbd_config_0.o(.text.USBD_CDC0_NCM_GetNtbParameters))
<BR>[Address Reference Count : 1]<UL><LI> usbd_config_0.o(.rodata.fpUSBD_CDC_NCM_GetNtbParameters)
</UL>
<P><STRONG><a name="[89]"></a>USBD_CDC0_NCM_Initialize</STRONG> (Thumb, 2 bytes, Stack size 0 bytes, usbd_config_0.o(.text.USBD_CDC0_NCM_Initialize))
<BR>[Address Reference Count : 1]<UL><LI> usbd_config_0.o(.rodata.fpUSBD_CDC_NCM_Initialize)
</UL>
<P><STRONG><a name="[8a]"></a>USBD_CDC0_NCM_NTB_IN_Sent</STRONG> (Thumb, 2 bytes, Stack size 0 bytes, usbd_config_0.o(.text.USBD_CDC0_NCM_NTB_IN_Sent))
<BR>[Address Reference Count : 1]<UL><LI> usbd_config_0.o(.rodata.fpUSBD_CDC_NCM_NTB_IN_Sent)
</UL>
<P><STRONG><a name="[8b]"></a>USBD_CDC0_NCM_NTB_OUT_Received</STRONG> (Thumb, 2 bytes, Stack size 0 bytes, usbd_config_0.o(.text.USBD_CDC0_NCM_NTB_OUT_Received))
<BR>[Address Reference Count : 1]<UL><LI> usbd_config_0.o(.rodata.fpUSBD_CDC_NCM_NTB_OUT_Received)
</UL>
<P><STRONG><a name="[8c]"></a>USBD_CDC0_NCM_Reset</STRONG> (Thumb, 2 bytes, Stack size 0 bytes, usbd_config_0.o(.text.USBD_CDC0_NCM_Reset))
<BR>[Address Reference Count : 1]<UL><LI> usbd_config_0.o(.rodata.fpUSBD_CDC_NCM_Reset)
</UL>
<P><STRONG><a name="[8d]"></a>USBD_CDC0_NCM_SetCrcMode</STRONG> (Thumb, 4 bytes, Stack size 0 bytes, usbd_config_0.o(.text.USBD_CDC0_NCM_SetCrcMode))
<BR>[Address Reference Count : 1]<UL><LI> usbd_config_0.o(.rodata.fpUSBD_CDC_NCM_SetCrcMode)
</UL>
<P><STRONG><a name="[8e]"></a>USBD_CDC0_NCM_SetEthernetMulticastFilters</STRONG> (Thumb, 4 bytes, Stack size 0 bytes, usbd_config_0.o(.text.USBD_CDC0_NCM_SetEthernetMulticastFilters))
<BR>[Address Reference Count : 1]<UL><LI> usbd_config_0.o(.rodata.fpUSBD_CDC_NCM_SetEthernetMulticastFilters)
</UL>
<P><STRONG><a name="[8f]"></a>USBD_CDC0_NCM_SetEthernetPacketFilter</STRONG> (Thumb, 4 bytes, Stack size 0 bytes, usbd_config_0.o(.text.USBD_CDC0_NCM_SetEthernetPacketFilter))
<BR>[Address Reference Count : 1]<UL><LI> usbd_config_0.o(.rodata.fpUSBD_CDC_NCM_SetEthernetPacketFilter)
</UL>
<P><STRONG><a name="[90]"></a>USBD_CDC0_NCM_SetEthernetPowerManagementPatternFilter</STRONG> (Thumb, 4 bytes, Stack size 0 bytes, usbd_config_0.o(.text.USBD_CDC0_NCM_SetEthernetPowerManagementPatternFilter))
<BR>[Address Reference Count : 1]<UL><LI> usbd_config_0.o(.rodata.fpUSBD_CDC_NCM_SetEthernetPowerManagementPatternFilter)
</UL>
<P><STRONG><a name="[91]"></a>USBD_CDC0_NCM_SetMaxDatagramSize</STRONG> (Thumb, 4 bytes, Stack size 0 bytes, usbd_config_0.o(.text.USBD_CDC0_NCM_SetMaxDatagramSize))
<BR>[Address Reference Count : 1]<UL><LI> usbd_config_0.o(.rodata.fpUSBD_CDC_NCM_SetMaxDatagramSize)
</UL>
<P><STRONG><a name="[92]"></a>USBD_CDC0_NCM_SetNetAddress</STRONG> (Thumb, 4 bytes, Stack size 0 bytes, usbd_config_0.o(.text.USBD_CDC0_NCM_SetNetAddress))
<BR>[Address Reference Count : 1]<UL><LI> usbd_config_0.o(.rodata.fpUSBD_CDC_NCM_SetNetAddress)
</UL>
<P><STRONG><a name="[93]"></a>USBD_CDC0_NCM_SetNtbFormat</STRONG> (Thumb, 4 bytes, Stack size 0 bytes, usbd_config_0.o(.text.USBD_CDC0_NCM_SetNtbFormat))
<BR>[Address Reference Count : 1]<UL><LI> usbd_config_0.o(.rodata.fpUSBD_CDC_NCM_SetNtbFormat)
</UL>
<P><STRONG><a name="[94]"></a>USBD_CDC0_NCM_SetNtbInputSize</STRONG> (Thumb, 4 bytes, Stack size 0 bytes, usbd_config_0.o(.text.USBD_CDC0_NCM_SetNtbInputSize))
<BR>[Address Reference Count : 1]<UL><LI> usbd_config_0.o(.rodata.fpUSBD_CDC_NCM_SetNtbInputSize)
</UL>
<P><STRONG><a name="[95]"></a>USBD_CDC0_NCM_Start</STRONG> (Thumb, 2 bytes, Stack size 0 bytes, usbd_config_0.o(.text.USBD_CDC0_NCM_Start))
<BR>[Address Reference Count : 1]<UL><LI> usbd_config_0.o(.rodata.fpUSBD_CDC_NCM_Start)
</UL>
<P><STRONG><a name="[96]"></a>USBD_CDC0_NCM_Stop</STRONG> (Thumb, 2 bytes, Stack size 0 bytes, usbd_config_0.o(.text.USBD_CDC0_NCM_Stop))
<BR>[Address Reference Count : 1]<UL><LI> usbd_config_0.o(.rodata.fpUSBD_CDC_NCM_Stop)
</UL>
<P><STRONG><a name="[97]"></a>USBD_CDC0_NCM_Uninitialize</STRONG> (Thumb, 2 bytes, Stack size 0 bytes, usbd_config_0.o(.text.USBD_CDC0_NCM_Uninitialize))
<BR>[Address Reference Count : 1]<UL><LI> usbd_config_0.o(.rodata.fpUSBD_CDC_NCM_Uninitialize)
</UL>
<P><STRONG><a name="[f2]"></a>USBD_ClassInitialize</STRONG> (Thumb, 18 bytes, Stack size 8 bytes, usbd_config_0.o(.text.USBD_ClassInitialize))
<BR><BR>[Stack]<UL><LI>Max Depth = 80 + Unknown Stack Size
<LI>Call Chain = USBD_ClassInitialize &rArr; USBD_CDC_Initialize &rArr; USBD_ThreadCreate
</UL>
<BR>[Calls]<UL><LI><a href="#[f3]">&gt;&gt;</a>&nbsp;&nbsp;&nbsp;USBD_CDC_Initialize
</UL>
<BR>[Called By]<UL><LI><a href="#[123]">&gt;&gt;</a>&nbsp;&nbsp;&nbsp;USBD_Initialize
</UL>

<P><STRONG><a name="[f4]"></a>USBD_ClassUninitialize</STRONG> (Thumb, 18 bytes, Stack size 8 bytes, usbd_config_0.o(.text.USBD_ClassUninitialize))
<BR><BR>[Stack]<UL><LI>Max Depth = 40<LI>Call Chain = USBD_ClassUninitialize &rArr; USBD_CDC_Uninitialize &rArr; USBD_ThreadTerminate
</UL>
<BR>[Calls]<UL><LI><a href="#[f5]">&gt;&gt;</a>&nbsp;&nbsp;&nbsp;USBD_CDC_Uninitialize
</UL>
<BR>[Called By]<UL><LI><a href="#[123]">&gt;&gt;</a>&nbsp;&nbsp;&nbsp;USBD_Initialize
</UL>

<P><STRONG><a name="[178]"></a>USBD_Class_Endpoint0_InDataSent</STRONG> (Thumb, 4 bytes, Stack size 0 bytes, usbd_config_0.o(.text.USBD_Class_Endpoint0_InDataSent))
<BR><BR>[Called By]<UL><LI><a href="#[177]">&gt;&gt;</a>&nbsp;&nbsp;&nbsp;USBD_Core_Endpoint0_InDataSent
</UL>

<P><STRONG><a name="[17a]"></a>USBD_Class_Endpoint0_OutDataReceived</STRONG> (Thumb, 4 bytes, Stack size 0 bytes, usbd_config_0.o(.text.USBD_Class_Endpoint0_OutDataReceived))
<BR><BR>[Called By]<UL><LI><a href="#[179]">&gt;&gt;</a>&nbsp;&nbsp;&nbsp;USBD_Core_Endpoint0_OutDataReceived
</UL>

<P><STRONG><a name="[17c]"></a>USBD_Class_Endpoint0_SetupPacketProcessed</STRONG> (Thumb, 2 bytes, Stack size 0 bytes, usbd_config_0.o(.text.USBD_Class_Endpoint0_SetupPacketProcessed))
<BR><BR>[Called By]<UL><LI><a href="#[17b]">&gt;&gt;</a>&nbsp;&nbsp;&nbsp;USBD_Core_Endpoint0_SetupPacketProcessed
</UL>

<P><STRONG><a name="[17e]"></a>USBD_Class_Endpoint0_SetupPacketReceived</STRONG> (Thumb, 4 bytes, Stack size 0 bytes, usbd_config_0.o(.text.USBD_Class_Endpoint0_SetupPacketReceived))
<BR><BR>[Called By]<UL><LI><a href="#[17d]">&gt;&gt;</a>&nbsp;&nbsp;&nbsp;USBD_Core_Endpoint0_SetupPacketReceived
</UL>

<P><STRONG><a name="[f6]"></a>USBD_Delay</STRONG> (Thumb, 12 bytes, Stack size 8 bytes, usbd_config_0.o(.text.USBD_Delay))
<BR><BR>[Stack]<UL><LI>Max Depth = 24<LI>Call Chain = USBD_Delay &rArr; USBD_MsToTick
</UL>
<BR>[Calls]<UL><LI><a href="#[f7]">&gt;&gt;</a>&nbsp;&nbsp;&nbsp;USBD_MsToTick
<LI><a href="#[f8]">&gt;&gt;</a>&nbsp;&nbsp;&nbsp;osDelay
</UL>
<BR>[Called By]<UL><LI><a href="#[187]">&gt;&gt;</a>&nbsp;&nbsp;&nbsp;USBD_DriverReadSetupPacket
<LI><a href="#[186]">&gt;&gt;</a>&nbsp;&nbsp;&nbsp;USBD_DriverPowerControl
<LI><a href="#[185]">&gt;&gt;</a>&nbsp;&nbsp;&nbsp;USBD_DriverInitialize
<LI><a href="#[184]">&gt;&gt;</a>&nbsp;&nbsp;&nbsp;USBD_DriverEndpointUnconfigure
<LI><a href="#[15f]">&gt;&gt;</a>&nbsp;&nbsp;&nbsp;USBD_DriverEndpointTransferGetResult
<LI><a href="#[182]">&gt;&gt;</a>&nbsp;&nbsp;&nbsp;USBD_DriverEndpointTransferAbort
<LI><a href="#[160]">&gt;&gt;</a>&nbsp;&nbsp;&nbsp;USBD_DriverEndpointTransfer
<LI><a href="#[183]">&gt;&gt;</a>&nbsp;&nbsp;&nbsp;USBD_DriverEndpointStall
<LI><a href="#[175]">&gt;&gt;</a>&nbsp;&nbsp;&nbsp;USBD_DriverEndpointConfigure
<LI><a href="#[181]">&gt;&gt;</a>&nbsp;&nbsp;&nbsp;USBD_DriverDeviceSetAddress
<LI><a href="#[172]">&gt;&gt;</a>&nbsp;&nbsp;&nbsp;USBD_DriverDeviceConnect
</UL>

<P><STRONG><a name="[98]"></a>USBD_Device0_ConfigurationChanged</STRONG> (Thumb, 2 bytes, Stack size 0 bytes, usbd_config_0.o(.text.USBD_Device0_ConfigurationChanged))
<BR>[Address Reference Count : 1]<UL><LI> usbd_config_0.o(.rodata.fpUSBD_Device_ConfigurationChanged)
</UL>
<P><STRONG><a name="[99]"></a>USBD_Device0_DisableRemoteWakeup</STRONG> (Thumb, 2 bytes, Stack size 0 bytes, usbd_config_0.o(.text.USBD_Device0_DisableRemoteWakeup))
<BR>[Address Reference Count : 1]<UL><LI> usbd_config_0.o(.rodata.fpUSBD_Device_DisableRemoteWakeup)
</UL>
<P><STRONG><a name="[9a]"></a>USBD_Device0_EnableRemoteWakeup</STRONG> (Thumb, 2 bytes, Stack size 0 bytes, usbd_config_0.o(.text.USBD_Device0_EnableRemoteWakeup))
<BR>[Address Reference Count : 1]<UL><LI> usbd_config_0.o(.rodata.fpUSBD_Device_EnableRemoteWakeup)
</UL>
<P><STRONG><a name="[9b]"></a>USBD_Device0_Endpoint0_InDataSent</STRONG> (Thumb, 4 bytes, Stack size 0 bytes, usbd_config_0.o(.text.USBD_Device0_Endpoint0_InDataSent))
<BR>[Address Reference Count : 1]<UL><LI> usbd_config_0.o(.rodata.fpUSBD_Device_Endpoint0_InDataSent)
</UL>
<P><STRONG><a name="[9c]"></a>USBD_Device0_Endpoint0_OutDataReceived</STRONG> (Thumb, 4 bytes, Stack size 0 bytes, usbd_config_0.o(.text.USBD_Device0_Endpoint0_OutDataReceived))
<BR>[Address Reference Count : 1]<UL><LI> usbd_config_0.o(.rodata.fpUSBD_Device_Endpoint0_OutDataReceived)
</UL>
<P><STRONG><a name="[9d]"></a>USBD_Device0_Endpoint0_SetupPacketProcessed</STRONG> (Thumb, 2 bytes, Stack size 0 bytes, usbd_config_0.o(.text.USBD_Device0_Endpoint0_SetupPacketProcessed))
<BR>[Address Reference Count : 1]<UL><LI> usbd_config_0.o(.rodata.fpUSBD_Device_Endpoint0_SetupPacketProcessed)
</UL>
<P><STRONG><a name="[9e]"></a>USBD_Device0_Endpoint0_SetupPacketReceived</STRONG> (Thumb, 4 bytes, Stack size 0 bytes, usbd_config_0.o(.text.USBD_Device0_Endpoint0_SetupPacketReceived))
<BR>[Address Reference Count : 1]<UL><LI> usbd_config_0.o(.rodata.fpUSBD_Device_Endpoint0_SetupPacketReceived)
</UL>
[...]
</UL>
<BR>[Calls]<UL><LI><a href="#[131]">&gt;&gt;</a>&nbsp;&nbsp;&nbsp;osRtxMemoryPoolAlloc
<LI><a href="#[152]">&gt;&gt;</a>&nbsp;&nbsp;&nbsp;osRtxMemoryAlloc
</UL>
<BR>[Address Reference Count : 1]<UL><LI> rtx_semaphore.o(.text.osSemaphoreNew)
</UL>
<P><STRONG><a name="[4c]"></a>svcRtxSemaphoreRelease</STRONG> (Thumb, 56 bytes, Stack size 8 bytes, rtx_semaphore.o(.text.svcRtxSemaphoreRelease))
<BR><BR>[Stack]<UL><LI>Max Depth = 48<LI>Call Chain = svcRtxSemaphoreRelease &rArr; osRtxThreadWaitExit &rArr; osRtxThreadDispatch &rArr; osRtxThreadBlock
</UL>
<BR>[Calls]<UL><LI><a href="#[ea]">&gt;&gt;</a>&nbsp;&nbsp;&nbsp;osRtxThreadListGet
<LI><a href="#[14c]">&gt;&gt;</a>&nbsp;&nbsp;&nbsp;SemaphoreTokenIncrement
<LI><a href="#[e8]">&gt;&gt;</a>&nbsp;&nbsp;&nbsp;osRtxThreadWaitExit
</UL>
<BR>[Address Reference Count : 1]<UL><LI> rtx_semaphore.o(.text.osSemaphoreRelease)
</UL>
<P><STRONG><a name="[171]"></a>USBD_CheckDevice</STRONG> (Thumb, 32 bytes, Stack size 0 bytes, usbd_lib_core.o(i.USBD_CheckDevice))
<BR><BR>[Called By]<UL><LI><a href="#[123]">&gt;&gt;</a>&nbsp;&nbsp;&nbsp;USBD_Initialize
<LI><a href="#[124]">&gt;&gt;</a>&nbsp;&nbsp;&nbsp;USBD_Connect
<LI><a href="#[125]">&gt;&gt;</a>&nbsp;&nbsp;&nbsp;USBD_Configured
</UL>

<P><STRONG><a name="[173]"></a>USBD_Core</STRONG> (Thumb, 188 bytes, Stack size 16 bytes, usbd_lib_core.o(i.USBD_Core))
<BR><BR>[Stack]<UL><LI>Max Depth = 240 + Unknown Stack Size
<LI>Call Chain = USBD_Core &rArr; USBD_Endpoint0 &rArr; USBD_Endpoint0_Setup_CDC_ReqToIF &rArr; USBD_DataInStage &rArr; USBD_DriverEndpointTransfer &rArr; USBD_DriverEndpointTransferAbort &rArr; USBD_SemaphoreRelease &rArr; osSemaphoreRelease &rArr; SemaphoreTokenIncrement
</UL>
<BR>[Calls]<UL><LI><a href="#[109]">&gt;&gt;</a>&nbsp;&nbsp;&nbsp;USBD_Reset
<LI><a href="#[175]">&gt;&gt;</a>&nbsp;&nbsp;&nbsp;USBD_DriverEndpointConfigure
<LI><a href="#[174]">&gt;&gt;</a>&nbsp;&nbsp;&nbsp;USBD_ResetCore
<LI><a href="#[176]">&gt;&gt;</a>&nbsp;&nbsp;&nbsp;USBD_Endpoint0
</UL>
<BR>[Called By]<UL><LI><a href="#[37]">&gt;&gt;</a>&nbsp;&nbsp;&nbsp;USBD_Core_Thread
</UL>

<P><STRONG><a name="[176]"></a>USBD_Endpoint0</STRONG> (Thumb, 886 bytes, Stack size 32 bytes, usbd_lib_core.o(i.USBD_Endpoint0))
<BR><BR>[Stack]<UL><LI>Max Depth = 224<LI>Call Chain = USBD_Endpoint0 &rArr; USBD_Endpoint0_Setup_CDC_ReqToIF &rArr; USBD_DataInStage &rArr; USBD_DriverEndpointTransfer &rArr; USBD_DriverEndpointTransferAbort &rArr; USBD_SemaphoreRelease &rArr; osSemaphoreRelease &rArr; SemaphoreTokenIncrement
</UL>
<BR>[Calls]<UL><LI><a href="#[196]">&gt;&gt;</a>&nbsp;&nbsp;&nbsp;USBD_Endpoint0_Setup_MSC_ReqToIF
<LI><a href="#[195]">&gt;&gt;</a>&nbsp;&nbsp;&nbsp;USBD_Endpoint0_Setup_HID_ReqToIF
<LI><a href="#[197]">&gt;&gt;</a>&nbsp;&nbsp;&nbsp;USBD_Endpoint0_Setup_ADC_ReqToIF
<LI><a href="#[199]">&gt;&gt;</a>&nbsp;&nbsp;&nbsp;USBD_Endpoint0_Setup_ADC_ReqToEP
<LI><a href="#[18b]">&gt;&gt;</a>&nbsp;&nbsp;&nbsp;USBD_Endpoint0_Out_HID_ReqToIF
<LI><a href="#[18c]">&gt;&gt;</a>&nbsp;&nbsp;&nbsp;USBD_Endpoint0_Out_ADC_ReqToIF
<LI><a href="#[18e]">&gt;&gt;</a>&nbsp;&nbsp;&nbsp;USBD_Endpoint0_Out_ADC_ReqToEP
<LI><a href="#[198]">&gt;&gt;</a>&nbsp;&nbsp;&nbsp;USBD_Endpoint0_Setup_CDC_ReqToIF
<LI><a href="#[18d]">&gt;&gt;</a>&nbsp;&nbsp;&nbsp;USBD_Endpoint0_Out_CDC_ReqToIF
<LI><a href="#[187]">&gt;&gt;</a>&nbsp;&nbsp;&nbsp;USBD_DriverReadSetupPacket
<LI><a href="#[183]">&gt;&gt;</a>&nbsp;&nbsp;&nbsp;USBD_DriverEndpointStall
<LI><a href="#[181]">&gt;&gt;</a>&nbsp;&nbsp;&nbsp;USBD_DriverDeviceSetAddress
<LI><a href="#[17d]">&gt;&gt;</a>&nbsp;&nbsp;&nbsp;USBD_Core_Endpoint0_SetupPacketReceived
<LI><a href="#[17b]">&gt;&gt;</a>&nbsp;&nbsp;&nbsp;USBD_Core_Endpoint0_SetupPacketProcessed
<LI><a href="#[179]">&gt;&gt;</a>&nbsp;&nbsp;&nbsp;USBD_Core_Endpoint0_OutDataReceived
<LI><a href="#[177]">&gt;&gt;</a>&nbsp;&nbsp;&nbsp;USBD_Core_Endpoint0_InDataSent
<LI><a href="#[18f]">&gt;&gt;</a>&nbsp;&nbsp;&nbsp;USBD_StatusOutStageDone
<LI><a href="#[188]">&gt;&gt;</a>&nbsp;&nbsp;&nbsp;USBD_StatusOutStage
<LI><a href="#[189]">&gt;&gt;</a>&nbsp;&nbsp;&nbsp;USBD_StatusInStageDone
<LI><a href="#[18a]">&gt;&gt;</a>&nbsp;&nbsp;&nbsp;USBD_StatusInStage
<LI><a href="#[180]">&gt;&gt;</a>&nbsp;&nbsp;&nbsp;USBD_DataOutStage
<LI><a href="#[17f]">&gt;&gt;</a>&nbsp;&nbsp;&nbsp;USBD_DataInStage
<LI><a href="#[194]">&gt;&gt;</a>&nbsp;&nbsp;&nbsp;USBD_ReqSetInterface
<LI><a href="#[193]">&gt;&gt;</a>&nbsp;&nbsp;&nbsp;USBD_ReqSetConfiguration
<LI><a href="#[191]">&gt;&gt;</a>&nbsp;&nbsp;&nbsp;USBD_ReqSetClrFeature
<LI><a href="#[190]">&gt;&gt;</a>&nbsp;&nbsp;&nbsp;USBD_ReqGetStatus
<LI><a href="#[19a]">&gt;&gt;</a>&nbsp;&nbsp;&nbsp;USBD_ReqGetMSDescriptor
<LI><a href="#[192]">&gt;&gt;</a>&nbsp;&nbsp;&nbsp;USBD_ReqGetDescriptor
</UL>
<BR>[Called By]<UL><LI><a href="#[173]">&gt;&gt;</a>&nbsp;&nbsp;&nbsp;USBD_Core
</UL>

<P><STRONG><a name="[192]"></a>USBD_ReqGetDescriptor</STRONG> (Thumb, 388 bytes, Stack size 24 bytes, usbd_lib_core.o(i.USBD_ReqGetDescriptor))
<BR><BR>[Stack]<UL><LI>Max Depth = 24<LI>Call Chain = USBD_ReqGetDescriptor
</UL>
<BR>[Calls]<UL><LI><a href="#[1a1]">&gt;&gt;</a>&nbsp;&nbsp;&nbsp;USBD_Endpoint0_ReqGetDescriptor_HID
</UL>
<BR>[Called By]<UL><LI><a href="#[176]">&gt;&gt;</a>&nbsp;&nbsp;&nbsp;USBD_Endpoint0
</UL>

<P><STRONG><a name="[19a]"></a>USBD_ReqGetMSDescriptor</STRONG> (Thumb, 162 bytes, Stack size 16 bytes, usbd_lib_core.o(i.USBD_ReqGetMSDescriptor))
<BR><BR>[Stack]<UL><LI>Max Depth = 16<LI>Call Chain = USBD_ReqGetMSDescriptor
</UL>
<BR>[Calls]<UL><LI><a href="#[1a2]">&gt;&gt;</a>&nbsp;&nbsp;&nbsp;USBD_Endpoint0_ReqGetExtProp_CC
</UL>
<BR>[Called By]<UL><LI><a href="#[176]">&gt;&gt;</a>&nbsp;&nbsp;&nbsp;USBD_Endpoint0
</UL>

<P><STRONG><a name="[190]"></a>USBD_ReqGetStatus</STRONG> (Thumb, 172 bytes, Stack size 20 bytes, usbd_lib_core.o(i.USBD_ReqGetStatus))
<BR><BR>[Stack]<UL><LI>Max Depth = 20<LI>Call Chain = USBD_ReqGetStatus
</UL>
<BR>[Called By]<UL><LI><a href="#[176]">&gt;&gt;</a>&nbsp;&nbsp;&nbsp;USBD_Endpoint0
</UL>

<P><STRONG><a name="[191]"></a>USBD_ReqSetClrFeature</STRONG> (Thumb, 250 bytes, Stack size 24 bytes, usbd_lib_core.o(i.USBD_ReqSetClrFeature))
<BR><BR>[Stack]<UL><LI>Max Depth = 136<LI>Call Chain = USBD_ReqSetClrFeature &rArr; USBD_DriverEndpointStall &rArr; USBD_DriverEndpointTransferAbort &rArr; USBD_SemaphoreRelease &rArr; osSemaphoreRelease &rArr; SemaphoreTokenIncrement
</UL>
<BR>[Calls]<UL><LI><a href="#[100]">&gt;&gt;</a>&nbsp;&nbsp;&nbsp;USBD_EndpointStop
<LI><a href="#[fe]">&gt;&gt;</a>&nbsp;&nbsp;&nbsp;USBD_EndpointStart
<LI><a href="#[1a3]">&gt;&gt;</a>&nbsp;&nbsp;&nbsp;USBD_Endpoint0_ClearFeatureStall_MSC
<LI><a href="#[182]">&gt;&gt;</a>&nbsp;&nbsp;&nbsp;USBD_DriverEndpointTransferAbort
<LI><a href="#[183]">&gt;&gt;</a>&nbsp;&nbsp;&nbsp;USBD_DriverEndpointStall
</UL>
<BR>[Called By]<UL><LI><a href="#[176]">&gt;&gt;</a>&nbsp;&nbsp;&nbsp;USBD_Endpoint0
</UL>

<P><STRONG><a name="[193]"></a>USBD_ReqSetConfiguration</STRONG> (Thumb, 600 bytes, Stack size 48 bytes, usbd_lib_core.o(i.USBD_ReqSetConfiguration))
<BR><BR>[Stack]<UL><LI>Max Depth = 176<LI>Call Chain = USBD_ReqSetConfiguration &rArr; USBD_DriverEndpointConfigure &rArr; USBD_DriverEndpointTransferAbort &rArr; USBD_SemaphoreRelease &rArr; osSemaphoreRelease &rArr; SemaphoreTokenIncrement
</UL>
<BR>[Calls]<UL><LI><a href="#[1a4]">&gt;&gt;</a>&nbsp;&nbsp;&nbsp;USBD_SetConfiguration
<LI><a href="#[100]">&gt;&gt;</a>&nbsp;&nbsp;&nbsp;USBD_EndpointStop
<LI><a href="#[fe]">&gt;&gt;</a>&nbsp;&nbsp;&nbsp;USBD_EndpointStart
<LI><a href="#[184]">&gt;&gt;</a>&nbsp;&nbsp;&nbsp;USBD_DriverEndpointUnconfigure
<LI><a href="#[182]">&gt;&gt;</a>&nbsp;&nbsp;&nbsp;USBD_DriverEndpointTransferAbort
<LI><a href="#[175]">&gt;&gt;</a>&nbsp;&nbsp;&nbsp;USBD_DriverEndpointConfigure
</UL>
<BR>[Called By]<UL><LI><a href="#[176]">&gt;&gt;</a>&nbsp;&nbsp;&nbsp;USBD_Endpoint0
</UL>

<P><STRONG><a name="[194]"></a>USBD_ReqSetInterface</STRONG> (Thumb, 394 bytes, Stack size 48 bytes, usbd_lib_core.o(i.USBD_ReqSetInterface))
<BR><BR>[Stack]<UL><LI>Max Depth = 176<LI>Call Chain = USBD_ReqSetInterface &rArr; USBD_DriverEndpointConfigure &rArr; USBD_DriverEndpointTransferAbort &rArr; USBD_SemaphoreRelease &rArr; osSemaphoreRelease &rArr; SemaphoreTokenIncrement
</UL>
<BR>[Calls]<UL><LI><a href="#[100]">&gt;&gt;</a>&nbsp;&nbsp;&nbsp;USBD_EndpointStop
<LI><a href="#[fe]">&gt;&gt;</a>&nbsp;&nbsp;&nbsp;USBD_EndpointStart
<LI><a href="#[184]">&gt;&gt;</a>&nbsp;&nbsp;&nbsp;USBD_DriverEndpointUnconfigure
<LI><a href="#[182]">&gt;&gt;</a>&nbsp;&nbsp;&nbsp;USBD_DriverEndpointTransferAbort
<LI><a href="#[175]">&gt;&gt;</a>&nbsp;&nbsp;&nbsp;USBD_DriverEndpointConfigure
</UL>
<BR>[Called By]<UL><LI><a href="#[176]">&gt;&gt;</a>&nbsp;&nbsp;&nbsp;USBD_Endpoint0
</UL>

<P><STRONG><a name="[174]"></a>USBD_ResetCore</STRONG> (Thumb, 36 bytes, Stack size 16 bytes, usbd_lib_core.o(i.USBD_ResetCore))
<BR><BR>[Stack]<UL><LI>Max Depth = 16 + Unknown Stack Size
<LI>Call Chain = USBD_ResetCore
</UL>
<BR>[Calls]<UL><LI><a href="#[153]">&gt;&gt;</a>&nbsp;&nbsp;&nbsp;__aeabi_memclr
</UL>
<BR>[Called By]<UL><LI><a href="#[173]">&gt;&gt;</a>&nbsp;&nbsp;&nbsp;USBD_Core
</UL>

<P><STRONG><a name="[157]"></a>USBD_CDC_CheckInstance</STRONG> (Thumb, 54 bytes, Stack size 0 bytes, usbd_lib_cdc.o(i.USBD_CDC_CheckInstance))
<BR><BR>[Called By]<UL><LI><a href="#[f5]">&gt;&gt;</a>&nbsp;&nbsp;&nbsp;USBD_CDC_Uninitialize
<LI><a href="#[10a]">&gt;&gt;</a>&nbsp;&nbsp;&nbsp;USBD_CDC_Reset
<LI><a href="#[39]">&gt;&gt;</a>&nbsp;&nbsp;&nbsp;USBD_CDC_Int_Thread
<LI><a href="#[f3]">&gt;&gt;</a>&nbsp;&nbsp;&nbsp;USBD_CDC_Initialize
<LI><a href="#[101]">&gt;&gt;</a>&nbsp;&nbsp;&nbsp;USBD_CDC_EndpointStop
<LI><a href="#[ff]">&gt;&gt;</a>&nbsp;&nbsp;&nbsp;USBD_CDC_EndpointStart
<LI><a href="#[38]">&gt;&gt;</a>&nbsp;&nbsp;&nbsp;USBD_CDC_Bulk_Thread
<LI><a href="#[127]">&gt;&gt;</a>&nbsp;&nbsp;&nbsp;USBD_CDC_ACM_ReadData
<LI><a href="#[126]">&gt;&gt;</a>&nbsp;&nbsp;&nbsp;USBD_CDC_ACM_DataAvailable
<LI><a href="#[170]">&gt;&gt;</a>&nbsp;&nbsp;&nbsp;USBD_CDC_NCM_CoreSetNtbInputSize
<LI><a href="#[16f]">&gt;&gt;</a>&nbsp;&nbsp;&nbsp;USBD_CDC_NCM_CoreSetNtbFormat
<LI><a href="#[16e]">&gt;&gt;</a>&nbsp;&nbsp;&nbsp;USBD_CDC_NCM_CoreSetNetAddress
<LI><a href="#[16d]">&gt;&gt;</a>&nbsp;&nbsp;&nbsp;USBD_CDC_NCM_CoreSetMaxDatagramSize
<LI><a href="#[16c]">&gt;&gt;</a>&nbsp;&nbsp;&nbsp;USBD_CDC_NCM_CoreSetEthernetPowerManagementPatternFilter
<LI><a href="#[16b]">&gt;&gt;</a>&nbsp;&nbsp;&nbsp;USBD_CDC_NCM_CoreSetEthernetPacketFilter
<LI><a href="#[16a]">&gt;&gt;</a>&nbsp;&nbsp;&nbsp;USBD_CDC_NCM_CoreSetEthernetMulticastFilters
<LI><a href="#[169]">&gt;&gt;</a>&nbsp;&nbsp;&nbsp;USBD_CDC_NCM_CoreSetCrcMode
<LI><a href="#[168]">&gt;&gt;</a>&nbsp;&nbsp;&nbsp;USBD_CDC_NCM_CoreGetNtbParameters
<LI><a href="#[167]">&gt;&gt;</a>&nbsp;&nbsp;&nbsp;USBD_CDC_NCM_CoreGetNtbInputSize
<LI><a href="#[166]">&gt;&gt;</a>&nbsp;&nbsp;&nbsp;USBD_CDC_NCM_CoreGetNtbFormat
<LI><a href="#[165]">&gt;&gt;</a>&nbsp;&nbsp;&nbsp;USBD_CDC_NCM_CoreGetNetAddress
<LI><a href="#[164]">&gt;&gt;</a>&nbsp;&nbsp;&nbsp;USBD_CDC_NCM_CoreGetMaxDatagramSize
<LI><a href="#[163]">&gt;&gt;</a>&nbsp;&nbsp;&nbsp;USBD_CDC_NCM_CoreGetEthernetStatistic
<LI><a href="#[162]">&gt;&gt;</a>&nbsp;&nbsp;&nbsp;USBD_CDC_NCM_CoreGetEthernetPowerManagementPatternFilter
<LI><a href="#[161]">&gt;&gt;</a>&nbsp;&nbsp;&nbsp;USBD_CDC_NCM_CoreGetCrcMode
<LI><a href="#[15c]">&gt;&gt;</a>&nbsp;&nbsp;&nbsp;USBD_CDC_ACM_WriteData
<LI><a href="#[15b]">&gt;&gt;</a>&nbsp;&nbsp;&nbsp;USBD_CDC_ACM_CoreSetLineCoding
<LI><a href="#[15a]">&gt;&gt;</a>&nbsp;&nbsp;&nbsp;USBD_CDC_ACM_CoreSetControlLineState
<LI><a href="#[159]">&gt;&gt;</a>&nbsp;&nbsp;&nbsp;USBD_CDC_ACM_CoreSendEncapsulatedCommand
<LI><a href="#[158]">&gt;&gt;</a>&nbsp;&nbsp;&nbsp;USBD_CDC_ACM_CoreGetLineCoding
<LI><a href="#[156]">&gt;&gt;</a>&nbsp;&nbsp;&nbsp;USBD_CDC_ACM_CoreGetEncapsulatedResponse
<LI><a href="#[15d]">&gt;&gt;</a>&nbsp;&nbsp;&nbsp;USBD_CDC_EpBulkOut
<LI><a href="#[15e]">&gt;&gt;</a>&nbsp;&nbsp;&nbsp;USBD_CDC_EpBulkIn
</UL>

<P><STRONG><a name="[15e]"></a>USBD_CDC_EpBulkIn</STRONG> (Thumb, 494 bytes, Stack size 40 bytes, usbd_lib_cdc.o(i.USBD_CDC_EpBulkIn))
<BR><BR>[Stack]<UL><LI>Max Depth = 168<LI>Call Chain = USBD_CDC_EpBulkIn &rArr; USBD_DriverEndpointTransfer &rArr; USBD_DriverEndpointTransferAbort &rArr; USBD_SemaphoreRelease &rArr; osSemaphoreRelease &rArr; SemaphoreTokenIncrement
</UL>
<BR>[Calls]<UL><LI><a href="#[157]">&gt;&gt;</a>&nbsp;&nbsp;&nbsp;USBD_CDC_CheckInstance
<LI><a href="#[15f]">&gt;&gt;</a>&nbsp;&nbsp;&nbsp;USBD_DriverEndpointTransferGetResult
<LI><a href="#[160]">&gt;&gt;</a>&nbsp;&nbsp;&nbsp;USBD_DriverEndpointTransfer
<LI><a href="#[12e]">&gt;&gt;</a>&nbsp;&nbsp;&nbsp;__aeabi_memcpy
</UL>
<BR>[Called By]<UL><LI><a href="#[38]">&gt;&gt;</a>&nbsp;&nbsp;&nbsp;USBD_CDC_Bulk_Thread
</UL>

<P><STRONG><a name="[15d]"></a>USBD_CDC_EpBulkOut</STRONG> (Thumb, 426 bytes, Stack size 48 bytes, usbd_lib_cdc.o(i.USBD_CDC_EpBulkOut))
<BR><BR>[Stack]<UL><LI>Max Depth = 176<LI>Call Chain = USBD_CDC_EpBulkOut &rArr; USBD_DriverEndpointTransfer &rArr; USBD_DriverEndpointTransferAbort &rArr; USBD_SemaphoreRelease &rArr; osSemaphoreRelease &rArr; SemaphoreTokenIncrement
</UL>
<BR>[Calls]<UL><LI><a href="#[157]">&gt;&gt;</a>&nbsp;&nbsp;&nbsp;USBD_CDC_CheckInstance
<LI><a href="#[15f]">&gt;&gt;</a>&nbsp;&nbsp;&nbsp;USBD_DriverEndpointTransferGetResult
<LI><a href="#[160]">&gt;&gt;</a>&nbsp;&nbsp;&nbsp;USBD_DriverEndpointTransfer
<LI><a href="#[12e]">&gt;&gt;</a>&nbsp;&nbsp;&nbsp;__aeabi_memcpy
</UL>
<BR>[Called By]<UL><LI><a href="#[38]">&gt;&gt;</a>&nbsp;&nbsp;&nbsp;USBD_CDC_Bulk_Thread
</UL>

<P><STRONG><a name="[12d]"></a>MessageQueueGet</STRONG> (Thumb, 64 bytes, Stack size 8 bytes, rtx_msgqueue.o(.text.MessageQueueGet))
<BR><BR>[Stack]<UL><LI>Max Depth = 8<LI>Call Chain = MessageQueueGet
</UL>
<BR>[Called By]<UL><LI><a href="#[41]">&gt;&gt;</a>&nbsp;&nbsp;&nbsp;svcRtxMessageQueueGet
<LI><a href="#[12c]">&gt;&gt;</a>&nbsp;&nbsp;&nbsp;osMessageQueueGet
</UL>

<P><STRONG><a name="[136]"></a>MessageQueuePut</STRONG> (Thumb, 88 bytes, Stack size 16 bytes, rtx_msgqueue.o(.text.MessageQueuePut))
<BR><BR>[Stack]<UL><LI>Max Depth = 16<LI>Call Chain = MessageQueuePut
</UL>
<BR>[Called By]<UL><LI><a href="#[42]">&gt;&gt;</a>&nbsp;&nbsp;&nbsp;svcRtxMessageQueuePut
<LI><a href="#[41]">&gt;&gt;</a>&nbsp;&nbsp;&nbsp;svcRtxMessageQueueGet
<LI><a href="#[53]">&gt;&gt;</a>&nbsp;&nbsp;&nbsp;osRtxMessageQueuePostProcess
</UL>

<P><STRONG><a name="[133]"></a>MessageQueueRemove</STRONG> (Thumb, 28 bytes, Stack size 0 bytes, rtx_msgqueue.o(.text.MessageQueueRemove))
<BR><BR>[Called By]<UL><LI><a href="#[41]">&gt;&gt;</a>&nbsp;&nbsp;&nbsp;svcRtxMessageQueueGet
<LI><a href="#[53]">&gt;&gt;</a>&nbsp;&nbsp;&nbsp;osRtxMessageQueuePostProcess
</UL>

<P><STRONG><a name="[e7]"></a>OUTLINED_FUNCTION_0</STRONG> (Thumb, 12 bytes, Stack size 0 bytes, rtx_msgqueue.o(.text.OUTLINED_FUNCTION_0))
<BR><BR>[Stack]<UL><LI>Max Depth = 40<LI>Call Chain = OUTLINED_FUNCTION_0 &rArr; osRtxThreadWaitExit &rArr; osRtxThreadDispatch &rArr; osRtxThreadBlock
</UL>
<BR>[Calls]<UL><LI><a href="#[e8]">&gt;&gt;</a>&nbsp;&nbsp;&nbsp;osRtxThreadWaitExit
</UL>
<BR>[Called By]<UL><LI><a href="#[53]">&gt;&gt;</a>&nbsp;&nbsp;&nbsp;osRtxMessageQueuePostProcess
</UL>

<P><STRONG><a name="[e9]"></a>OUTLINED_FUNCTION_1</STRONG> (Thumb, 6 bytes, Stack size 0 bytes, rtx_msgqueue.o(.text.OUTLINED_FUNCTION_1))
<BR><BR>[Calls]<UL><LI><a href="#[ea]">&gt;&gt;</a>&nbsp;&nbsp;&nbsp;osRtxThreadListGet
</UL>
<BR>[Called By]<UL><LI><a href="#[42]">&gt;&gt;</a>&nbsp;&nbsp;&nbsp;svcRtxMessageQueuePut
<LI><a href="#[41]">&gt;&gt;</a>&nbsp;&nbsp;&nbsp;svcRtxMessageQueueGet
</UL>

<P><STRONG><a name="[53]"></a>osRtxMessageQueuePostProcess</STRONG> (Thumb, 170 bytes, Stack size 24 bytes, rtx_msgqueue.o(.text.osRtxMessageQueuePostProcess))
<BR><BR>[Stack]<UL><LI>Max Depth = 64<LI>Call Chain = osRtxMessageQueuePostProcess &rArr; OUTLINED_FUNCTION_0 &rArr; osRtxThreadWaitExit &rArr; osRtxThreadDispatch &rArr; osRtxThreadBlock
</UL>
<BR>[Calls]<UL><LI><a href="#[ea]">&gt;&gt;</a>&nbsp;&nbsp;&nbsp;osRtxThreadListGet
<LI><a href="#[e7]">&gt;&gt;</a>&nbsp;&nbsp;&nbsp;OUTLINED_FUNCTION_0
<LI><a href="#[133]">&gt;&gt;</a>&nbsp;&nbsp;&nbsp;MessageQueueRemove
<LI><a href="#[136]">&gt;&gt;</a>&nbsp;&nbsp;&nbsp;MessageQueuePut
<LI><a href="#[135]">&gt;&gt;</a>&nbsp;&nbsp;&nbsp;osRtxThreadRegPtr
<LI><a href="#[134]">&gt;&gt;</a>&nbsp;&nbsp;&nbsp;osRtxMemoryPoolFree
<LI><a href="#[131]">&gt;&gt;</a>&nbsp;&nbsp;&nbsp;osRtxMemoryPoolAlloc
<LI><a href="#[12e]">&gt;&gt;</a>&nbsp;&nbsp;&nbsp;__aeabi_memcpy
</UL>
<BR>[Address Reference Count : 1]<UL><LI> rtx_msgqueue.o(.text.svcRtxMessageQueueNew)
</UL>
<P><STRONG><a name="[41]"></a>svcRtxMessageQueueGet</STRONG> (Thumb, 200 bytes, Stack size 24 bytes, rtx_msgqueue.o(.text.svcRtxMessageQueueGet))
<BR><BR>[Stack]<UL><LI>Max Depth = 64<LI>Call Chain = svcRtxMessageQueueGet &rArr; osRtxThreadWaitExit &rArr; osRtxThreadDispatch &rArr; osRtxThreadBlock
</UL>
<BR>[Calls]<UL><LI><a href="#[e9]">&gt;&gt;</a>&nbsp;&nbsp;&nbsp;OUTLINED_FUNCTION_1
<LI><a href="#[133]">&gt;&gt;</a>&nbsp;&nbsp;&nbsp;MessageQueueRemove
<LI><a href="#[136]">&gt;&gt;</a>&nbsp;&nbsp;&nbsp;MessageQueuePut
<LI><a href="#[12d]">&gt;&gt;</a>&nbsp;&nbsp;&nbsp;MessageQueueGet
<LI><a href="#[e8]">&gt;&gt;</a>&nbsp;&nbsp;&nbsp;osRtxThreadWaitExit
<LI><a href="#[147]">&gt;&gt;</a>&nbsp;&nbsp;&nbsp;osRtxThreadWaitEnter
<LI><a href="#[135]">&gt;&gt;</a>&nbsp;&nbsp;&nbsp;osRtxThreadRegPtr
<LI><a href="#[144]">&gt;&gt;</a>&nbsp;&nbsp;&nbsp;osRtxThreadListPut
<LI><a href="#[134]">&gt;&gt;</a>&nbsp;&nbsp;&nbsp;osRtxMemoryPoolFree
<LI><a href="#[131]">&gt;&gt;</a>&nbsp;&nbsp;&nbsp;osRtxMemoryPoolAlloc
<LI><a href="#[12e]">&gt;&gt;</a>&nbsp;&nbsp;&nbsp;__aeabi_memcpy
</UL>
<BR>[Address Reference Count : 1]<UL><LI> rtx_msgqueue.o(.text.osMessageQueueGet)
</UL>
<P><STRONG><a name="[138]"></a>svcRtxMessageQueueNew</STRONG> (Thumb, 272 bytes, Stack size 40 bytes, rtx_msgqueue.o(.text.svcRtxMessageQueueNew))
<BR><BR>[Stack]<UL><LI>Max Depth = 60 + Unknown Stack Size
<LI>Call Chain = svcRtxMessageQueueNew &rArr; osRtxMemoryAlloc
</UL>
<BR>[Calls]<UL><LI><a href="#[e6]">&gt;&gt;</a>&nbsp;&nbsp;&nbsp;osRtxMemoryPoolInit
<LI><a href="#[134]">&gt;&gt;</a>&nbsp;&nbsp;&nbsp;osRtxMemoryPoolFree
<LI><a href="#[131]">&gt;&gt;</a>&nbsp;&nbsp;&nbsp;osRtxMemoryPoolAlloc
<LI><a href="#[142]">&gt;&gt;</a>&nbsp;&nbsp;&nbsp;osRtxMemoryFree
<LI><a href="#[152]">&gt;&gt;</a>&nbsp;&nbsp;&nbsp;osRtxMemoryAlloc
<LI><a href="#[153]">&gt;&gt;</a>&nbsp;&nbsp;&nbsp;__aeabi_memclr
</UL>
<BR>[Called By]<UL><LI><a href="#[137]">&gt;&gt;</a>&nbsp;&nbsp;&nbsp;osRtxMessageQueueTimerSetup
</UL>

<P><STRONG><a name="[42]"></a>svcRtxMessageQueuePut</STRONG> (Thumb, 168 bytes, Stack size 24 bytes, rtx_msgqueue.o(.text.svcRtxMessageQueuePut))
<BR><BR>[Stack]<UL><LI>Max Depth = 64<LI>Call Chain = svcRtxMessageQueuePut &rArr; osRtxThreadWaitExit &rArr; osRtxThreadDispatch &rArr; osRtxThreadBlock
</UL>
<BR>[Calls]<UL><LI><a href="#[e9]">&gt;&gt;</a>&nbsp;&nbsp;&nbsp;OUTLINED_FUNCTION_1
<LI><a href="#[136]">&gt;&gt;</a>&nbsp;&nbsp;&nbsp;MessageQueuePut
<LI><a href="#[e8]">&gt;&gt;</a>&nbsp;&nbsp;&nbsp;osRtxThreadWaitExit
<LI><a href="#[147]">&gt;&gt;</a>&nbsp;&nbsp;&nbsp;osRtxThreadWaitEnter
<LI><a href="#[135]">&gt;&gt;</a>&nbsp;&nbsp;&nbsp;osRtxThreadRegPtr
<LI><a href="#[144]">&gt;&gt;</a>&nbsp;&nbsp;&nbsp;osRtxThreadListPut
<LI><a href="#[131]">&gt;&gt;</a>&nbsp;&nbsp;&nbsp;osRtxMemoryPoolAlloc
<LI><a href="#[12e]">&gt;&gt;</a>&nbsp;&nbsp;&nbsp;__aeabi_memcpy
</UL>
<BR>[Address Reference Count : 1]<UL><LI> rtx_msgqueue.o(.text.osMessageQueuePut)
</UL><P>
<H3>
Undefined Global Symbols
</H3><HR></body></html>
