Component: ARM Compiler 6.16 Tool: armlink [5dfeaa00]

==============================================================================

Section Cross References

    main.o(.text.main) refers to rtx_kernel.o(.text.osKernelInitialize) for osKernelInitialize
    main.o(.text.main) refers to main.o(.text.led) for led
    main.o(.text.main) refers to rtx_thread.o(.text.osThreadNew) for osThreadNew
    main.o(.text.main) refers to main.o(.text.app) for app
    main.o(.text.main) refers to rtx_kernel.o(.text.osKernelStart) for osKernelStart
    main.o(.ARM.exidx.text.main) refers to main.o(.text.main) for [Anonymous Symbol]
    main.o(.text.led) refers to rtx_delay.o(.text.osDelay) for osDelay
    main.o(.ARM.exidx.text.led) refers to main.o(.text.led) for [Anonymous Symbol]
    main.o(.text.app) refers to rtx_delay.o(.text.osDelay) for osDelay
    main.o(.text.app) refers to usbd_lib_core.o(i.USBD_Initialize) for USBD_Initialize
    main.o(.text.app) refers to usbd_lib_core.o(i.USBD_Connect) for USBD_Connect
    main.o(.text.app) refers to usbd_lib_core.o(i.USBD_Configured) for USBD_Configured
    main.o(.text.app) refers to main.o(.bss.lcd_data) for lcd_data
    main.o(.text.app) refers to oled.o(.text.LCD_UPDATE) for LCD_UPDATE
    main.o(.text.app) refers to usbd_lib_cdc.o(i.USBD_CDC_ACM_DataAvailable) for USBD_CDC_ACM_DataAvailable
    main.o(.text.app) refers to usbd_lib_cdc.o(i.USBD_CDC_ACM_ReadData) for USBD_CDC_ACM_ReadData
    main.o(.text.app) refers to usbd_lib_cdc.o(i.USBD_CDC_ACM_PutChar) for USBD_CDC_ACM_PutChar
    main.o(.ARM.exidx.text.app) refers to main.o(.text.app) for [Anonymous Symbol]
    usbd_user_cdc_acm_0.o(.ARM.exidx.text.USBD_CDC0_ACM_Initialize) refers to usbd_user_cdc_acm_0.o(.text.USBD_CDC0_ACM_Initialize) for [Anonymous Symbol]
    usbd_user_cdc_acm_0.o(.ARM.exidx.text.USBD_CDC0_ACM_Uninitialize) refers to usbd_user_cdc_acm_0.o(.text.USBD_CDC0_ACM_Uninitialize) for [Anonymous Symbol]
    usbd_user_cdc_acm_0.o(.ARM.exidx.text.USBD_CDC0_ACM_Reset) refers to usbd_user_cdc_acm_0.o(.text.USBD_CDC0_ACM_Reset) for [Anonymous Symbol]
    usbd_user_cdc_acm_0.o(.ARM.exidx.text.USBD_CDC0_ACM_SendEncapsulatedCommand) refers to usbd_user_cdc_acm_0.o(.text.USBD_CDC0_ACM_SendEncapsulatedCommand) for [Anonymous Symbol]
    usbd_user_cdc_acm_0.o(.ARM.exidx.text.USBD_CDC0_ACM_GetEncapsulatedResponse) refers to usbd_user_cdc_acm_0.o(.text.USBD_CDC0_ACM_GetEncapsulatedResponse) for [Anonymous Symbol]
    usbd_user_cdc_acm_0.o(.text.USBD_CDC0_ACM_SetLineCoding) refers to usbd_user_cdc_acm_0.o(.bss.cdc_acm_line_coding) for cdc_acm_line_coding
    usbd_user_cdc_acm_0.o(.ARM.exidx.text.USBD_CDC0_ACM_SetLineCoding) refers to usbd_user_cdc_acm_0.o(.text.USBD_CDC0_ACM_SetLineCoding) for [Anonymous Symbol]
    usbd_user_cdc_acm_0.o(.text.USBD_CDC0_ACM_GetLineCoding) refers to usbd_user_cdc_acm_0.o(.bss.cdc_acm_line_coding) for cdc_acm_line_coding
    usbd_user_cdc_acm_0.o(.ARM.exidx.text.USBD_CDC0_ACM_GetLineCoding) refers to usbd_user_cdc_acm_0.o(.text.USBD_CDC0_ACM_GetLineCoding) for [Anonymous Symbol]
    usbd_user_cdc_acm_0.o(.ARM.exidx.text.USBD_CDC0_ACM_SetControlLineState) refers to usbd_user_cdc_acm_0.o(.text.USBD_CDC0_ACM_SetControlLineState) for [Anonymous Symbol]
    usbd_user_cdc_acm_0.o(.ARM.exidx.text.USBD_CDC0_ACM_DataReceived) refers to usbd_user_cdc_acm_0.o(.text.USBD_CDC0_ACM_DataReceived) for [Anonymous Symbol]
    usbd_user_cdc_acm_0.o(.ARM.exidx.text.USBD_CDC0_ACM_DataSent) refers to usbd_user_cdc_acm_0.o(.text.USBD_CDC0_ACM_DataSent) for [Anonymous Symbol]
    oled.o(.text.LCD_UPDATE) refers to oled.o(.bss.isInited) for isInited
    oled.o(.text.LCD_UPDATE) refers to oled.o(.text.LCD_Init) for LCD_Init
    oled.o(.text.LCD_UPDATE) refers to oled.o(.text.drv_write) for drv_write
    oled.o(.ARM.exidx.text.LCD_UPDATE) refers to oled.o(.text.LCD_UPDATE) for [Anonymous Symbol]
    oled.o(.text.LCD_Init) refers to i2c_stm32f10x.o(.rodata.Driver_I2C1) for Driver_I2C1
    oled.o(.text.LCD_Init) refers to oled.o(.bss.Lcd_ram) for Lcd_ram
    oled.o(.text.LCD_Init) refers to oled.o(.text.drv_write) for drv_write
    oled.o(.text.LCD_Init) refers to oled.o(.bss.isInited) for isInited
    oled.o(.ARM.exidx.text.LCD_Init) refers to oled.o(.text.LCD_Init) for [Anonymous Symbol]
    oled.o(.text.drv_write) refers to i2c_stm32f10x.o(.rodata.Driver_I2C1) for Driver_I2C1
    oled.o(.ARM.exidx.text.drv_write) refers to oled.o(.text.drv_write) for [Anonymous Symbol]
    rtx_lib.o(.text._platform_post_stackheap_init) refers to rtx_kernel.o(.text.osKernelInitialize) for osKernelInitialize
    rtx_lib.o(.ARM.exidx.text._platform_post_stackheap_init) refers to rtx_lib.o(.text._platform_post_stackheap_init) for [Anonymous Symbol]
    rtx_lib.o(.text.__user_perthread_libspace) refers to rtx_lib.o(.text.os_kernel_is_active) for os_kernel_is_active
    rtx_lib.o(.text.__user_perthread_libspace) refers to rtx_thread.o(.text.osThreadGetId) for osThreadGetId
[...]
    USBD_Core_Endpoint0_SetupPacketProcessed 0x08004ff9   Thumb Code    46  usbd_lib_core_device.o(i.USBD_Core_Endpoint0_SetupPacketProcessed)
    USBD_Core_Endpoint0_SetupPacketReceived  0x08005035   Thumb Code    68  usbd_lib_core_device.o(i.USBD_Core_Endpoint0_SetupPacketReceived)
    USBD_Core_Thread                         0x08005085   Thumb Code   134  usbd_lib_core.o(i.USBD_Core_Thread)
    USBD_DataInStage                         0x08005119   Thumb Code    96  usbd_lib_core.o(i.USBD_DataInStage)
    USBD_DataOutStage                        0x0800517d   Thumb Code    38  usbd_lib_core.o(i.USBD_DataOutStage)
    USBD_DriverDeviceConnect                 0x080051a9   Thumb Code    94  usbd_lib_drv.o(i.USBD_DriverDeviceConnect)
    USBD_DriverDeviceSetAddress              0x08005211   Thumb Code   100  usbd_lib_drv.o(i.USBD_DriverDeviceSetAddress)
    USBD_DriverEndpointConfigure             0x0800527d   Thumb Code   194  usbd_lib_drv.o(i.USBD_DriverEndpointConfigure)
    USBD_DriverEndpointStall                 0x0800534d   Thumb Code   168  usbd_lib_drv.o(i.USBD_DriverEndpointStall)
    USBD_DriverEndpointTransfer              0x08005401   Thumb Code   216  usbd_lib_drv.o(i.USBD_DriverEndpointTransfer)
    USBD_DriverEndpointTransferAbort         0x080054e5   Thumb Code   166  usbd_lib_drv.o(i.USBD_DriverEndpointTransferAbort)
    USBD_DriverEndpointTransferGetResult     0x08005599   Thumb Code   108  usbd_lib_drv.o(i.USBD_DriverEndpointTransferGetResult)
    USBD_DriverEndpointUnconfigure           0x08005611   Thumb Code   166  usbd_lib_drv.o(i.USBD_DriverEndpointUnconfigure)
    USBD_DriverGetCapabilities               0x080056c5   Thumb Code    12  usbd_lib_drv.o(i.USBD_DriverGetCapabilities)
    USBD_DriverGetVersion                    0x080056d5   Thumb Code    12  usbd_lib_drv.o(i.USBD_DriverGetVersion)
    USBD_DriverInitialize                    0x080056e5   Thumb Code   102  usbd_lib_drv.o(i.USBD_DriverInitialize)
    USBD_DriverPowerControl                  0x08005755   Thumb Code   100  usbd_lib_drv.o(i.USBD_DriverPowerControl)
    USBD_DriverReadSetupPacket               0x080057c1   Thumb Code   100  usbd_lib_drv.o(i.USBD_DriverReadSetupPacket)
    USBD_Endpoint0_Out_CDC_ReqToIF           0x08005bad   Thumb Code   242  usbd_lib_core_cdc.o(i.USBD_Endpoint0_Out_CDC_ReqToIF)
    USBD_Endpoint0_Setup_CDC_ReqToIF         0x08005cb1   Thumb Code   802  usbd_lib_core_cdc.o(i.USBD_Endpoint0_Setup_CDC_ReqToIF)
    USBD_Initialize                          0x08005fe5   Thumb Code   382  usbd_lib_core.o(i.USBD_Initialize)
    USBD_SignalDeviceEvent                   0x080069c5   Thumb Code    10  usbd_lib_drv.o(i.USBD_SignalDeviceEvent)
    USBD_SignalEndpointEvent                 0x080069d5   Thumb Code    60  usbd_lib_drv.o(i.USBD_SignalEndpointEvent)
    USBD_StatusInStage                       0x08006a1d   Thumb Code    10  usbd_lib_core.o(i.USBD_StatusInStage)
    USBD_StatusInStageDone                   0x08006a27   Thumb Code    16  usbd_lib_core.o(i.USBD_StatusInStageDone)
    USBD_StatusOutStage                      0x08006a37   Thumb Code    10  usbd_lib_core.o(i.USBD_StatusOutStage)
    USBD_StatusOutStageDone                  0x08006a41   Thumb Code    42  usbd_lib_core.o(i.USBD_StatusOutStageDone)
    osRtxConfig                              0x08006a70   Data         112  rtx_lib.o(.rodata)
    os_cb_sections                           0x08006ae0   Data          56  rtx_lib.o(.rodata)
    AHBPrescTable                            0x08006b18   Data          16  system_stm32f10x.o(.rodata.AHBPrescTable)
    Driver_I2C1                              0x08006b28   Data          48  i2c_stm32f10x.o(.rodata.Driver_I2C1)
    Driver_USBD0                             0x08006b58   Data          72  usbd_stm32f10x.o(.rodata.Driver_USBD0)
    fpUSBD_CDC_ACM_DataReceived              0x08006bd0   Data           4  usbd_config_0.o(.rodata.fpUSBD_CDC_ACM_DataReceived)
    fpUSBD_CDC_ACM_DataSent                  0x08006bd4   Data           4  usbd_config_0.o(.rodata.fpUSBD_CDC_ACM_DataSent)
    fpUSBD_CDC_ACM_GetEncapsulatedResponse   0x08006bd8   Data           4  usbd_config_0.o(.rodata.fpUSBD_CDC_ACM_GetEncapsulatedResponse)
    fpUSBD_CDC_ACM_GetLineCoding             0x08006bdc   Data           4  usbd_config_0.o(.rodata.fpUSBD_CDC_ACM_GetLineCoding)
    fpUSBD_CDC_ACM_Initialize                0x08006be0   Data           4  usbd_config_0.o(.rodata.fpUSBD_CDC_ACM_Initialize)
    fpUSBD_CDC_ACM_Reset                     0x08006be4   Data           4  usbd_config_0.o(.rodata.fpUSBD_CDC_ACM_Reset)
    fpUSBD_CDC_ACM_SendEncapsulatedCommand   0x08006be8   Data           4  usbd_config_0.o(.rodata.fpUSBD_CDC_ACM_SendEncapsulatedCommand)
    fpUSBD_CDC_ACM_SetControlLineState       0x08006bec   Data           4  usbd_config_0.o(.rodata.fpUSBD_CDC_ACM_SetControlLineState)
    fpUSBD_CDC_ACM_SetLineCoding             0x08006bf0   Data           4  usbd_config_0.o(.rodata.fpUSBD_CDC_ACM_SetLineCoding)
    fpUSBD_CDC_ACM_Uninitialize              0x08006bf4   Data           4  usbd_config_0.o(.rodata.fpUSBD_CDC_ACM_Uninitialize)
    fpUSBD_CDC_NCM_GetCrcMode                0x08006bf8   Data           4  usbd_config_0.o(.rodata.fpUSBD_CDC_NCM_GetCrcMode)
    fpUSBD_CDC_NCM_GetEthernetPowerManagementPatternFilter 0x08006bfc   Data           4  usbd_config_0.o(.rodata.fpUSBD_CDC_NCM_GetEthernetPowerManagementPatternFilter)
    fpUSBD_CDC_NCM_GetEthernetStatistic      0x08006c00   Data           4  usbd_config_0.o(.rodata.fpUSBD_CDC_NCM_GetEthernetStatistic)
    fpUSBD_CDC_NCM_GetMaxDatagramSize        0x08006c04   Data           4  usbd_config_0.o(.rodata.fpUSBD_CDC_NCM_GetMaxDatagramSize)
    fpUSBD_CDC_NCM_GetNetAddress             0x08006c08   Data           4  usbd_config_0.o(.rodata.fpUSBD_CDC_NCM_GetNetAddress)
    fpUSBD_CDC_NCM_GetNtbFormat              0x08006c0c   Data           4  usbd_config_0.o(.rodata.fpUSBD_CDC_NCM_GetNtbFormat)
    fpUSBD_CDC_NCM_GetNtbInputSize           0x08006c10   Data           4  usbd_config_0.o(.rodata.fpUSBD_CDC_NCM_GetNtbInputSize)
    fpUSBD_CDC_NCM_GetNtbParameters          0x08006c14   Data           4  usbd_config_0.o(.rodata.fpUSBD_CDC_NCM_GetNtbParameters)
    fpUSBD_CDC_NCM_Initialize                0x08006c18   Data           4  usbd_config_0.o(.rodata.fpUSBD_CDC_NCM_Initialize)
    fpUSBD_CDC_NCM_NTB_IN_Sent               0x08006c1c   Data           4  usbd_config_0.o(.rodata.fpUSBD_CDC_NCM_NTB_IN_Sent)
    fpUSBD_CDC_NCM_NTB_OUT_Received          0x08006c20   Data           4  usbd_config_0.o(.rodata.fpUSBD_CDC_NCM_NTB_OUT_Received)
    fpUSBD_CDC_NCM_Reset                     0x08006c24   Data           4  usbd_config_0.o(.rodata.fpUSBD_CDC_NCM_Reset)
    fpUSBD_CDC_NCM_SetCrcMode                0x08006c28   Data           4  usbd_config_0.o(.rodata.fpUSBD_CDC_NCM_SetCrcMode)
    fpUSBD_CDC_NCM_SetEthernetMulticastFilters 0x08006c2c   Data           4  usbd_config_0.o(.rodata.fpUSBD_CDC_NCM_SetEthernetMulticastFilters)
    fpUSBD_CDC_NCM_SetEthernetPacketFilter   0x08006c30   Data           4  usbd_config_0.o(.rodata.fpUSBD_CDC_NCM_SetEthernetPacketFilter)
    fpUSBD_CDC_NCM_SetEthernetPowerManagementPatternFilter 0x08006c34   Data           4  usbd_config_0.o(.rodata.fpUSBD_CDC_NCM_SetEthernetPowerManagementPatternFilter)
    fpUSBD_CDC_NCM_SetMaxDatagramSize        0x08006c38   Data           4  usbd_config_0.o(.rodata.fpUSBD_CDC_NCM_SetMaxDatagramSize)
    fpUSBD_CDC_NCM_SetNetAddress             0x08006c3c   Data           4  usbd_config_0.o(.rodata.fpUSBD_CDC_NCM_SetNetAddress)
    fpUSBD_CDC_NCM_SetNtbFormat              0x08006c40   Data           4  usbd_config_0.o(.rodata.fpUSBD_CDC_NCM_SetNtbFormat)
    fpUSBD_CDC_NCM_SetNtbInputSize           0x08006c44   Data           4  usbd_config_0.o(.rodata.fpUSBD_CDC_NCM_SetNtbInputSize)
    fpUSBD_CDC_NCM_Start                     0x08006c48   Data           4  usbd_config_0.o(.rodata.fpUSBD_CDC_NCM_Start)
    fpUSBD_CDC_NCM_Stop                      0x08006c4c   Data           4  usbd_config_0.o(.rodata.fpUSBD_CDC_NCM_Stop)
    fpUSBD_CDC_NCM_Uninitialize              0x08006c50   Data           4  usbd_config_0.o(.rodata.fpUSBD_CDC_NCM_Uninitialize)
    fpUSBD_Device_ConfigurationChanged       0x08006c54   Data           4  usbd_config_0.o(.rodata.fpUSBD_Device_ConfigurationChanged)
    fpUSBD_Device_DisableRemoteWakeup        0x08006c58   Data           4  usbd_config_0.o(.rodata.fpUSBD_Device_DisableRemoteWakeup)
    fpUSBD_Device_EnableRemoteWakeup         0x08006c5c   Data           4  usbd_config_0.o(.rodata.fpUSBD_Device_EnableRemoteWakeup)
    fpUSBD_Device_Endpoint0_InDataSent       0x08006c60   Data           4  usbd_config_0.o(.rodata.fpUSBD_Device_Endpoint0_InDataSent)
    fpUSBD_Device_Endpoint0_OutDataReceived  0x08006c64   Data           4  usbd_config_0.o(.rodata.fpUSBD_Device_Endpoint0_OutDataReceived)
    fpUSBD_Device_Endpoint0_SetupPacketProcessed 0x08006c68   Data           4  usbd_config_0.o(.rodata.fpUSBD_Device_Endpoint0_SetupPacketProcessed)
    fpUSBD_Device_Endpoint0_SetupPacketReceived 0x08006c6c   Data           4  usbd_config_0.o(.rodata.fpUSBD_Device_Endpoint0_SetupPacketReceived)
    fpUSBD_Device_HighSpeedActivated         0x08006c70   Data           4  usbd_config_0.o(.rodata.fpUSBD_Device_HighSpeedActivated)
    fpUSBD_Device_Initialize                 0x08006c74   Data           4  usbd_config_0.o(.rodata.fpUSBD_Device_Initialize)
    fpUSBD_Device_Reset                      0x08006c78   Data           4  usbd_config_0.o(.rodata.fpUSBD_Device_Reset)
    fpUSBD_Device_Resumed                    0x08006c7c   Data           4  usbd_config_0.o(.rodata.fpUSBD_Device_Resumed)
    fpUSBD_Device_Suspended                  0x08006c80   Data           4  usbd_config_0.o(.rodata.fpUSBD_Device_Suspended)
    fpUSBD_Device_Uninitialize               0x08006c84   Data           4  usbd_config_0.o(.rodata.fpUSBD_Device_Uninitialize)
    fpUSBD_Device_VbusChanged                0x08006c88   Data           4  usbd_config_0.o(.rodata.fpUSBD_Device_VbusChanged)
    osRtxUserSVC                             0x08006c8c   Data           4  rtx_lib.o(.rodata.osRtxUserSVC)
    usbd0_config_descriptor_fs               0x08006d3c   Data          68  usbd_config_0.o(.rodata.usbd0_config_descriptor_fs)
    usbd0_config_descriptor_hs               0x08006d80   Data           1  usbd_config_0.o(.rodata.usbd0_config_descriptor_hs)
    usbd0_core_thread_attr                   0x08006d84   Data          36  usbd_config_0.o(.rodata.usbd0_core_thread_attr)
    usbd0_dev                                0x08006da8   Data          28  usbd_config_0.o(.rodata.usbd0_dev)
    usbd0_device_descriptor                  0x08006dc4   Data          18  usbd_config_0.o(.rodata.usbd0_device_descriptor)
    usbd0_device_qualifier_fs                0x08006dd6   Data           1  usbd_config_0.o(.rodata.usbd0_device_qualifier_fs)
    usbd0_device_qualifier_hs                0x08006dd7   Data           1  usbd_config_0.o(.rodata.usbd0_device_qualifier_hs)
    usbd0_ep0_descriptor                     0x08006dd8   Data           7  usbd_config_0.o(.rodata.usbd0_ep0_descriptor)
    usbd0_other_speed_config_descriptor_fs   0x08006df2   Data           1  usbd_config_0.o(.rodata.usbd0_other_speed_config_descriptor_fs)
    usbd0_other_speed_config_descriptor_hs   0x08006df3   Data           1  usbd_config_0.o(.rodata.usbd0_other_speed_config_descriptor_hs)
    usbd0_string_descriptor                  0x08006df4   Data         139  usbd_config_0.o(.rodata.usbd0_string_descriptor)
    usbd_cb_device_event_ptr                 0x08006e80   Data           4  usbd_config_0.o(.rodata.usbd_cb_device_event_ptr)
    usbd_cb_endpoint_event_ptr               0x08006e84   Data           4  usbd_config_0.o(.rodata.usbd_cb_endpoint_event_ptr)
    usbd_cdc                                 0x08006e88   Data          72  usbd_config_0.o(.rodata.usbd_cdc)
    usbd_cdc_num                             0x08006ed0   Data           1  usbd_config_0.o(.rodata.usbd_cdc_num)
    usbd_cdc_ptr                             0x08006ed4   Data           4  usbd_config_0.o(.rodata.usbd_cdc_ptr)
    usbd_dev_num                             0x08006ee0   Data           1  usbd_config_0.o(.rodata.usbd_dev_num)
    usbd_dev_ptr                             0x08006ee4   Data           4  usbd_config_0.o(.rodata.usbd_dev_ptr)
    usbd_ep_max_num                          0x08006ee8   Data           1  usbd_config_0.o(.rodata.usbd_ep_max_num)
    Region$$Table$$Base                      0x08006eec   Number         0  anon$$obj.o(Region$$Table)
    Region$$Table$$Limit                     0x08006f0c   Number         0  anon$$obj.o(Region$$Table)
    usb_lib_version                          0x08006f0c   Data           4  usb_lib_ver.o(__MW_USB_LIB_VERSION_6.15.0)
    SystemCoreClock                          0x20000028   Data           4  system_stm32f10x.o(.data.SystemCoreClock)
    osRtxInfo                                0x2000002c   Data         164  rtx_kernel.o(.data.os)
    usbd0_desc                               0x20000100   Data          48  usbd_config_0.o(.data.usbd0_desc)
    usbd_desc_ptr                            0x20000130   Data           4  usbd_config_0.o(.data.usbd_desc_ptr)
    usbd_ep_thread_id_ptr                    0x20000134   Data          12  usbd_config_0.o(.data.usbd_ep_thread_id_ptr)
    __libspace_start                         0x20000140   Data          96  libspace.o(.bss)
    __temporary_stack_top$libspace           0x200001a0   Data           0  libspace.o(.bss)
    .bss.os.msgqueue.cb$$Base                0x20000fac   Number         0  rtx_lib.o(.bss.os.msgqueue.cb)
    .bss.os.msgqueue.cb$$Limit               0x20000fe0   Number         0  rtx_lib.o(.bss.os.msgqueue.cb)
    .bss.os.semaphore.cb$$Base               0x20001030   Number         0  usbd_config_0.o(.bss.os.semaphore.cb)
    .bss.os.semaphore.cb$$Limit              0x200010a0   Number         0  usbd_config_0.o(.bss.os.semaphore.cb)
    .bss.os.thread.cb$$Base                  0x200010a0   Number         0  rtx_lib.o(.bss.os.thread.cb)
    .bss.os.thread.cb$$Limit                 0x20001304   Number         0  usbd_config_0.o(.bss.os.thread.cb)
    usbd0_alt_setting                        0x200027c9   Data           2  usbd_config_0.o(.bss.usbd0_alt_setting)
    usbd0_data                               0x200027cc   Data         176  usbd_config_0.o(.bss.usbd0_data)
    usbd0_ep0_buf                            0x20002880   Data         128  usbd_config_0.o(.bss.usbd0_ep0_buf)
    usbd_capabilities                        0x20002924   Data           4  usbd_config_0.o(.bss.usbd_capabilities)
    usbd_cdc0_notify_buf                     0x20002928   Data          10  usbd_config_0.o(.bss.usbd_cdc0_notify_buf)
    usbd_cdc0_receive_buf                    0x20002934   Data        2048  usbd_config_0.o(.bss.usbd_cdc0_receive_buf)
    usbd_cdc0_receive_mps_buf                0x20003140   Data         512  usbd_config_0.o(.bss.usbd_cdc0_receive_mps_buf)
    usbd_cdc0_send_buf                       0x20003340   Data        1024  usbd_config_0.o(.bss.usbd_cdc0_send_buf)
    usbd_cdc0_send_mps_buf                   0x20003740   Data         512  usbd_config_0.o(.bss.usbd_cdc0_send_mps_buf)
    usbd_cdc_bulk_thread_id                  0x20003940   Data           4  usbd_config_0.o(.bss.usbd_cdc_bulk_thread_id)
    usbd_cdc_data                            0x20003944   Data         132  usbd_config_0.o(.bss.usbd_cdc_data)
    usbd_cdc_int_thread_id                   0x200039c8   Data           4  usbd_config_0.o(.bss.usbd_cdc_int_thread_id)
    usbd_core_thread_id                      0x200039cc   Data           4  usbd_config_0.o(.bss.usbd_core_thread_id)
    usbd_driver_ep_semaphore_id              0x200039d0   Data          24  usbd_config_0.o(.bss.usbd_driver_ep_semaphore_id)
    usbd_driver_semaphore_id                 0x200039e8   Data           4  usbd_config_0.o(.bss.usbd_driver_semaphore_id)
    usbd_drv_version                         0x200039ec   Data           4  usbd_config_0.o(.bss.usbd_drv_version)



==============================================================================

Memory Map of the image

  Image Entry point : 0x080000ed

  Load Region LR_IROM1 (Base: 0x08000000, Size: 0x00007060, Max: 0x00010000, ABSOLUTE, COMPRESSED[0x00006f80])

    Execution Region ER_IROM1 (Exec base: 0x08000000, Load base: 0x08000000, Size: 0x00006f10, Max: 0x00010000, ABSOLUTE)

    Exec Addr    Load Addr    Size         Type   Attr      Idx    E Section Name        Object

    0x08000000   0x08000000   0x000000ec   Data   RO          322    RESET               startup_stm32f10x_md.o
    0x080000ec   0x080000ec   0x00000008   Code   RO         1497  * !!!main             c_w.l(__main.o)
    0x080000f4   0x080000f4   0x00000034   Code   RO         1661    !!!scatter          c_w.l(__scatter.o)
    0x08000128   0x08000128   0x0000003a   Code   RO         1659    !!dczerorl          c_w.l(__dczerorl.o)
    0x08000162   0x08000162   0x00000002   PAD
    0x08000164   0x08000164   0x0000001c   Code   RO         1663    !!handler_zi        c_w.l(__scatter_zi.o)
    0x08000180   0x08000180   0x00000002   Code   RO         1524    .ARM.Collect$$libinit$$00000000  c_w.l(libinit.o)
    0x08000182   0x08000182   0x00000000   Code   RO         1531    .ARM.Collect$$libinit$$00000002  c_w.l(libinit2.o)
    0x08000182   0x08000182   0x00000000   Code   RO         1533    .ARM.Collect$$libinit$$00000004  c_w.l(libinit2.o)
    0x08000182   0x08000182   0x00000000   Code   RO         1536    .ARM.Collect$$libinit$$0000000A  c_w.l(libinit2.o)
    0x08000182   0x08000182   0x00000000   Code   RO         1538    .ARM.Collect$$libinit$$0000000C  c_w.l(libinit2.o)
    0x08000182   0x08000182   0x00000000   Code   RO         1540    .ARM.Collect$$libinit$$0000000E  c_w.l(libinit2.o)
    0x08000182   0x08000182   0x00000000   Code   RO         1543    .ARM.Collect$$libinit$$00000011  c_w.l(libinit2.o)
    0x08000182   0x08000182   0x00000000   Code   RO         1545    .ARM.Collect$$libinit$$00000013  c_w.l(libinit2.o)
    0x08000182   0x08000182   0x00000000   Code   RO         1547    .ARM.Collect$$libinit$$00000015  c_w.l(libinit2.o)
    0x08000182   0x08000182   0x00000000   Code   RO         1549    .ARM.Collect$$libinit$$00000017  c_w.l(libinit2.o)
    0x08000182   0x08000182   0x00000000   Code   RO         1551    .ARM.Collect$$libinit$$00000019  c_w.l(libinit2.o)
    0x08000182   0x08000182   0x00000000   Code   RO         1553    .ARM.Collect$$libinit$$0000001B  c_w.l(libinit2.o)
    0x08000182   0x08000182   0x00000000   Code   RO         1555    .ARM.Collect$$libinit$$0000001D  c_w.l(libinit2.o)
    0x08000182   0x08000182   0x00000000   Code   RO         1557    .ARM.Collect$$libinit$$0000001F  c_w.l(libinit2.o)
    0x08000182   0x08000182   0x00000000   Code   RO         1559    .ARM.Collect$$libinit$$00000021  c_w.l(libinit2.o)
    0x08000182   0x08000182   0x00000000   Code   RO         1561    .ARM.Collect$$libinit$$00000023  c_w.l(libinit2.o)
    0x08000182   0x08000182   0x00000000   Code   RO         1563    .ARM.Collect$$libinit$$00000025  c_w.l(libinit2.o)
    0x08000182   0x08000182   0x00000000   Code   RO         1567    .ARM.Collect$$libinit$$0000002C  c_w.l(libinit2.o)
    0x08000182   0x08000182   0x00000000   Code   RO         1569    .ARM.Collect$$libinit$$0000002E  c_w.l(libinit2.o)
    0x08000182   0x08000182   0x00000000   Code   RO         1571    .ARM.Collect$$libinit$$00000030  c_w.l(libinit2.o)
    0x08000182   0x08000182   0x00000000   Code   RO         1573    .ARM.Collect$$libinit$$00000032  c_w.l(libinit2.o)
    0x08000182   0x08000182   0x00000002   Code   RO         1574    .ARM.Collect$$libinit$$00000033  c_w.l(libinit2.o)
    0x08000184   0x08000184   0x00000002   Code   RO         1596    .ARM.Collect$$libshutdown$$00000000  c_w.l(libshutdown.o)
    0x08000186   0x08000186   0x00000000   Code   RO         1611    .ARM.Collect$$libshutdown$$00000002  c_w.l(libshutdown2.o)
    0x08000186   0x08000186   0x00000000   Code   RO         1613    .ARM.Collect$$libshutdown$$00000004  c_w.l(libshutdown2.o)
    0x08000186   0x08000186   0x00000000   Code   RO         1616    .ARM.Collect$$libshutdown$$00000007  c_w.l(libshutdown2.o)
    0x08000186   0x08000186   0x00000000   Code   RO         1619    .ARM.Collect$$libshutdown$$0000000A  c_w.l(libshutdown2.o)
    0x08000186   0x08000186   0x00000000   Code   RO         1621    .ARM.Collect$$libshutdown$$0000000C  c_w.l(libshutdown2.o)
    0x08000186   0x08000186   0x00000000   Code   RO         1624    .ARM.Collect$$libshutdown$$0000000F  c_w.l(libshutdown2.o)
    0x08000186   0x08000186   0x00000002   Code   RO         1625    .ARM.Collect$$libshutdown$$00000010  c_w.l(libshutdown2.o)
    0x08000188   0x08000188   0x00000000   Code   RO         1499    .ARM.Collect$$rtentry$$00000000  c_w.l(__rtentry.o)
    0x08000188   0x08000188   0x00000000   Code   RO         1503    .ARM.Collect$$rtentry$$00000002  c_w.l(__rtentry2.o)
    0x08000188   0x08000188   0x00000006   Code   RO         1515    .ARM.Collect$$rtentry$$00000004  c_w.l(__rtentry4.o)
    0x0800018e   0x0800018e   0x00000008   Code   RO         1504    .ARM.Collect$$rtentry$$00000008  c_w.l(__rtentry2.o)
    0x08000196   0x08000196   0x00000004   Code   RO         1506    .ARM.Collect$$rtentry$$0000000A  c_w.l(__rtentry2.o)
    0x0800019a   0x0800019a   0x00000000   Code   RO         1508    .ARM.Collect$$rtentry$$0000000C  c_w.l(__rtentry2.o)
    0x0800019a   0x0800019a   0x00000008   Code   RO         1509    .ARM.Collect$$rtentry$$0000000D  c_w.l(__rtentry2.o)
    0x080001a2   0x080001a2   0x00000002   Code   RO         1528    .ARM.Collect$$rtexit$$00000000  c_w.l(rtexit.o)
    0x080001a4   0x080001a4   0x00000000   Code   RO         1576    .ARM.Collect$$rtexit$$00000002  c_w.l(rtexit2.o)
    0x080001a4   0x080001a4   0x00000004   Code   RO         1577    .ARM.Collect$$rtexit$$00000003  c_w.l(rtexit2.o)
    0x080001a8   0x080001a8   0x00000006   Code   RO         1578    .ARM.Collect$$rtexit$$00000004  c_w.l(rtexit2.o)
    0x080001ae   0x080001ae   0x00000002   PAD
    0x080001b0   0x080001b0   0x00000040   Code   RO          323    .text               startup_stm32f10x_md.o
    0x080001f0   0x080001f0   0x00000094   Code   RO          964    .text               RTX_CM3.lib(irq_armv7m.o)
    0x08000284   0x08000284   0x0000008a   Code   RO         1489    .text               c_w.l(rt_memcpy_v6.o)
    0x0800030e   0x0800030e   0x00000044   Code   RO         1491    .text               c_w.l(rt_memclr.o)
    0x08000352   0x08000352   0x0000004e   Code   RO         1493    .text               c_w.l(rt_memclr_w.o)
    0x080003a0   0x080003a0   0x00000006   Code   RO         1495    .text               c_w.l(heapauxi.o)
    0x080003a6   0x080003a6   0x00000064   Code   RO         1500    .text               c_w.l(rt_memcpy_w.o)
    0x0800040a   0x0800040a   0x0000004a   Code   RO         1517    .text               c_w.l(sys_stackheap_outer.o)
    0x08000454   0x08000454   0x00000012   Code   RO         1519    .text               c_w.l(exit.o)
    0x08000466   0x08000466   0x00000002   PAD
    0x08000468   0x08000468   0x00000008   Code   RO         1525    .text               c_w.l(libspace.o)
    0x08000470   0x08000470   0x0000000c   Code   RO         1586    .text               c_w.l(sys_exit.o)
    0x0800047c   0x0800047c   0x00000002   Code   RO         1601    .text               c_w.l(use_no_semi.o)
    0x0800047e   0x0800047e   0x00000000   Code   RO         1603    .text               c_w.l(indicate_semi.o)
    0x0800047e   0x0800047e   0x00000002   PAD
    0x08000480   0x08000480   0x00000002   Code   RO          268    .text.DMA1_Channel1_Event  dma_stm32f10x.o
    0x08000482   0x08000482   0x00000002   PAD
    0x08000484   0x08000484   0x00000016   Code   RO          282    .text.DMA1_Channel1_IRQHandler  dma_stm32f10x.o
    0x0800049a   0x0800049a   0x00000002   PAD
    0x0800049c   0x0800049c   0x00000002   Code   RO          270    .text.DMA1_Channel2_Event  dma_stm32f10x.o
    0x0800049e   0x0800049e   0x00000002   PAD
    0x080004a0   0x080004a0   0x00000018   Code   RO          284    .text.DMA1_Channel2_IRQHandler  dma_stm32f10x.o
    0x080004b8   0x080004b8   0x00000002   Code   RO          272    .text.DMA1_Channel3_Event  dma_stm32f10x.o
    0x080004ba   0x080004ba   0x00000002   PAD
    0x080004bc   0x080004bc   0x00000018   Code   RO          286    .text.DMA1_Channel3_IRQHandler  dma_stm32f10x.o
    0x080004d4   0x080004d4   0x00000002   Code   RO          274    .text.DMA1_Channel4_Event  dma_stm32f10x.o
    0x080004d6   0x080004d6   0x00000002   PAD
    0x080004d8   0x080004d8   0x00000018   Code   RO          288    .text.DMA1_Channel4_IRQHandler  dma_stm32f10x.o
    0x080004f0   0x080004f0   0x00000002   Code   RO          276    .text.DMA1_Channel5_Event  dma_stm32f10x.o
    0x080004f2   0x080004f2   0x00000002   PAD
    0x080004f4   0x080004f4   0x00000018   Code   RO          290    .text.DMA1_Channel5_IRQHandler  dma_stm32f10x.o
    0x0800050c   0x0800050c   0x00000002   Code   RO          278    .text.DMA1_Channel6_Event  dma_stm32f10x.o
    0x0800050e   0x0800050e   0x00000002   PAD
    0x08000510   0x08000510   0x00000018   Code   RO          292    .text.DMA1_Channel6_IRQHandler  dma_stm32f10x.o
    0x08000528   0x08000528   0x00000002   Code   RO          280    .text.DMA1_Channel7_Event  dma_stm32f10x.o
    0x0800052a   0x0800052a   0x00000002   PAD
    0x0800052c   0x0800052c   0x00000018   Code   RO          294    .text.DMA1_Channel7_IRQHandler  dma_stm32f10x.o
    0x08000544   0x08000544   0x00000086   Code   RO          311    .text.GPIO_AFConfigure  gpio_stm32f10x.o
    0x080005ca   0x080005ca   0x00000002   PAD
    0x080005cc   0x080005cc   0x00000048   Code   RO          307    .text.GPIO_GetPortClockState  gpio_stm32f10x.o
    0x08000614   0x08000614   0x0000007e   Code   RO          309    .text.GPIO_PinConfigure  gpio_stm32f10x.o
    0x08000692   0x08000692   0x00000002   PAD
    0x08000694   0x08000694   0x00000010   Code   RO          170    .text.GPIO_PinRead  i2c_stm32f10x.o
    0x080006a4   0x080006a4   0x00000018   Code   RO          168    .text.GPIO_PinWrite  i2c_stm32f10x.o
    0x080006bc   0x080006bc   0x00000018   Code   RO          232    .text.GPIO_PinWrite  usbd_stm32f10x.o
    0x080006d4   0x080006d4   0x0000012c   Code   RO          305    .text.GPIO_PortClock  gpio_stm32f10x.o
    0x08000800   0x08000800   0x00000008   Code   RO          140    .text.I2C1_Control  i2c_stm32f10x.o
    0x08000808   0x08000808   0x00000008   Code   RO          116    .text.I2C1_ER_IRQHandler  i2c_stm32f10x.o
    0x08000810   0x08000810   0x00000008   Code   RO          112    .text.I2C1_EV_IRQHandler  i2c_stm32f10x.o
    0x08000818   0x08000818   0x00000008   Code   RO          138    .text.I2C1_GetDataCount  i2c_stm32f10x.o
    0x08000820   0x08000820   0x00000008   Code   RO          142    .text.I2C1_GetStatus  i2c_stm32f10x.o
    0x08000828   0x08000828   0x0000000a   Code   RO          124    .text.I2C1_Initialize  i2c_stm32f10x.o
    0x08000832   0x08000832   0x00000002   PAD
    0x08000834   0x08000834   0x00000008   Code   RO          132    .text.I2C1_MasterReceive  i2c_stm32f10x.o
    0x0800083c   0x0800083c   0x00000008   Code   RO          130    .text.I2C1_MasterTransmit  i2c_stm32f10x.o
    0x08000844   0x08000844   0x00000008   Code   RO          128    .text.I2C1_PowerControl  i2c_stm32f10x.o
    0x0800084c   0x0800084c   0x00000008   Code   RO          136    .text.I2C1_SlaveReceive  i2c_stm32f10x.o
    0x08000854   0x08000854   0x00000008   Code   RO          134    .text.I2C1_SlaveTransmit  i2c_stm32f10x.o
    0x0800085c   0x0800085c   0x0000000a   Code   RO          126    .text.I2C1_Uninitialize  i2c_stm32f10x.o
    0x08000866   0x08000866   0x00000002   PAD
    0x08000868   0x08000868   0x00000004   Code   RO          122    .text.I2CX_GetCapabilities  i2c_stm32f10x.o
    0x0800086c   0x0800086c   0x0000000a   Code   RO          120    .text.I2CX_GetVersion  i2c_stm32f10x.o
    0x08000876   0x08000876   0x00000002   PAD
    0x08000878   0x08000878   0x0000022c   Code   RO          166    .text.I2C_Control   i2c_stm32f10x.o
    0x08000aa4   0x08000aa4   0x000000c8   Code   RO          118    .text.I2C_ER_IRQHandler  i2c_stm32f10x.o
    0x08000b6c   0x08000b6c   0x000003a6   Code   RO          114    .text.I2C_EV_IRQHandler  i2c_stm32f10x.o
    0x08000f12   0x08000f12   0x00000002   PAD
    0x08000f14   0x08000f14   0x00000020   Code   RO          164    .text.I2C_GetDataCount  i2c_stm32f10x.o
    0x08000f34   0x08000f34   0x0000000c   Code   RO          172    .text.I2C_GetStatus  i2c_stm32f10x.o
    0x08000f40   0x08000f40   0x00000062   Code   RO          144    .text.I2C_Initialize  i2c_stm32f10x.o
    0x08000fa2   0x08000fa2   0x00000002   PAD
    0x08000fa4   0x08000fa4   0x00000092   Code   RO          158    .text.I2C_MasterReceive  i2c_stm32f10x.o
    0x08001036   0x08001036   0x00000002   PAD
    0x08001038   0x08001038   0x00000086   Code   RO          156    .text.I2C_MasterTransmit  i2c_stm32f10x.o
    0x080010be   0x080010be   0x00000002   PAD
    0x080010c0   0x080010c0   0x00000104   Code   RO          148    .text.I2C_PowerControl  i2c_stm32f10x.o
    0x080011c4   0x080011c4   0x0000005e   Code   RO          162    .text.I2C_SlaveReceive  i2c_stm32f10x.o
    0x08001222   0x08001222   0x00000002   PAD
    0x08001224   0x08001224   0x00000052   Code   RO          160    .text.I2C_SlaveTransmit  i2c_stm32f10x.o
    0x08001276   0x08001276   0x00000002   PAD
    0x08001278   0x08001278   0x00000036   Code   RO          146    .text.I2C_Uninitialize  i2c_stm32f10x.o
    0x080012ae   0x080012ae   0x00000002   PAD
    0x080012b0   0x080012b0   0x00000024   Code   RO          184    .text.IN_EP_Status  usbd_stm32f10x.o
    0x080012d4   0x080012d4   0x00000186   Code   RO           49    .text.LCD_Init      oled.o
    0x0800145a   0x0800145a   0x00000002   PAD
    0x0800145c   0x0800145c   0x00000024   Code   RO           47    .text.LCD_UPDATE    oled.o
    0x08001480   0x08001480   0x00000040   Code   RO         1376    .text.MessageQueueGet  RTX_CM3.lib(rtx_msgqueue.o)
    0x080014c0   0x080014c0   0x00000058   Code   RO         1370    .text.MessageQueuePut  RTX_CM3.lib(rtx_msgqueue.o)
    0x08001518   0x08001518   0x0000001c   Code   RO         1368    .text.MessageQueueRemove  RTX_CM3.lib(rtx_msgqueue.o)
    0x08001534   0x08001534   0x00000008   Code   RO         1416    .text.OS_Tick_AcknowledgeIRQ  RTX_CM3.lib(os_systick.o)
    0x0800153c   0x0800153c   0x00000024   Code   RO         1412    .text.OS_Tick_Enable  RTX_CM3.lib(os_systick.o)
    0x08001560   0x08001560   0x00000006   Code   RO         1418    .text.OS_Tick_GetIRQn  RTX_CM3.lib(os_systick.o)
    0x08001566   0x08001566   0x00000002   PAD
    0x08001568   0x08001568   0x00000040   Code   RO         1410    .text.OS_Tick_Setup  RTX_CM3.lib(os_systick.o)
    0x080015a8   0x080015a8   0x0000000c   Code   RO          677    .text.OUTLINED_FUNCTION_0  RTX_CM3.lib(rtx_kernel.o)
    0x080015b4   0x080015b4   0x00000006   Code   RO          817    .text.OUTLINED_FUNCTION_0  RTX_CM3.lib(rtx_thread.o)
    0x080015ba   0x080015ba   0x0000000c   Code   RO         1384    .text.OUTLINED_FUNCTION_0  RTX_CM3.lib(rtx_msgqueue.o)
    0x080015c6   0x080015c6   0x00000006   Code   RO          679    .text.OUTLINED_FUNCTION_1  RTX_CM3.lib(rtx_kernel.o)
    0x080015cc   0x080015cc   0x00000006   Code   RO          819    .text.OUTLINED_FUNCTION_1  RTX_CM3.lib(rtx_thread.o)
    0x080015d2   0x080015d2   0x00000006   Code   RO         1386    .text.OUTLINED_FUNCTION_1  RTX_CM3.lib(rtx_msgqueue.o)
    0x080015d8   0x080015d8   0x00000014   Code   RO          821    .text.OUTLINED_FUNCTION_2  RTX_CM3.lib(rtx_thread.o)
    0x080015ec   0x080015ec   0x00000008   Code   RO          825    .text.OUTLINED_FUNCTION_4  RTX_CM3.lib(rtx_thread.o)
    0x080015f4   0x080015f4   0x00000024   Code   RO          186    .text.OUT_EP_Status  usbd_stm32f10x.o
    0x08001618   0x08001618   0x0000002e   Code   RO          951    .text.SemaphoreTokenIncrement  RTX_CM3.lib(rtx_semaphore.o)
    0x08001646   0x08001646   0x00000002   PAD
    0x08001648   0x08001648   0x00000008   Code   RO          332    .text.SetSysClock   system_stm32f10x.o
    0x08001650   0x08001650   0x000000be   Code   RO          336    .text.SetSysClockTo72  system_stm32f10x.o
    0x0800170e   0x0800170e   0x00000002   PAD
    0x08001710   0x08001710   0x0000006e   Code   RO          334    .text.SystemCoreClockUpdate  system_stm32f10x.o
    0x0800177e   0x0800177e   0x00000002   PAD
    0x08001780   0x08001780   0x00000056   Code   RO          330    .text.SystemInit    system_stm32f10x.o
    0x080017d6   0x080017d6   0x00000064   Code   RO          769    .text.ThreadFlagsCheck  RTX_CM3.lib(rtx_thread.o)
    0x0800183a   0x0800183a   0x00000002   PAD
    0x0800183c   0x0800183c   0x00000048   Code   RO          869    .text.TimerInsert   RTX_CM3.lib(rtx_timer.o)
    0x08001884   0x08001884   0x0000000c   Code   RO          376    .text.USBD0_SignalDeviceEvent  usbd_config_0.o
    0x08001890   0x08001890   0x0000000e   Code   RO          378    .text.USBD0_SignalEndpointEvent  usbd_config_0.o
    0x0800189e   0x0800189e   0x00000002   PAD
    0x080018a0   0x080018a0   0x00000002   Code   RO           34    .text.USBD_CDC0_ACM_DataReceived  usbd_user_cdc_acm_0.o
    0x080018a2   0x080018a2   0x00000002   PAD
    0x080018a4   0x080018a4   0x00000002   Code   RO           36    .text.USBD_CDC0_ACM_DataSent  usbd_user_cdc_acm_0.o
    0x080018a6   0x080018a6   0x00000002   PAD
    0x080018a8   0x080018a8   0x00000004   Code   RO           26    .text.USBD_CDC0_ACM_GetEncapsulatedResponse  usbd_user_cdc_acm_0.o
    0x080018ac   0x080018ac   0x0000001a   Code   RO           30    .text.USBD_CDC0_ACM_GetLineCoding  usbd_user_cdc_acm_0.o
    0x080018c6   0x080018c6   0x00000002   PAD
    0x080018c8   0x080018c8   0x00000002   Code   RO           18    .text.USBD_CDC0_ACM_Initialize  usbd_user_cdc_acm_0.o
    0x080018ca   0x080018ca   0x00000002   PAD
    0x080018cc   0x080018cc   0x00000002   Code   RO           22    .text.USBD_CDC0_ACM_Reset  usbd_user_cdc_acm_0.o
    0x080018ce   0x080018ce   0x00000002   PAD
    0x080018d0   0x080018d0   0x00000004   Code   RO           24    .text.USBD_CDC0_ACM_SendEncapsulatedCommand  usbd_user_cdc_acm_0.o
    0x080018d4   0x080018d4   0x00000004   Code   RO           32    .text.USBD_CDC0_ACM_SetControlLineState  usbd_user_cdc_acm_0.o
    0x080018d8   0x080018d8   0x00000018   Code   RO           28    .text.USBD_CDC0_ACM_SetLineCoding  usbd_user_cdc_acm_0.o
    0x080018f0   0x080018f0   0x00000002   Code   RO           20    .text.USBD_CDC0_ACM_Uninitialize  usbd_user_cdc_acm_0.o
    0x080018f2   0x080018f2   0x00000002   PAD
    0x080018f4   0x080018f4   0x00000004   Code   RO          456    .text.USBD_CDC0_NCM_GetCrcMode  usbd_config_0.o
    0x080018f8   0x080018f8   0x00000004   Code   RO          432    .text.USBD_CDC0_NCM_GetEthernetPowerManagementPatternFilter  usbd_config_0.o
    0x080018fc   0x080018fc   0x00000004   Code   RO          436    .text.USBD_CDC0_NCM_GetEthernetStatistic  usbd_config_0.o
    0x08001900   0x08001900   0x00000004   Code   RO          452    .text.USBD_CDC0_NCM_GetMaxDatagramSize  usbd_config_0.o
    0x08001904   0x08001904   0x00000004   Code   RO          440    .text.USBD_CDC0_NCM_GetNetAddress  usbd_config_0.o
    0x08001908   0x08001908   0x00000004   Code   RO          444    .text.USBD_CDC0_NCM_GetNtbFormat  usbd_config_0.o
    0x0800190c   0x0800190c   0x00000004   Code   RO          448    .text.USBD_CDC0_NCM_GetNtbInputSize  usbd_config_0.o
    0x08001910   0x08001910   0x00000004   Code   RO          438    .text.USBD_CDC0_NCM_GetNtbParameters  usbd_config_0.o
    0x08001914   0x08001914   0x00000002   Code   RO          418    .text.USBD_CDC0_NCM_Initialize  usbd_config_0.o
    0x08001916   0x08001916   0x00000002   PAD
    0x08001918   0x08001918   0x00000002   Code   RO          460    .text.USBD_CDC0_NCM_NTB_IN_Sent  usbd_config_0.o
    0x0800191a   0x0800191a   0x00000002   PAD
    0x0800191c   0x0800191c   0x00000002   Code   RO          462    .text.USBD_CDC0_NCM_NTB_OUT_Received  usbd_config_0.o
    0x0800191e   0x0800191e   0x00000002   PAD
    0x08001920   0x08001920   0x00000002   Code   RO          422    .text.USBD_CDC0_NCM_Reset  usbd_config_0.o
    0x08001922   0x08001922   0x00000002   PAD
    0x08001924   0x08001924   0x00000004   Code   RO          458    .text.USBD_CDC0_NCM_SetCrcMode  usbd_config_0.o
    0x08001928   0x08001928   0x00000004   Code   RO          428    .text.USBD_CDC0_NCM_SetEthernetMulticastFilters  usbd_config_0.o
    0x0800192c   0x0800192c   0x00000004   Code   RO          434    .text.USBD_CDC0_NCM_SetEthernetPacketFilter  usbd_config_0.o
    0x08001930   0x08001930   0x00000004   Code   RO          430    .text.USBD_CDC0_NCM_SetEthernetPowerManagementPatternFilter  usbd_config_0.o
    0x08001934   0x08001934   0x00000004   Code   RO          454    .text.USBD_CDC0_NCM_SetMaxDatagramSize  usbd_config_0.o
    0x08001938   0x08001938   0x00000004   Code   RO          442    .text.USBD_CDC0_NCM_SetNetAddress  usbd_config_0.o
    0x0800193c   0x0800193c   0x00000004   Code   RO          446    .text.USBD_CDC0_NCM_SetNtbFormat  usbd_config_0.o
    0x08001940   0x08001940   0x00000004   Code   RO          450    .text.USBD_CDC0_NCM_SetNtbInputSize  usbd_config_0.o
    0x08001944   0x08001944   0x00000002   Code   RO          424    .text.USBD_CDC0_NCM_Start  usbd_config_0.o
    0x08001946   0x08001946   0x00000002   PAD
    0x08001948   0x08001948   0x00000002   Code   RO          426    .text.USBD_CDC0_NCM_Stop  usbd_config_0.o
    0x0800194a   0x0800194a   0x00000002   PAD
    0x0800194c   0x0800194c   0x00000002   Code   RO          420    .text.USBD_CDC0_NCM_Uninitialize  usbd_config_0.o
    0x0800194e   0x0800194e   0x00000002   PAD
    0x08001950   0x08001950   0x00000012   Code   RO          504    .text.USBD_ClassInitialize  usbd_config_0.o
    0x08001962   0x08001962   0x00000002   PAD
    0x08001964   0x08001964   0x00000012   Code   RO          506    .text.USBD_ClassUninitialize  usbd_config_0.o
    0x08001976   0x08001976   0x00000002   PAD
    0x08001978   0x08001978   0x00000004   Code   RO          388    .text.USBD_Class_Endpoint0_InDataSent  usbd_config_0.o
    0x0800197c   0x0800197c   0x00000004   Code   RO          386    .text.USBD_Class_Endpoint0_OutDataReceived  usbd_config_0.o
    0x08001980   0x08001980   0x00000002   Code   RO          384    .text.USBD_Class_Endpoint0_SetupPacketProcessed  usbd_config_0.o
    0x08001982   0x08001982   0x00000002   PAD
    0x08001984   0x08001984   0x00000004   Code   RO          382    .text.USBD_Class_Endpoint0_SetupPacketReceived  usbd_config_0.o
    0x08001988   0x08001988   0x0000000c   Code   RO          352    .text.USBD_Delay    usbd_config_0.o
    0x08001994   0x08001994   0x00000002   Code   RO          490    .text.USBD_Device0_ConfigurationChanged  usbd_config_0.o
    0x08001996   0x08001996   0x00000002   PAD
    0x08001998   0x08001998   0x00000002   Code   RO          494    .text.USBD_Device0_DisableRemoteWakeup  usbd_config_0.o
    0x0800199a   0x0800199a   0x00000002   PAD
    0x0800199c   0x0800199c   0x00000002   Code   RO          492    .text.USBD_Device0_EnableRemoteWakeup  usbd_config_0.o
    0x0800199e   0x0800199e   0x00000002   PAD
    0x080019a0   0x080019a0   0x00000004   Code   RO          502    .text.USBD_Device0_Endpoint0_InDataSent  usbd_config_0.o
    0x080019a4   0x080019a4   0x00000004   Code   RO          500    .text.USBD_Device0_Endpoint0_OutDataReceived  usbd_config_0.o
    0x080019a8   0x080019a8   0x00000002   Code   RO          498    .text.USBD_Device0_Endpoint0_SetupPacketProcessed  usbd_config_0.o
    0x080019aa   0x080019aa   0x00000002   PAD
    0x080019ac   0x080019ac   0x00000004   Code   RO          496    .text.USBD_Device0_Endpoint0_SetupPacketReceived  usbd_config_0.o
    0x080019b0   0x080019b0   0x00000002   Code   RO          480    .text.USBD_Device0_EventReset  usbd_config_0.o
    0x080019b2   0x080019b2   0x00000002   PAD
    0x080019b4   0x080019b4   0x00000002   Code   RO          484    .text.USBD_Device0_HighSpeedActivated  usbd_config_0.o
    0x080019b6   0x080019b6   0x00000002   PAD
    0x080019b8   0x080019b8   0x00000002   Code   RO          474    .text.USBD_Device0_Initialize  usbd_config_0.o
    0x080019ba   0x080019ba   0x00000002   PAD
    0x080019bc   0x080019bc   0x00000008   Code   RO          482    .text.USBD_Device0_Reset  usbd_config_0.o
    0x080019c4   0x080019c4   0x00000002   Code   RO          488    .text.USBD_Device0_Resumed  usbd_config_0.o
    0x080019c6   0x080019c6   0x00000002   PAD
    0x080019c8   0x080019c8   0x00000002   Code   RO          486    .text.USBD_Device0_Suspended  usbd_config_0.o
    0x080019ca   0x080019ca   0x00000002   PAD
    0x080019cc   0x080019cc   0x00000002   Code   RO          476    .text.USBD_Device0_Uninitialize  usbd_config_0.o
    0x080019ce   0x080019ce   0x00000002   PAD
    0x080019d0   0x080019d0   0x00000002   Code   RO          478    .text.USBD_Device0_VbusChanged  usbd_config_0.o
    0x080019d2   0x080019d2   0x00000002   PAD
    0x080019d4   0x080019d4   0x00000038   Code   RO          206    .text.USBD_DeviceConnect  usbd_stm32f10x.o
    0x08001a0c   0x08001a0c   0x0000002c   Code   RO          208    .text.USBD_DeviceDisconnect  usbd_stm32f10x.o
    0x08001a38   0x08001a38   0x0000000c   Code   RO          210    .text.USBD_DeviceGetState  usbd_stm32f10x.o
    0x08001a44   0x08001a44   0x0000003a   Code   RO          212    .text.USBD_DeviceRemoteWakeup  usbd_stm32f10x.o
    0x08001a7e   0x08001a7e   0x00000002   PAD
    0x08001a80   0x08001a80   0x00000026   Code   RO          214    .text.USBD_DeviceSetAddress  usbd_stm32f10x.o
    0x08001aa6   0x08001aa6   0x00000002   PAD
    0x08001aa8   0x08001aa8   0x00000092   Code   RO          192    .text.USBD_EP_HW_Read  usbd_stm32f10x.o
    0x08001b3a   0x08001b3a   0x00000002   PAD
    0x08001b3c   0x08001b3c   0x000000a4   Code   RO          194    .text.USBD_EP_HW_Write  usbd_stm32f10x.o
    0x08001be0   0x08001be0   0x00000002   Code   RO          470    .text.USBD_Endpoint0_ClearFeatureStall_MSC  usbd_config_0.o
    0x08001be2   0x08001be2   0x00000002   PAD
    0x08001be4   0x08001be4   0x00000004   Code   RO          396    .text.USBD_Endpoint0_Out_ADC_ReqToEP  usbd_config_0.o
    0x08001be8   0x08001be8   0x00000004   Code   RO          392    .text.USBD_Endpoint0_Out_ADC_ReqToIF  usbd_config_0.o
    0x08001bec   0x08001bec   0x00000004   Code   RO          468    .text.USBD_Endpoint0_Out_HID_ReqToIF  usbd_config_0.o
    0x08001bf0   0x08001bf0   0x00000004   Code   RO          464    .text.USBD_Endpoint0_ReqGetDescriptor_HID  usbd_config_0.o
    0x08001bf4   0x08001bf4   0x00000004   Code   RO          380    .text.USBD_Endpoint0_ReqGetExtProp_CC  usbd_config_0.o
    0x08001bf8   0x08001bf8   0x00000004   Code   RO          394    .text.USBD_Endpoint0_Setup_ADC_ReqToEP  usbd_config_0.o
    0x08001bfc   0x08001bfc   0x00000004   Code   RO          390    .text.USBD_Endpoint0_Setup_ADC_ReqToIF  usbd_config_0.o
    0x08001c00   0x08001c00   0x00000004   Code   RO          466    .text.USBD_Endpoint0_Setup_HID_ReqToIF  usbd_config_0.o
    0x08001c04   0x08001c04   0x00000004   Code   RO          472    .text.USBD_Endpoint0_Setup_MSC_ReqToIF  usbd_config_0.o
    0x08001c08   0x08001c08   0x00000158   Code   RO          218    .text.USBD_EndpointConfigure  usbd_stm32f10x.o
    0x08001d60   0x08001d60   0x000000a2   Code   RO          222    .text.USBD_EndpointStall  usbd_stm32f10x.o
    0x08001e02   0x08001e02   0x00000002   PAD
    0x08001e04   0x08001e04   0x00000020   Code   RO          512    .text.USBD_EndpointStart  usbd_config_0.o
    0x08001e24   0x08001e24   0x00000020   Code   RO          514    .text.USBD_EndpointStop  usbd_config_0.o
    0x08001e44   0x08001e44   0x0000007a   Code   RO          224    .text.USBD_EndpointTransfer  usbd_stm32f10x.o
    0x08001ebe   0x08001ebe   0x00000002   PAD
    0x08001ec0   0x08001ec0   0x0000005a   Code   RO          228    .text.USBD_EndpointTransferAbort  usbd_stm32f10x.o
    0x08001f1a   0x08001f1a   0x00000002   PAD
    0x08001f1c   0x08001f1c   0x00000026   Code   RO          226    .text.USBD_EndpointTransferGetResult  usbd_stm32f10x.o
    0x08001f42   0x08001f42   0x00000002   PAD
    0x08001f44   0x08001f44   0x00000094   Code   RO          220    .text.USBD_EndpointUnconfigure  usbd_stm32f10x.o
    0x08001fd8   0x08001fd8   0x00000004   Code   RO          198    .text.USBD_GetCapabilities  usbd_stm32f10x.o
    0x08001fdc   0x08001fdc   0x00000022   Code   RO          230    .text.USBD_GetFrameNumber  usbd_stm32f10x.o
    0x08001ffe   0x08001ffe   0x00000002   PAD
    0x08002000   0x08002000   0x0000000a   Code   RO          196    .text.USBD_GetVersion  usbd_stm32f10x.o
    0x0800200a   0x0800200a   0x00000002   PAD
    0x0800200c   0x0800200c   0x00000056   Code   RO          200    .text.USBD_Initialize  usbd_stm32f10x.o
    0x08002062   0x08002062   0x00000002   PAD
    0x08002064   0x08002064   0x0000006a   Code   RO          354    .text.USBD_MsToTick  usbd_config_0.o
    0x080020ce   0x080020ce   0x00000002   PAD
    0x080020d0   0x080020d0   0x000000ea   Code   RO          204    .text.USBD_PowerControl  usbd_stm32f10x.o
    0x080021ba   0x080021ba   0x00000002   PAD
    0x080021bc   0x080021bc   0x0000003e   Code   RO          216    .text.USBD_ReadSetupPacket  usbd_stm32f10x.o
    0x080021fa   0x080021fa   0x00000002   PAD
    0x080021fc   0x080021fc   0x0000004e   Code   RO          190    .text.USBD_Reset    usbd_stm32f10x.o
    0x0800224a   0x0800224a   0x00000002   PAD
    0x0800224c   0x0800224c   0x00000014   Code   RO          508    .text.USBD_Reset    usbd_config_0.o
    0x08002260   0x08002260   0x0000001e   Code   RO          370    .text.USBD_SemaphoreAcquire  usbd_config_0.o
    0x0800227e   0x0800227e   0x00000002   PAD
    0x08002280   0x08002280   0x00000070   Code   RO          368    .text.USBD_SemaphoreCreate  usbd_config_0.o
    0x080022f0   0x080022f0   0x00000012   Code   RO          374    .text.USBD_SemaphoreDelete  usbd_config_0.o
    0x08002302   0x08002302   0x00000002   PAD
    0x08002304   0x08002304   0x00000012   Code   RO          372    .text.USBD_SemaphoreRelease  usbd_config_0.o
    0x08002316   0x08002316   0x00000002   PAD
    0x08002318   0x08002318   0x00000002   Code   RO          510    .text.USBD_SetConfiguration  usbd_config_0.o
    0x0800231a   0x0800231a   0x00000002   PAD
    0x0800231c   0x0800231c   0x0000010a   Code   RO          348    .text.USBD_ThreadCreate  usbd_config_0.o
    0x08002426   0x08002426   0x00000002   PAD
    0x08002428   0x08002428   0x00000010   Code   RO          364    .text.USBD_ThreadFlagsSet  usbd_config_0.o
    0x08002438   0x08002438   0x00000028   Code   RO          366    .text.USBD_ThreadFlagsWait  usbd_config_0.o
    0x08002460   0x08002460   0x00000012   Code   RO          350    .text.USBD_ThreadTerminate  usbd_config_0.o
    0x08002472   0x08002472   0x00000002   PAD
    0x08002474   0x08002474   0x0000003e   Code   RO          202    .text.USBD_Uninitialize  usbd_stm32f10x.o
    0x080024b2   0x080024b2   0x00000002   PAD
    0x080024b4   0x080024b4   0x0000018a   Code   RO          188    .text.USB_LP_CAN1_RX0_IRQHandler  usbd_stm32f10x.o
    0x0800263e   0x0800263e   0x00000002   PAD
    0x08002640   0x08002640   0x00000020   Code   RO          152    .text.__NVIC_ClearPendingIRQ  i2c_stm32f10x.o
    0x08002660   0x08002660   0x00000010   Code   RO          236    .text.__NVIC_ClearPendingIRQ  usbd_stm32f10x.o
    0x08002670   0x08002670   0x00000028   Code   RO          150    .text.__NVIC_DisableIRQ  i2c_stm32f10x.o
    0x08002698   0x08002698   0x00000018   Code   RO          234    .text.__NVIC_DisableIRQ  usbd_stm32f10x.o
    0x080026b0   0x080026b0   0x00000020   Code   RO          154    .text.__NVIC_EnableIRQ  i2c_stm32f10x.o
    0x080026d0   0x080026d0   0x00000010   Code   RO          238    .text.__NVIC_EnableIRQ  usbd_stm32f10x.o
    0x080026e0   0x080026e0   0x0000001a   Code   RO           71    .text._mutex_acquire  rtx_lib.o
    0x080026fa   0x080026fa   0x00000002   PAD
    0x080026fc   0x080026fc   0x0000000a   Code   RO           75    .text._mutex_free   rtx_lib.o
    0x08002706   0x08002706   0x00000002   PAD
    0x08002708   0x08002708   0x00000020   Code   RO           69    .text._mutex_initialize  rtx_lib.o
    0x08002728   0x08002728   0x00000016   Code   RO           73    .text._mutex_release  rtx_lib.o
    0x0800273e   0x0800273e   0x00000002   PAD
    0x08002740   0x08002740   0x00000008   Code   RO           63    .text._platform_post_stackheap_init  rtx_lib.o
    0x08002748   0x08002748   0x0000008c   Code   RO            6    .text.app           main.o
    0x080027d4   0x080027d4   0x00000024   Code   RO           51    .text.drv_write     oled.o
    0x080027f8   0x080027f8   0x00000030   Code   RO            4    .text.led           main.o
    0x08002828   0x08002828   0x0000002e   Code   RO            2    .text.main          main.o
    0x08002856   0x08002856   0x00000002   PAD
    0x08002858   0x08002858   0x00000024   Code   RO          835    .text.osDelay       RTX_CM3.lib(rtx_delay.o)
    0x0800287c   0x0800287c   0x00000030   Code   RO          629    .text.osKernelGetState  RTX_CM3.lib(rtx_kernel.o)
    0x080028ac   0x080028ac   0x00000028   Code   RO          649    .text.osKernelGetTickFreq  RTX_CM3.lib(rtx_kernel.o)
    0x080028d4   0x080028d4   0x0000002c   Code   RO          623    .text.osKernelInitialize  RTX_CM3.lib(rtx_kernel.o)
    0x08002900   0x08002900   0x00000024   Code   RO          633    .text.osKernelStart  RTX_CM3.lib(rtx_kernel.o)
    0x08002924   0x08002924   0x00000070   Code   RO         1344    .text.osMessageQueueGet  RTX_CM3.lib(rtx_msgqueue.o)
    0x08002994   0x08002994   0x00000080   Code   RO         1342    .text.osMessageQueuePut  RTX_CM3.lib(rtx_msgqueue.o)
    0x08002a14   0x08002a14   0x00000024   Code   RO          901    .text.osMutexAcquire  RTX_CM3.lib(rtx_mutex.o)
    0x08002a38   0x08002a38   0x00000024   Code   RO          907    .text.osMutexDelete  RTX_CM3.lib(rtx_mutex.o)
    0x08002a5c   0x08002a5c   0x00000024   Code   RO          897    .text.osMutexNew    RTX_CM3.lib(rtx_mutex.o)
    0x08002a80   0x08002a80   0x00000024   Code   RO          903    .text.osMutexRelease  RTX_CM3.lib(rtx_mutex.o)
    0x08002aa4   0x08002aa4   0x00000002   Code   RO          103    .text.osRtxErrorNotify  rtx_config.o
    0x08002aa6   0x08002aa6   0x00000002   PAD
    0x08002aa8   0x08002aa8   0x00000002   Code   RO          101    .text.osRtxIdleThread  rtx_config.o
    0x08002aaa   0x08002aaa   0x00000004   Code   RO          621    .text.osRtxKernelErrorNotify  RTX_CM3.lib(rtx_kernel.o)
    0x08002aae   0x08002aae   0x00000002   Code   RO          619    .text.osRtxKernelPreInit  RTX_CM3.lib(rtx_kernel.o)
    0x08002ab0   0x08002ab0   0x0000006c   Code   RO         1270    .text.osRtxMemoryAlloc  RTX_CM3.lib(rtx_memory.o)
    0x08002b1c   0x08002b1c   0x00000042   Code   RO         1272    .text.osRtxMemoryFree  RTX_CM3.lib(rtx_memory.o)
    0x08002b5e   0x08002b5e   0x00000036   Code   RO         1268    .text.osRtxMemoryInit  RTX_CM3.lib(rtx_memory.o)
    0x08002b94   0x08002b94   0x0000003a   Code   RO         1284    .text.osRtxMemoryPoolAlloc  RTX_CM3.lib(rtx_mempool.o)
    0x08002bce   0x08002bce   0x0000004a   Code   RO         1286    .text.osRtxMemoryPoolFree  RTX_CM3.lib(rtx_mempool.o)
    0x08002c18   0x08002c18   0x00000038   Code   RO         1282    .text.osRtxMemoryPoolInit  RTX_CM3.lib(rtx_mempool.o)
    0x08002c50   0x08002c50   0x000000aa   Code   RO         1366    .text.osRtxMessageQueuePostProcess  RTX_CM3.lib(rtx_msgqueue.o)
    0x08002cfa   0x08002cfa   0x00000002   PAD
    0x08002cfc   0x08002cfc   0x00000024   Code   RO         1334    .text.osRtxMessageQueueTimerSetup  RTX_CM3.lib(rtx_msgqueue.o)
    0x08002d20   0x08002d20   0x00000048   Code   RO          893    .text.osRtxMutexOwnerRelease  RTX_CM3.lib(rtx_mutex.o)
    0x08002d68   0x08002d68   0x00000048   Code   RO          895    .text.osRtxMutexOwnerRestore  RTX_CM3.lib(rtx_mutex.o)
    0x08002db0   0x08002db0   0x00000088   Code   RO         1398    .text.osRtxPendSV_Handler  RTX_CM3.lib(rtx_system.o)
    0x08002e38   0x08002e38   0x00000070   Code   RO         1400    .text.osRtxPostProcess  RTX_CM3.lib(rtx_system.o)
    0x08002ea8   0x08002ea8   0x00000036   Code   RO          945    .text.osRtxSemaphorePostProcess  RTX_CM3.lib(rtx_semaphore.o)
    0x08002ede   0x08002ede   0x00000002   PAD
    0x08002ee0   0x08002ee0   0x00000034   Code   RO          709    .text.osRtxThreadBlock  RTX_CM3.lib(rtx_thread.o)
    0x08002f14   0x08002f14   0x0000007c   Code   RO          717    .text.osRtxThreadDelayInsert  RTX_CM3.lib(rtx_thread.o)
    0x08002f90   0x08002f90   0x0000003c   Code   RO          713    .text.osRtxThreadDelayRemove  RTX_CM3.lib(rtx_thread.o)
    0x08002fcc   0x08002fcc   0x00000050   Code   RO          701    .text.osRtxThreadDelayTick  RTX_CM3.lib(rtx_thread.o)
    0x0800301c   0x0800301c   0x00000020   Code   RO          801    .text.osRtxThreadDestroy  RTX_CM3.lib(rtx_thread.o)
    0x0800303c   0x0800303c   0x00000050   Code   RO          707    .text.osRtxThreadDispatch  RTX_CM3.lib(rtx_thread.o)
    0x0800308c   0x0800308c   0x00000058   Code   RO          793    .text.osRtxThreadFree  RTX_CM3.lib(rtx_thread.o)
    0x080030e4   0x080030e4   0x0000001e   Code   RO          799    .text.osRtxThreadJoinWakeup  RTX_CM3.lib(rtx_thread.o)
    0x08003102   0x08003102   0x00000012   Code   RO          693    .text.osRtxThreadListGet  RTX_CM3.lib(rtx_thread.o)
    0x08003114   0x08003114   0x0000002c   Code   RO          691    .text.osRtxThreadListPut  RTX_CM3.lib(rtx_thread.o)
    0x08003140   0x08003140   0x00000014   Code   RO          697    .text.osRtxThreadListRemove  RTX_CM3.lib(rtx_thread.o)
    0x08003154   0x08003154   0x00000026   Code   RO          695    .text.osRtxThreadListSort  RTX_CM3.lib(rtx_thread.o)
    0x0800317a   0x0800317a   0x00000028   Code   RO          767    .text.osRtxThreadPostProcess  RTX_CM3.lib(rtx_thread.o)
    0x080031a2   0x080031a2   0x00000002   PAD
    0x080031a4   0x080031a4   0x00000010   Code   RO          699    .text.osRtxThreadReadyPut  RTX_CM3.lib(rtx_thread.o)
    0x080031b4   0x080031b4   0x00000006   Code   RO          703    .text.osRtxThreadRegPtr  RTX_CM3.lib(rtx_thread.o)
    0x080031ba   0x080031ba   0x00000002   PAD
    0x080031bc   0x080031bc   0x00000034   Code   RO          719    .text.osRtxThreadStartup  RTX_CM3.lib(rtx_thread.o)
    0x080031f0   0x080031f0   0x00000010   Code   RO          705    .text.osRtxThreadSwitch  RTX_CM3.lib(rtx_thread.o)
    0x08003200   0x08003200   0x0000003c   Code   RO          715    .text.osRtxThreadWaitEnter  RTX_CM3.lib(rtx_thread.o)
    0x0800323c   0x0800323c   0x00000022   Code   RO          711    .text.osRtxThreadWaitExit  RTX_CM3.lib(rtx_thread.o)
    0x0800325e   0x0800325e   0x00000002   PAD
    0x08003260   0x08003260   0x00000074   Code   RO         1396    .text.osRtxTick_Handler  RTX_CM3.lib(rtx_system.o)
    0x080032d4   0x080032d4   0x00000020   Code   RO          851    .text.osRtxTimerSetup  RTX_CM3.lib(rtx_timer.o)
    0x080032f4   0x080032f4   0x00000020   Code   RO          855    .text.osRtxTimerThread  RTX_CM3.lib(rtx_timer.o)
    0x08003314   0x08003314   0x00000070   Code   RO          853    .text.osRtxTimerTick  RTX_CM3.lib(rtx_timer.o)
    0x08003384   0x08003384   0x00000054   Code   RO          933    .text.osSemaphoreAcquire  RTX_CM3.lib(rtx_semaphore.o)
    0x080033d8   0x080033d8   0x00000024   Code   RO          941    .text.osSemaphoreDelete  RTX_CM3.lib(rtx_semaphore.o)
    0x080033fc   0x080033fc   0x00000024   Code   RO          929    .text.osSemaphoreNew  RTX_CM3.lib(rtx_semaphore.o)
    0x08003420   0x08003420   0x0000004c   Code   RO          935    .text.osSemaphoreRelease  RTX_CM3.lib(rtx_semaphore.o)
    0x0800346c   0x0800346c   0x0000000c   Code   RO          751    .text.osThreadExit  RTX_CM3.lib(rtx_thread.o)
    0x08003478   0x08003478   0x00000058   Code   RO          759    .text.osThreadFlagsSet  RTX_CM3.lib(rtx_thread.o)
    0x080034d0   0x080034d0   0x00000024   Code   RO          765    .text.osThreadFlagsWait  RTX_CM3.lib(rtx_thread.o)
    0x080034f4   0x080034f4   0x00000024   Code   RO          723    .text.osThreadNew   RTX_CM3.lib(rtx_thread.o)
    0x08003518   0x08003518   0x00000024   Code   RO          753    .text.osThreadTerminate  RTX_CM3.lib(rtx_thread.o)
    0x0800353c   0x0800353c   0x0000001e   Code   RO           67    .text.os_kernel_is_active  rtx_lib.o
    0x0800355a   0x0800355a   0x00000016   Code   RO          839    .text.svcRtxDelay   RTX_CM3.lib(rtx_delay.o)
    0x08003570   0x08003570   0x0000000c   Code   RO          631    .text.svcRtxKernelGetState  RTX_CM3.lib(rtx_kernel.o)
    0x0800357c   0x0800357c   0x0000000c   Code   RO          651    .text.svcRtxKernelGetTickFreq  RTX_CM3.lib(rtx_kernel.o)
    0x08003588   0x08003588   0x000000fc   Code   RO          661    .text.svcRtxKernelInitialize  RTX_CM3.lib(rtx_kernel.o)
    0x08003684   0x08003684   0x0000008c   Code   RO          663    .text.svcRtxKernelStart  RTX_CM3.lib(rtx_kernel.o)
    0x08003710   0x08003710   0x000000c8   Code   RO         1378    .text.svcRtxMessageQueueGet  RTX_CM3.lib(rtx_msgqueue.o)
    0x080037d8   0x080037d8   0x00000118   Code   RO         1336    .text.svcRtxMessageQueueNew  RTX_CM3.lib(rtx_msgqueue.o)
    0x080038f0   0x080038f0   0x000000a8   Code   RO         1374    .text.svcRtxMessageQueuePut  RTX_CM3.lib(rtx_msgqueue.o)
    0x08003998   0x08003998   0x00000090   Code   RO          913    .text.svcRtxMutexAcquire  RTX_CM3.lib(rtx_mutex.o)
    0x08003a28   0x08003a28   0x000000ac   Code   RO          919    .text.svcRtxMutexDelete  RTX_CM3.lib(rtx_mutex.o)
    0x08003ad4   0x08003ad4   0x00000068   Code   RO          909    .text.svcRtxMutexNew  RTX_CM3.lib(rtx_mutex.o)
    0x08003b3c   0x08003b3c   0x000000b4   Code   RO          915    .text.svcRtxMutexRelease  RTX_CM3.lib(rtx_mutex.o)
    0x08003bf0   0x08003bf0   0x00000054   Code   RO          949    .text.svcRtxSemaphoreAcquire  RTX_CM3.lib(rtx_semaphore.o)
    0x08003c44   0x08003c44   0x00000060   Code   RO          955    .text.svcRtxSemaphoreDelete  RTX_CM3.lib(rtx_semaphore.o)
    0x08003ca4   0x08003ca4   0x0000007c   Code   RO          943    .text.svcRtxSemaphoreNew  RTX_CM3.lib(rtx_semaphore.o)
    0x08003d20   0x08003d20   0x00000038   Code   RO          953    .text.svcRtxSemaphoreRelease  RTX_CM3.lib(rtx_semaphore.o)
    0x08003d58   0x08003d58   0x00000048   Code   RO          797    .text.svcRtxThreadExit  RTX_CM3.lib(rtx_thread.o)
    0x08003da0   0x08003da0   0x00000066   Code   RO          809    .text.svcRtxThreadFlagsSet  RTX_CM3.lib(rtx_thread.o)
    0x08003e06   0x08003e06   0x00000002   PAD
    0x08003e08   0x08003e08   0x0000004c   Code   RO          815    .text.svcRtxThreadFlagsWait  RTX_CM3.lib(rtx_thread.o)
    0x08003e54   0x08003e54   0x000001ec   Code   RO          721    .text.svcRtxThreadNew  RTX_CM3.lib(rtx_thread.o)
    0x08004040   0x08004040   0x00000088   Code   RO          803    .text.svcRtxThreadTerminate  RTX_CM3.lib(rtx_thread.o)
    0x080040c8   0x080040c8   0x00000004   Code   RO         1126    i.USBD_CDC_ACM_CoreClearCommFeature  USB_CM3_L.lib(usbd_lib_cdc.o)
    0x080040cc   0x080040cc   0x00000004   Code   RO         1127    i.USBD_CDC_ACM_CoreGetCommFeature  USB_CM3_L.lib(usbd_lib_cdc.o)
    0x080040d0   0x080040d0   0x00000030   Code   RO         1128    i.USBD_CDC_ACM_CoreGetEncapsulatedResponse  USB_CM3_L.lib(usbd_lib_cdc.o)
    0x08004100   0x08004100   0x00000054   Code   RO         1129    i.USBD_CDC_ACM_CoreGetLineCoding  USB_CM3_L.lib(usbd_lib_cdc.o)
    0x08004154   0x08004154   0x00000004   Code   RO         1130    i.USBD_CDC_ACM_CoreSendBreak  USB_CM3_L.lib(usbd_lib_cdc.o)
    0x08004158   0x08004158   0x0000003c   Code   RO         1131    i.USBD_CDC_ACM_CoreSendEncapsulatedCommand  USB_CM3_L.lib(usbd_lib_cdc.o)
    0x08004194   0x08004194   0x00000004   Code   RO         1132    i.USBD_CDC_ACM_CoreSetCommFeature  USB_CM3_L.lib(usbd_lib_cdc.o)
    0x08004198   0x08004198   0x00000034   Code   RO         1133    i.USBD_CDC_ACM_CoreSetControlLineState  USB_CM3_L.lib(usbd_lib_cdc.o)
    0x080041cc   0x080041cc   0x00000050   Code   RO         1134    i.USBD_CDC_ACM_CoreSetLineCoding  USB_CM3_L.lib(usbd_lib_cdc.o)
    0x0800421c   0x0800421c   0x00000024   Code   RO         1135    i.USBD_CDC_ACM_DataAvailable  USB_CM3_L.lib(usbd_lib_cdc.o)
    0x08004240   0x08004240   0x00000020   Code   RO         1139    i.USBD_CDC_ACM_PutChar  USB_CM3_L.lib(usbd_lib_cdc.o)
    0x08004260   0x08004260   0x00000100   Code   RO         1140    i.USBD_CDC_ACM_ReadData  USB_CM3_L.lib(usbd_lib_cdc.o)
    0x08004360   0x08004360   0x000000dc   Code   RO         1141    i.USBD_CDC_ACM_WriteData  USB_CM3_L.lib(usbd_lib_cdc.o)
    0x0800443c   0x0800443c   0x00000034   Code   RO         1142    i.USBD_CDC_Bulk_Thread  USB_CM3_L.lib(usbd_lib_cdc.o)
    0x08004470   0x08004470   0x00000048   Code   RO         1143    i.USBD_CDC_CheckInstance  USB_CM3_L.lib(usbd_lib_cdc.o)
    0x080044b8   0x080044b8   0x00000098   Code   RO         1144    i.USBD_CDC_EndpointStart  USB_CM3_L.lib(usbd_lib_cdc.o)
    0x08004550   0x08004550   0x00000050   Code   RO         1145    i.USBD_CDC_EndpointStop  USB_CM3_L.lib(usbd_lib_cdc.o)
    0x080045a0   0x080045a0   0x00000200   Code   RO         1146    i.USBD_CDC_EpBulkIn  USB_CM3_L.lib(usbd_lib_cdc.o)
    0x080047a0   0x080047a0   0x000001bc   Code   RO         1147    i.USBD_CDC_EpBulkOut  USB_CM3_L.lib(usbd_lib_cdc.o)
    0x0800495c   0x0800495c   0x00000070   Code   RO         1148    i.USBD_CDC_Initialize  USB_CM3_L.lib(usbd_lib_cdc.o)
    0x080049cc   0x080049cc   0x00000078   Code   RO         1149    i.USBD_CDC_Int_Thread  USB_CM3_L.lib(usbd_lib_cdc.o)
    0x08004a44   0x08004a44   0x00000024   Code   RO         1150    i.USBD_CDC_NCM_CoreGetCrcMode  USB_CM3_L.lib(usbd_lib_cdc.o)
    0x08004a68   0x08004a68   0x0000002c   Code   RO         1151    i.USBD_CDC_NCM_CoreGetEthernetPowerManagementPatternFilter  USB_CM3_L.lib(usbd_lib_cdc.o)
    0x08004a94   0x08004a94   0x0000002c   Code   RO         1152    i.USBD_CDC_NCM_CoreGetEthernetStatistic  USB_CM3_L.lib(usbd_lib_cdc.o)
    0x08004ac0   0x08004ac0   0x00000024   Code   RO         1153    i.USBD_CDC_NCM_CoreGetMaxDatagramSize  USB_CM3_L.lib(usbd_lib_cdc.o)
    0x08004ae4   0x08004ae4   0x00000024   Code   RO         1154    i.USBD_CDC_NCM_CoreGetNetAddress  USB_CM3_L.lib(usbd_lib_cdc.o)
    0x08004b08   0x08004b08   0x00000024   Code   RO         1155    i.USBD_CDC_NCM_CoreGetNtbFormat  USB_CM3_L.lib(usbd_lib_cdc.o)
    0x08004b2c   0x08004b2c   0x00000024   Code   RO         1156    i.USBD_CDC_NCM_CoreGetNtbInputSize  USB_CM3_L.lib(usbd_lib_cdc.o)
    0x08004b50   0x08004b50   0x00000024   Code   RO         1157    i.USBD_CDC_NCM_CoreGetNtbParameters  USB_CM3_L.lib(usbd_lib_cdc.o)
    0x08004b74   0x08004b74   0x00000038   Code   RO         1158    i.USBD_CDC_NCM_CoreSetCrcMode  USB_CM3_L.lib(usbd_lib_cdc.o)
    0x08004bac   0x08004bac   0x0000002c   Code   RO         1159    i.USBD_CDC_NCM_CoreSetEthernetMulticastFilters  USB_CM3_L.lib(usbd_lib_cdc.o)
    0x08004bd8   0x08004bd8   0x00000024   Code   RO         1160    i.USBD_CDC_NCM_CoreSetEthernetPacketFilter  USB_CM3_L.lib(usbd_lib_cdc.o)
    0x08004bfc   0x08004bfc   0x00000030   Code   RO         1161    i.USBD_CDC_NCM_CoreSetEthernetPowerManagementPatternFilter  USB_CM3_L.lib(usbd_lib_cdc.o)
    0x08004c2c   0x08004c2c   0x00000034   Code   RO         1162    i.USBD_CDC_NCM_CoreSetMaxDatagramSize  USB_CM3_L.lib(usbd_lib_cdc.o)
    0x08004c60   0x08004c60   0x00000024   Code   RO         1163    i.USBD_CDC_NCM_CoreSetNetAddress  USB_CM3_L.lib(usbd_lib_cdc.o)
    0x08004c84   0x08004c84   0x00000038   Code   RO         1164    i.USBD_CDC_NCM_CoreSetNtbFormat  USB_CM3_L.lib(usbd_lib_cdc.o)
    0x08004cbc   0x08004cbc   0x00000034   Code   RO         1165    i.USBD_CDC_NCM_CoreSetNtbInputSize  USB_CM3_L.lib(usbd_lib_cdc.o)
    0x08004cf0   0x08004cf0   0x000000d4   Code   RO         1181    i.USBD_CDC_Reset    USB_CM3_L.lib(usbd_lib_cdc.o)
    0x08004dc4   0x08004dc4   0x00000070   Code   RO         1182    i.USBD_CDC_Uninitialize  USB_CM3_L.lib(usbd_lib_cdc.o)
    0x08004e34   0x08004e34   0x00000028   Code   RO          978    i.USBD_CheckDevice  USB_CM3_L.lib(usbd_lib_core.o)
    0x08004e5c   0x08004e5c   0x00000024   Code   RO          979    i.USBD_Configured   USB_CM3_L.lib(usbd_lib_core.o)
    0x08004e80   0x08004e80   0x00000018   Code   RO          980    i.USBD_Connect      USB_CM3_L.lib(usbd_lib_core.o)
    0x08004e98   0x08004e98   0x000000d8   Code   RO          981    i.USBD_Core         USB_CM3_L.lib(usbd_lib_core.o)
    0x08004f70   0x08004f70   0x00000044   Code   RO         1452    i.USBD_Core_Endpoint0_InDataSent  USB_CM3_L.lib(usbd_lib_core_device.o)
    0x08004fb4   0x08004fb4   0x00000044   Code   RO         1453    i.USBD_Core_Endpoint0_OutDataReceived  USB_CM3_L.lib(usbd_lib_core_device.o)
    0x08004ff8   0x08004ff8   0x0000003c   Code   RO         1454    i.USBD_Core_Endpoint0_SetupPacketProcessed  USB_CM3_L.lib(usbd_lib_core_device.o)
    0x08005034   0x08005034   0x00000050   Code   RO         1455    i.USBD_Core_Endpoint0_SetupPacketReceived  USB_CM3_L.lib(usbd_lib_core_device.o)
    0x08005084   0x08005084   0x00000094   Code   RO          982    i.USBD_Core_Thread  USB_CM3_L.lib(usbd_lib_core.o)
    0x08005118   0x08005118   0x00000064   Code   RO          983    i.USBD_DataInStage  USB_CM3_L.lib(usbd_lib_core.o)
    0x0800517c   0x0800517c   0x0000002c   Code   RO          984    i.USBD_DataOutStage  USB_CM3_L.lib(usbd_lib_core.o)
    0x080051a8   0x080051a8   0x00000068   Code   RO         1057    i.USBD_DriverDeviceConnect  USB_CM3_L.lib(usbd_lib_drv.o)
    0x08005210   0x08005210   0x0000006c   Code   RO         1061    i.USBD_DriverDeviceSetAddress  USB_CM3_L.lib(usbd_lib_drv.o)
    0x0800527c   0x0800527c   0x000000d0   Code   RO         1062    i.USBD_DriverEndpointConfigure  USB_CM3_L.lib(usbd_lib_drv.o)
    0x0800534c   0x0800534c   0x000000b4   Code   RO         1063    i.USBD_DriverEndpointStall  USB_CM3_L.lib(usbd_lib_drv.o)
    0x08005400   0x08005400   0x000000e4   Code   RO         1064    i.USBD_DriverEndpointTransfer  USB_CM3_L.lib(usbd_lib_drv.o)
    0x080054e4   0x080054e4   0x000000b4   Code   RO         1065    i.USBD_DriverEndpointTransferAbort  USB_CM3_L.lib(usbd_lib_drv.o)
    0x08005598   0x08005598   0x00000078   Code   RO         1066    i.USBD_DriverEndpointTransferGetResult  USB_CM3_L.lib(usbd_lib_drv.o)
    0x08005610   0x08005610   0x000000b4   Code   RO         1067    i.USBD_DriverEndpointUnconfigure  USB_CM3_L.lib(usbd_lib_drv.o)
    0x080056c4   0x080056c4   0x00000010   Code   RO         1068    i.USBD_DriverGetCapabilities  USB_CM3_L.lib(usbd_lib_drv.o)
    0x080056d4   0x080056d4   0x00000010   Code   RO         1070    i.USBD_DriverGetVersion  USB_CM3_L.lib(usbd_lib_drv.o)
    0x080056e4   0x080056e4   0x00000070   Code   RO         1071    i.USBD_DriverInitialize  USB_CM3_L.lib(usbd_lib_drv.o)
    0x08005754   0x08005754   0x0000006c   Code   RO         1072    i.USBD_DriverPowerControl  USB_CM3_L.lib(usbd_lib_drv.o)
    0x080057c0   0x080057c0   0x0000006c   Code   RO         1073    i.USBD_DriverReadSetupPacket  USB_CM3_L.lib(usbd_lib_drv.o)
    0x0800582c   0x0800582c   0x00000380   Code   RO          986    i.USBD_Endpoint0    USB_CM3_L.lib(usbd_lib_core.o)
    0x08005bac   0x08005bac   0x00000104   Code   RO         1472    i.USBD_Endpoint0_Out_CDC_ReqToIF  USB_CM3_L.lib(usbd_lib_core_cdc.o)
    0x08005cb0   0x08005cb0   0x00000334   Code   RO         1473    i.USBD_Endpoint0_Setup_CDC_ReqToIF  USB_CM3_L.lib(usbd_lib_core_cdc.o)
    0x08005fe4   0x08005fe4   0x000001b0   Code   RO          995    i.USBD_Initialize   USB_CM3_L.lib(usbd_lib_core.o)
    0x08006194   0x08006194   0x00000194   Code   RO          996    i.USBD_ReqGetDescriptor  USB_CM3_L.lib(usbd_lib_core.o)
    0x08006328   0x08006328   0x000000b4   Code   RO          997    i.USBD_ReqGetMSDescriptor  USB_CM3_L.lib(usbd_lib_core.o)
    0x080063dc   0x080063dc   0x000000b4   Code   RO          998    i.USBD_ReqGetStatus  USB_CM3_L.lib(usbd_lib_core.o)
    0x08006490   0x08006490   0x0000010c   Code   RO          999    i.USBD_ReqSetClrFeature  USB_CM3_L.lib(usbd_lib_core.o)
    0x0800659c   0x0800659c   0x00000268   Code   RO         1000    i.USBD_ReqSetConfiguration  USB_CM3_L.lib(usbd_lib_core.o)
    0x08006804   0x08006804   0x00000198   Code   RO         1001    i.USBD_ReqSetInterface  USB_CM3_L.lib(usbd_lib_core.o)
    0x0800699c   0x0800699c   0x00000028   Code   RO         1002    i.USBD_ResetCore    USB_CM3_L.lib(usbd_lib_core.o)
    0x080069c4   0x080069c4   0x00000010   Code   RO         1075    i.USBD_SignalDeviceEvent  USB_CM3_L.lib(usbd_lib_drv.o)
    0x080069d4   0x080069d4   0x00000048   Code   RO         1076    i.USBD_SignalEndpointEvent  USB_CM3_L.lib(usbd_lib_drv.o)
    0x08006a1c   0x08006a1c   0x0000000a   Code   RO         1004    i.USBD_StatusInStage  USB_CM3_L.lib(usbd_lib_core.o)
    0x08006a26   0x08006a26   0x00000010   Code   RO         1005    i.USBD_StatusInStageDone  USB_CM3_L.lib(usbd_lib_core.o)
    0x08006a36   0x08006a36   0x0000000a   Code   RO         1006    i.USBD_StatusOutStage  USB_CM3_L.lib(usbd_lib_core.o)
    0x08006a40   0x08006a40   0x00000030   Code   RO         1007    i.USBD_StatusOutStageDone  USB_CM3_L.lib(usbd_lib_core.o)
    0x08006a70   0x08006a70   0x000000a8   Data   RO           83    .rodata             rtx_lib.o
    0x08006b18   0x08006b18   0x00000010   Data   RO          339    .rodata.AHBPrescTable  system_stm32f10x.o
    0x08006b28   0x08006b28   0x00000030   Data   RO          174    .rodata.Driver_I2C1  i2c_stm32f10x.o
    0x08006b58   0x08006b58   0x00000048   Data   RO          245    .rodata.Driver_USBD0  usbd_stm32f10x.o
    0x08006ba0   0x08006ba0   0x00000010   Data   RO          536    .rodata.cst16       usbd_config_0.o
    0x08006bb0   0x08006bb0   0x00000020   Data   RO          248    .rodata.cst32       usbd_stm32f10x.o
    0x08006bd0   0x08006bd0   0x00000004   Data   RO          553    .rodata.fpUSBD_CDC_ACM_DataReceived  usbd_config_0.o
    0x08006bd4   0x08006bd4   0x00000004   Data   RO          554    .rodata.fpUSBD_CDC_ACM_DataSent  usbd_config_0.o
    0x08006bd8   0x08006bd8   0x00000004   Data   RO          549    .rodata.fpUSBD_CDC_ACM_GetEncapsulatedResponse  usbd_config_0.o
    0x08006bdc   0x08006bdc   0x00000004   Data   RO          551    .rodata.fpUSBD_CDC_ACM_GetLineCoding  usbd_config_0.o
    0x08006be0   0x08006be0   0x00000004   Data   RO          545    .rodata.fpUSBD_CDC_ACM_Initialize  usbd_config_0.o
    0x08006be4   0x08006be4   0x00000004   Data   RO          547    .rodata.fpUSBD_CDC_ACM_Reset  usbd_config_0.o
    0x08006be8   0x08006be8   0x00000004   Data   RO          548    .rodata.fpUSBD_CDC_ACM_SendEncapsulatedCommand  usbd_config_0.o
    0x08006bec   0x08006bec   0x00000004   Data   RO          552    .rodata.fpUSBD_CDC_ACM_SetControlLineState  usbd_config_0.o
    0x08006bf0   0x08006bf0   0x00000004   Data   RO          550    .rodata.fpUSBD_CDC_ACM_SetLineCoding  usbd_config_0.o
    0x08006bf4   0x08006bf4   0x00000004   Data   RO          546    .rodata.fpUSBD_CDC_ACM_Uninitialize  usbd_config_0.o
    0x08006bf8   0x08006bf8   0x00000004   Data   RO          574    .rodata.fpUSBD_CDC_NCM_GetCrcMode  usbd_config_0.o
    0x08006bfc   0x08006bfc   0x00000004   Data   RO          562    .rodata.fpUSBD_CDC_NCM_GetEthernetPowerManagementPatternFilter  usbd_config_0.o
    0x08006c00   0x08006c00   0x00000004   Data   RO          564    .rodata.fpUSBD_CDC_NCM_GetEthernetStatistic  usbd_config_0.o
    0x08006c04   0x08006c04   0x00000004   Data   RO          572    .rodata.fpUSBD_CDC_NCM_GetMaxDatagramSize  usbd_config_0.o
    0x08006c08   0x08006c08   0x00000004   Data   RO          566    .rodata.fpUSBD_CDC_NCM_GetNetAddress  usbd_config_0.o
    0x08006c0c   0x08006c0c   0x00000004   Data   RO          568    .rodata.fpUSBD_CDC_NCM_GetNtbFormat  usbd_config_0.o
    0x08006c10   0x08006c10   0x00000004   Data   RO          570    .rodata.fpUSBD_CDC_NCM_GetNtbInputSize  usbd_config_0.o
    0x08006c14   0x08006c14   0x00000004   Data   RO          565    .rodata.fpUSBD_CDC_NCM_GetNtbParameters  usbd_config_0.o
    0x08006c18   0x08006c18   0x00000004   Data   RO          555    .rodata.fpUSBD_CDC_NCM_Initialize  usbd_config_0.o
    0x08006c1c   0x08006c1c   0x00000004   Data   RO          576    .rodata.fpUSBD_CDC_NCM_NTB_IN_Sent  usbd_config_0.o
    0x08006c20   0x08006c20   0x00000004   Data   RO          577    .rodata.fpUSBD_CDC_NCM_NTB_OUT_Received  usbd_config_0.o
    0x08006c24   0x08006c24   0x00000004   Data   RO          557    .rodata.fpUSBD_CDC_NCM_Reset  usbd_config_0.o
    0x08006c28   0x08006c28   0x00000004   Data   RO          575    .rodata.fpUSBD_CDC_NCM_SetCrcMode  usbd_config_0.o
    0x08006c2c   0x08006c2c   0x00000004   Data   RO          560    .rodata.fpUSBD_CDC_NCM_SetEthernetMulticastFilters  usbd_config_0.o
    0x08006c30   0x08006c30   0x00000004   Data   RO          563    .rodata.fpUSBD_CDC_NCM_SetEthernetPacketFilter  usbd_config_0.o
    0x08006c34   0x08006c34   0x00000004   Data   RO          561    .rodata.fpUSBD_CDC_NCM_SetEthernetPowerManagementPatternFilter  usbd_config_0.o
    0x08006c38   0x08006c38   0x00000004   Data   RO          573    .rodata.fpUSBD_CDC_NCM_SetMaxDatagramSize  usbd_config_0.o
    0x08006c3c   0x08006c3c   0x00000004   Data   RO          567    .rodata.fpUSBD_CDC_NCM_SetNetAddress  usbd_config_0.o
    0x08006c40   0x08006c40   0x00000004   Data   RO          569    .rodata.fpUSBD_CDC_NCM_SetNtbFormat  usbd_config_0.o
    0x08006c44   0x08006c44   0x00000004   Data   RO          571    .rodata.fpUSBD_CDC_NCM_SetNtbInputSize  usbd_config_0.o
    0x08006c48   0x08006c48   0x00000004   Data   RO          558    .rodata.fpUSBD_CDC_NCM_Start  usbd_config_0.o
    0x08006c4c   0x08006c4c   0x00000004   Data   RO          559    .rodata.fpUSBD_CDC_NCM_Stop  usbd_config_0.o
    0x08006c50   0x08006c50   0x00000004   Data   RO          556    .rodata.fpUSBD_CDC_NCM_Uninitialize  usbd_config_0.o
    0x08006c54   0x08006c54   0x00000004   Data   RO          585    .rodata.fpUSBD_Device_ConfigurationChanged  usbd_config_0.o
    0x08006c58   0x08006c58   0x00000004   Data   RO          587    .rodata.fpUSBD_Device_DisableRemoteWakeup  usbd_config_0.o
    0x08006c5c   0x08006c5c   0x00000004   Data   RO          586    .rodata.fpUSBD_Device_EnableRemoteWakeup  usbd_config_0.o
    0x08006c60   0x08006c60   0x00000004   Data   RO          591    .rodata.fpUSBD_Device_Endpoint0_InDataSent  usbd_config_0.o
    0x08006c64   0x08006c64   0x00000004   Data   RO          590    .rodata.fpUSBD_Device_Endpoint0_OutDataReceived  usbd_config_0.o
    0x08006c68   0x08006c68   0x00000004   Data   RO          589    .rodata.fpUSBD_Device_Endpoint0_SetupPacketProcessed  usbd_config_0.o
    0x08006c6c   0x08006c6c   0x00000004   Data   RO          588    .rodata.fpUSBD_Device_Endpoint0_SetupPacketReceived  usbd_config_0.o
    0x08006c70   0x08006c70   0x00000004   Data   RO          582    .rodata.fpUSBD_Device_HighSpeedActivated  usbd_config_0.o
    0x08006c74   0x08006c74   0x00000004   Data   RO          578    .rodata.fpUSBD_Device_Initialize  usbd_config_0.o
    0x08006c78   0x08006c78   0x00000004   Data   RO          581    .rodata.fpUSBD_Device_Reset  usbd_config_0.o
    0x08006c7c   0x08006c7c   0x00000004   Data   RO          584    .rodata.fpUSBD_Device_Resumed  usbd_config_0.o
    0x08006c80   0x08006c80   0x00000004   Data   RO          583    .rodata.fpUSBD_Device_Suspended  usbd_config_0.o
    0x08006c84   0x08006c84   0x00000004   Data   RO          579    .rodata.fpUSBD_Device_Uninitialize  usbd_config_0.o
    0x08006c88   0x08006c88   0x00000004   Data   RO          580    .rodata.fpUSBD_Device_VbusChanged  usbd_config_0.o
    0x08006c8c   0x08006c8c   0x00000004   Data   RO           85    .rodata.osRtxUserSVC  rtx_lib.o
    0x08006c90   0x08006c90   0x00000024   Data   RO           80    .rodata.os_idle_thread_attr  rtx_lib.o
    0x08006cb4   0x08006cb4   0x00000018   Data   RO           82    .rodata.os_timer_mq_attr  rtx_lib.o
    0x08006ccc   0x08006ccc   0x00000024   Data   RO           81    .rodata.os_timer_thread_attr  rtx_lib.o
    0x08006cf0   0x08006cf0   0x0000003d   Data   RO          520    .rodata.str1.1      usbd_config_0.o
    0x08006d2d   0x08006d2d   0x00000003   PAD
    0x08006d30   0x08006d30   0x0000000b   Data   RO          681    .rodata.str1.4      RTX_CM3.lib(rtx_kernel.o)
    0x08006d3b   0x08006d3b   0x00000001   PAD
    0x08006d3c   0x08006d3c   0x00000044   Data   RO          594    .rodata.usbd0_config_descriptor_fs  usbd_config_0.o
    0x08006d80   0x08006d80   0x00000001   Data   RO          597    .rodata.usbd0_config_descriptor_hs  usbd_config_0.o
    0x08006d81   0x08006d81   0x00000003   PAD
    0x08006d84   0x08006d84   0x00000024   Data   RO          523    .rodata.usbd0_core_thread_attr  usbd_config_0.o
    0x08006da8   0x08006da8   0x0000001c   Data   RO          519    .rodata.usbd0_dev   usbd_config_0.o
    0x08006dc4   0x08006dc4   0x00000012   Data   RO          593    .rodata.usbd0_device_descriptor  usbd_config_0.o
    0x08006dd6   0x08006dd6   0x00000001   Data   RO          595    .rodata.usbd0_device_qualifier_fs  usbd_config_0.o
    0x08006dd7   0x08006dd7   0x00000001   Data   RO          596    .rodata.usbd0_device_qualifier_hs  usbd_config_0.o
    0x08006dd8   0x08006dd8   0x00000007   Data   RO          592    .rodata.usbd0_ep0_descriptor  usbd_config_0.o
    0x08006ddf   0x08006ddf   0x00000001   PAD
    0x08006de0   0x08006de0   0x00000012   Data   RO          602    .rodata.usbd0_ms_os_string_descriptor  usbd_config_0.o
    0x08006df2   0x08006df2   0x00000001   Data   RO          598    .rodata.usbd0_other_speed_config_descriptor_fs  usbd_config_0.o
    0x08006df3   0x08006df3   0x00000001   Data   RO          599    .rodata.usbd0_other_speed_config_descriptor_hs  usbd_config_0.o
    0x08006df4   0x08006df4   0x0000008b   Data   RO          600    .rodata.usbd0_string_descriptor  usbd_config_0.o
    0x08006e7f   0x08006e7f   0x00000001   PAD
    0x08006e80   0x08006e80   0x00000004   Data   RO          543    .rodata.usbd_cb_device_event_ptr  usbd_config_0.o
    0x08006e84   0x08006e84   0x00000004   Data   RO          544    .rodata.usbd_cb_endpoint_event_ptr  usbd_config_0.o
    0x08006e88   0x08006e88   0x00000048   Data   RO          533    .rodata.usbd_cdc    usbd_config_0.o
    0x08006ed0   0x08006ed0   0x00000001   Data   RO          526    .rodata.usbd_cdc_num  usbd_config_0.o
    0x08006ed1   0x08006ed1   0x00000003   PAD
    0x08006ed4   0x08006ed4   0x00000004   Data   RO          534    .rodata.usbd_cdc_ptr  usbd_config_0.o
    0x08006ed8   0x08006ed8   0x00000008   Data   RO          535    .rodata.usbd_cdc_thread_name  usbd_config_0.o
    0x08006ee0   0x08006ee0   0x00000001   Data   RO          524    .rodata.usbd_dev_num  usbd_config_0.o
    0x08006ee1   0x08006ee1   0x00000003   PAD
    0x08006ee4   0x08006ee4   0x00000004   Data   RO          525    .rodata.usbd_dev_ptr  usbd_config_0.o
    0x08006ee8   0x08006ee8   0x00000001   Data   RO          538    .rodata.usbd_ep_max_num  usbd_config_0.o
    0x08006ee9   0x08006ee9   0x00000003   PAD
    0x08006eec   0x08006eec   0x00000020   Data   RO         1658    Region$$Table       anon$$obj.o
    0x08006f0c   0x08006f0c   0x00000004   Data   RO         1439    __MW_USB_LIB_VERSION_6.15.0  USB_CM3_L.lib(usb_lib_ver.o)


    Execution Region RW_IRAM1 (Exec base: 0x20000000, Load base: 0x08006f20, Size: 0x00003ff8, Max: 0x00005000, ABSOLUTE, COMPRESSED[0x00000060])

    Exec Addr    Load Addr    Size         Type   Attr      Idx    E Section Name        Object

    0x20000000   COMPRESSED   0x00000010   Data   RW         1009    .data               USB_CM3_L.lib(usbd_lib_core.o)
    0x20000010   COMPRESSED   0x00000017   Data   RW         1184    .data               USB_CM3_L.lib(usbd_lib_cdc.o)
    0x20000027   COMPRESSED   0x00000001   PAD
    0x20000028   COMPRESSED   0x00000004   Data   RW          338    .data.SystemCoreClock  system_stm32f10x.o
    0x2000002c   COMPRESSED   0x000000a4   Data   RW          682    .data.os            RTX_CM3.lib(rtx_kernel.o)
    0x200000d0   COMPRESSED   0x00000030   Data   RW           79    .data.os.thread.mpi  rtx_lib.o
    0x20000100   COMPRESSED   0x00000030   Data   RW          603    .data.usbd0_desc    usbd_config_0.o
    0x20000130   COMPRESSED   0x00000004   Data   RW          604    .data.usbd_desc_ptr  usbd_config_0.o
    0x20000134   COMPRESSED   0x0000000c   Data   RW          542    .data.usbd_ep_thread_id_ptr  usbd_config_0.o
    0x20000140        -       0x00000060   Zero   RW         1526    .bss                c_w.l(libspace.o)
    0x200001a0        -       0x0000001c   Zero   RW          175    .bss.I2C1_Info      i2c_stm32f10x.o
    0x200001bc        -       0x00000010   Zero   RW           54    .bss.Lcd_ram        oled.o
    0x200001cc        -       0x00000004   Zero   RW          240    .bss.SignalDeviceEvent  usbd_stm32f10x.o
    0x200001d0        -       0x00000004   Zero   RW          244    .bss.SignalEndpointEvent  usbd_stm32f10x.o
    0x200001d4        -       0x00000004   Zero   RW          610    .bss.USBD_MsToTick.max_ms  usbd_config_0.o
    0x200001d8        -       0x00000004   Zero   RW          609    .bss.USBD_MsToTick.tick_freq_mul  usbd_config_0.o
    0x200001dc        -       0x00000007   Zero   RW           38    .bss.cdc_acm_line_coding  usbd_user_cdc_acm_0.o
    0x200001e3   COMPRESSED   0x00000001   PAD
    0x200001e4        -       0x00000168   Zero   RW          241    .bss.ep             usbd_stm32f10x.o
    0x2000034c        -       0x00000001   Zero   RW          246    .bss.hw_initialized  usbd_stm32f10x.o
    0x2000034d        -       0x00000001   Zero   RW          247    .bss.hw_powered     usbd_stm32f10x.o
    0x2000034e   COMPRESSED   0x00000002   PAD
    0x20000350        -       0x00000001   Zero   RW           53    .bss.isInited       oled.o
    0x20000351        -       0x00000410   Zero   RW            8    .bss.lcd_data       main.o
    0x20000761   COMPRESSED   0x00000007   PAD
    0x20000768        -       0x00000840   Zero   RW           77    .bss.os             rtx_lib.o
    0x20000fa8        -       0x00000001   Zero   RW         1428    .bss.os             RTX_CM3.lib(os_systick.o)
    0x20000fa9   COMPRESSED   0x00000003   PAD
    0x20000fac        -       0x00000034   Zero   RW           90    .bss.os.msgqueue.cb  rtx_lib.o
    0x20000fe0        -       0x00000050   Zero   RW           91    .bss.os.msgqueue.mem  rtx_lib.o
    0x20001030        -       0x00000070   Zero   RW          537    .bss.os.semaphore.cb  usbd_config_0.o
    0x200010a0        -       0x00000198   Zero   RW           87    .bss.os.thread.cb   rtx_lib.o
    0x20001238        -       0x000000cc   Zero   RW          521    .bss.os.thread.cb   usbd_config_0.o
    0x20001304   COMPRESSED   0x00000004   PAD
    0x20001308        -       0x00000080   Zero   RW           88    .bss.os.thread.idle.stack  rtx_lib.o
    0x20001388        -       0x00000c30   Zero   RW           78    .bss.os.thread.stack  rtx_lib.o
    0x20001fb8        -       0x00000600   Zero   RW          522    .bss.os.thread.stack  usbd_config_0.o
    0x200025b8        -       0x00000200   Zero   RW           89    .bss.os.thread.timer.stack  rtx_lib.o
    0x200027b8        -       0x00000001   Zero   RW           92    .bss.os_kernel_is_active.os_kernel_active  rtx_lib.o
    0x200027b9   COMPRESSED   0x00000007   PAD
    0x200027c0        -       0x00000008   Zero   RW          242    .bss.setup_packet   usbd_stm32f10x.o
    0x200027c8        -       0x00000001   Zero   RW          243    .bss.setup_received  usbd_stm32f10x.o
    0x200027c9        -       0x00000002   Zero   RW          516    .bss.usbd0_alt_setting  usbd_config_0.o
    0x200027cb   COMPRESSED   0x00000001   PAD
    0x200027cc        -       0x000000b0   Zero   RW          518    .bss.usbd0_data     usbd_config_0.o
    0x2000287c   COMPRESSED   0x00000004   PAD
    0x20002880        -       0x00000080   Zero   RW          517    .bss.usbd0_ep0_buf  usbd_config_0.o
    0x20002900        -       0x00000022   Zero   RW          601    .bss.usbd0_ser_num_string_descriptor  usbd_config_0.o
    0x20002922   COMPRESSED   0x00000002   PAD
    0x20002924        -       0x00000004   Zero   RW          608    .bss.usbd_capabilities  usbd_config_0.o
    0x20002928        -       0x0000000a   Zero   RW          529    .bss.usbd_cdc0_notify_buf  usbd_config_0.o
    0x20002932   COMPRESSED   0x00000002   PAD
    0x20002934        -       0x00000800   Zero   RW          528    .bss.usbd_cdc0_receive_buf  usbd_config_0.o
    0x20003134   COMPRESSED   0x0000000c   PAD
    0x20003140        -       0x00000200   Zero   RW          531    .bss.usbd_cdc0_receive_mps_buf  usbd_config_0.o
    0x20003340        -       0x00000400   Zero   RW          527    .bss.usbd_cdc0_send_buf  usbd_config_0.o
    0x20003740        -       0x00000200   Zero   RW          530    .bss.usbd_cdc0_send_mps_buf  usbd_config_0.o
    0x20003940        -       0x00000004   Zero   RW          541    .bss.usbd_cdc_bulk_thread_id  usbd_config_0.o
    0x20003944        -       0x00000084   Zero   RW          532    .bss.usbd_cdc_data  usbd_config_0.o
    0x200039c8        -       0x00000004   Zero   RW          540    .bss.usbd_cdc_int_thread_id  usbd_config_0.o
    0x200039cc        -       0x00000004   Zero   RW          539    .bss.usbd_core_thread_id  usbd_config_0.o
    0x200039d0        -       0x00000018   Zero   RW          606    .bss.usbd_driver_ep_semaphore_id  usbd_config_0.o
    0x200039e8        -       0x00000004   Zero   RW          605    .bss.usbd_driver_semaphore_id  usbd_config_0.o
    0x200039ec        -       0x00000004   Zero   RW          607    .bss.usbd_drv_version  usbd_config_0.o
    0x200039f0        -       0x00000004   Zero   RW          249    .bss.usbd_state.0   usbd_stm32f10x.o
    0x200039f4   COMPRESSED   0x00000004   PAD
    0x200039f8        -       0x00000200   Zero   RW          321    HEAP                startup_stm32f10x_md.o
    0x20003bf8        -       0x00000400   Zero   RW          320    STACK               startup_stm32f10x_md.o


==============================================================================

Image component sizes


      Code (inc. data)   RO Data    RW Data    ZI Data      Debug   Object Name

       180          0          0          0          0       6149   dma_stm32f10x.o
       632         44          0          0          0       5426   gpio_stm32f10x.o
      2860          4         48          0         28      16108   i2c_stm32f10x.o
       234          0          0          0       1040       3800   main.o
       462          0          0          0         17       3366   oled.o
         4          0          0          0          0        709   rtx_config.o
       128          0        268         48       6413       7737   rtx_lib.o
        64         26        236          0       1536        852   startup_stm32f10x_md.o
       394          0         16          4          0       2882   system_stm32f10x.o
       956          0        683         64       6486      31016   usbd_config_0.o
      2538         28        104          0        383      14126   usbd_stm32f10x.o
        72          0          0          0          7       2300   usbd_user_cdc_acm_0.o

    ----------------------------------------------------------------------
      8682        102       1404        116      15956      94471   Object Totals
         0          0         32          0          0          0   (incl. Generated)
       158          0         17          0         46          0   (incl. Padding)

    ----------------------------------------------------------------------

      Code (inc. data)   RO Data    RW Data    ZI Data      Debug   Library Member Name

       148          8          0          0          0        591   irq_armv7m.o
       114         20          0          0          1       3196   os_systick.o
        58          4          0          0          0       2797   rtx_delay.o
       608         56         11        164          0      16781   rtx_kernel.o
       228          0          0          0          0       2590   rtx_memory.o
       188          0          0          0          0      16188   rtx_mempool.o
      1292         20          0          0          0      18765   rtx_msgqueue.o
       888         28          0          0          0      10068   rtx_mutex.o
       692         28          0          0          0      10644   rtx_semaphore.o
       364         14          0          0          0       5444   rtx_system.o
      2116         64          0          0          0      32441   rtx_thread.o
       248         16          0          0          0      10433   rtx_timer.o
         0          0          4          0          0          0   usb_lib_ver.o
      3436        326          0         23          0       3236   usbd_lib_cdc.o
      4116        246          0         16          0       1664   usbd_lib_core.o
      1080         42          0          0          0        204   usbd_lib_core_cdc.o
       276         54          0          0          0        324   usbd_lib_core_device.o
      1756        154          0          0          0       1276   usbd_lib_drv.o
        58          0          0          0          0          0   __dczerorl.o
         8          0          0          0          0         68   __main.o
         0          0          0          0          0          0   __rtentry.o
        20          0          0          0          0          0   __rtentry2.o
         6          0          0          0          0          0   __rtentry4.o
        52          8          0          0          0          0   __scatter.o
        28          0          0          0          0          0   __scatter_zi.o
        18          0          0          0          0         80   exit.o
         6          0          0          0          0        152   heapauxi.o
         0          0          0          0          0          0   indicate_semi.o
         2          0          0          0          0          0   libinit.o
         2          0          0          0          0          0   libinit2.o
         2          0          0          0          0          0   libshutdown.o
         2          0          0          0          0          0   libshutdown2.o
         8          4          0          0         96         68   libspace.o
        68          0          0          0          0         68   rt_memclr.o
        78          0          0          0          0         80   rt_memclr_w.o
       138          0          0          0          0         68   rt_memcpy_v6.o
       100          0          0          0          0         80   rt_memcpy_w.o
         2          0          0          0          0          0   rtexit.o
        10          0          0          0          0          0   rtexit2.o
        12          4          0          0          0         68   sys_exit.o
        74          0          0          0          0         80   sys_stackheap_outer.o
         2          0          0          0          0         68   use_no_semi.o

    ----------------------------------------------------------------------
     18330       1096         16        204        100     137522   Library Totals
        26          0          1          1          3          0   (incl. Padding)

    ----------------------------------------------------------------------

      Code (inc. data)   RO Data    RW Data    ZI Data      Debug   Library Name

      6944        258         11        164          1     129938   RTX_CM3.lib
     10664        822          4         39          0       6704   USB_CM3_L.lib
       696         16          0          0         96        880   c_w.l

    ----------------------------------------------------------------------
     18330       1096         16        204        100     137522   Library Totals

    ----------------------------------------------------------------------

==============================================================================


      Code (inc. data)   RO Data    RW Data    ZI Data      Debug   

     27012       1198       1420        320      16056     227149   Grand Totals
     27012       1198       1420         96      16056     227149   ELF Image Totals (compressed)
     27012       1198       1420         96          0          0   ROM Totals

==============================================================================

    Total RO  Size (Code + RO Data)                28432 (  27.77kB)
    Total RW  Size (RW Data + ZI Data)             16376 (  15.99kB)
    Total ROM Size (Code + RO Data + RW Data)      28528 (  27.86kB)

==============================================================================

